Component: ARM Compiler 5.06 update 7 (build 960) Tool: armlink [4d3601]

==============================================================================

Section Cross References

    main.o(i.BTIM2_IRQHandler) refers to cw32f003_btim.o(i.BTIM_GetITStatus) for BTIM_GetITStatus
    main.o(i.BTIM2_IRQHandler) refers to cw32f003_btim.o(i.BTIM_ClearITPendingBit) for BTIM_ClearITPendingBit
    main.o(i.BTIM2_IRQHandler) refers to uart.o(i.send_gear_p_command) for send_gear_p_command
    main.o(i.BTIM2_IRQHandler) refers to main.o(.data) for uart_counter
    main.o(i.BTIM2_IRQHandler) refers to uart.o(.data) for uart1_busy
    main.o(i.BTIM3_IRQHandler) refers to cw32f003_btim.o(i.BTIM_GetITStatus) for BTIM_GetITStatus
    main.o(i.BTIM3_IRQHandler) refers to cw32f003_btim.o(i.BTIM_ClearITPendingBit) for BTIM_ClearITPendingBit
    main.o(i.BTIM3_IRQHandler) refers to onewire.o(i.onewire_fixed_task_singleframe) for onewire_fixed_task_singleframe
    main.o(i.SysTick_Handler) refers to common.o(i.user_tasks_50us) for user_tasks_50us
    main.o(i.main) refers to system_cw32f003.o(i.SystemInit) for SystemInit
    main.o(i.main) refers to timer.o(i.systick_init) for systick_init
    main.o(i.main) refers to common.o(i.gpio_init) for gpio_init
    main.o(i.main) refers to common.o(i.adc_init) for adc_init
    main.o(i.main) refers to uart.o(i.uart1_init) for uart1_init
    main.o(i.main) refers to timer.o(i.BTIM3_Init_100us) for BTIM3_Init_100us
    main.o(i.main) refers to timer.o(i.BTIM2_Init_20ms) for BTIM2_Init_20ms
    common.o(i.acc_det_check_voltage) refers to common.o(i.adc_read_acc_det) for adc_read_acc_det
    common.o(i.acc_det_check_voltage) refers to common.o(i.adc_to_voltage_mv) for adc_to_voltage_mv
    common.o(i.acc_task) refers to common.o(i.acc_det_check_voltage) for acc_det_check_voltage
    common.o(i.acc_task) refers to cw32f003_gpio.o(i.GPIO_WritePin) for GPIO_WritePin
    common.o(i.acc_task) refers to common.o(.data) for acc_state
    common.o(i.adc_init) refers to cw32f003_gpio.o(i.GPIO_Init) for GPIO_Init
    common.o(i.adc_init) refers to cw32f003_adc.o(i.ADC_StructInit) for ADC_StructInit
    common.o(i.adc_init) refers to cw32f003_adc.o(i.ADC_Init) for ADC_Init
    common.o(i.adc_init) refers to rt_memcpy.o(.emb_text) for __aeabi_memcpy4
    common.o(i.adc_init) refers to cw32f003_adc.o(i.ADC_SingleChOneModeCfg) for ADC_SingleChOneModeCfg
    common.o(i.adc_init) refers to cw32f003_adc.o(i.ADC_Enable) for ADC_Enable
    common.o(i.adc_read_acc_det) refers to cw32f003_adc.o(i.ADC_SoftwareStartConvCmd) for ADC_SoftwareStartConvCmd
    common.o(i.adc_read_acc_det) refers to cw32f003_adc.o(i.ADC_GetITStatus) for ADC_GetITStatus
    common.o(i.adc_read_acc_det) refers to cw32f003_adc.o(i.ADC_GetConversionValue) for ADC_GetConversionValue
    common.o(i.adc_read_acc_det) refers to cw32f003_adc.o(i.ADC_ClearITPendingBit) for ADC_ClearITPendingBit
    common.o(i.adc_to_voltage_mv) refers to aeabi_sdiv.o(.text) for __aeabi_idivmod
    common.o(i.gpio_init) refers to cw32f003_gpio.o(i.GPIO_Init) for GPIO_Init
    common.o(i.gpio_init) refers to cw32f003_gpio.o(i.GPIO_WritePin) for GPIO_WritePin
    common.o(i.nfc_task) refers to cw32f003_gpio.o(i.GPIO_ReadPin) for GPIO_ReadPin
    common.o(i.nfc_task) refers to cw32f003_gpio.o(i.GPIO_WritePin) for GPIO_WritePin
    common.o(i.nfc_task) refers to common.o(.data) for high_cnt
    common.o(i.user_tasks_50us) refers to common.o(i.nfc_task) for nfc_task
    common.o(i.user_tasks_50us) refers to common.o(i.acc_task) for acc_task
    common.o(i.user_tasks_50us) refers to common.o(.data) for tick_50us_counter
    timer.o(i.BTIM2_Init_20ms) refers to cw32f003_btim.o(i.BTIM_TimeBaseStructInit) for BTIM_TimeBaseStructInit
    timer.o(i.BTIM2_Init_20ms) refers to cw32f003_btim.o(i.BTIM_TimeBaseInit) for BTIM_TimeBaseInit
    timer.o(i.BTIM2_Init_20ms) refers to cw32f003_btim.o(i.BTIM_ITConfig) for BTIM_ITConfig
    timer.o(i.BTIM2_Init_20ms) refers to timer.o(i.__NVIC_SetPriority) for __NVIC_SetPriority
    timer.o(i.BTIM2_Init_20ms) refers to timer.o(i.__NVIC_EnableIRQ) for __NVIC_EnableIRQ
    timer.o(i.BTIM2_Init_20ms) refers to cw32f003_btim.o(i.BTIM_Cmd) for BTIM_Cmd
    timer.o(i.BTIM3_Init_100us) refers to cw32f003_btim.o(i.BTIM_TimeBaseStructInit) for BTIM_TimeBaseStructInit
    timer.o(i.BTIM3_Init_100us) refers to cw32f003_btim.o(i.BTIM_TimeBaseInit) for BTIM_TimeBaseInit
    timer.o(i.BTIM3_Init_100us) refers to timer.o(i.__NVIC_SetPriority) for __NVIC_SetPriority
    timer.o(i.BTIM3_Init_100us) refers to cw32f003_btim.o(i.BTIM_ITConfig) for BTIM_ITConfig
    timer.o(i.BTIM3_Init_100us) refers to timer.o(i.__NVIC_EnableIRQ) for __NVIC_EnableIRQ
    timer.o(i.BTIM3_Init_100us) refers to cw32f003_btim.o(i.BTIM_Cmd) for BTIM_Cmd
    timer.o(i.systick_init) refers to aeabi_sdiv.o(.text) for __aeabi_uidivmod
    timer.o(i.systick_init) refers to timer.o(i.__NVIC_SetPriority) for __NVIC_SetPriority
[...]
    Removing cw32f003_rcc.o(i.RCC_GetAllStableFlag), (12 bytes).
    Removing cw32f003_rcc.o(i.RCC_GetITStatus), (24 bytes).
    Removing cw32f003_rcc.o(i.RCC_GetRstFlag), (24 bytes).
    Removing cw32f003_rcc.o(i.RCC_GetStableFlag), (24 bytes).
    Removing cw32f003_rcc.o(i.RCC_HCLKPRS_Config), (32 bytes).
    Removing cw32f003_rcc.o(i.RCC_HCLK_OUT), (64 bytes).
    Removing cw32f003_rcc.o(i.RCC_HEX_Disable), (28 bytes).
    Removing cw32f003_rcc.o(i.RCC_HEX_Enable), (176 bytes).
    Removing cw32f003_rcc.o(i.RCC_HSI_Disable), (28 bytes).
    Removing cw32f003_rcc.o(i.RCC_HSI_Enable), (84 bytes).
    Removing cw32f003_rcc.o(i.RCC_ITConfig), (48 bytes).
    Removing cw32f003_rcc.o(i.RCC_LOCKUP_Config), (32 bytes).
    Removing cw32f003_rcc.o(i.RCC_LSELOCK_Config), (28 bytes).
    Removing cw32f003_rcc.o(i.RCC_LSI_Disable), (28 bytes).
    Removing cw32f003_rcc.o(i.RCC_LSI_Enable), (92 bytes).
    Removing cw32f003_rcc.o(i.RCC_MCO_OUT), (76 bytes).
    Removing cw32f003_rcc.o(i.RCC_PCLKPRS_Config), (32 bytes).
    Removing cw32f003_rcc.o(i.RCC_PCLK_OUT), (68 bytes).
    Removing cw32f003_rcc.o(i.RCC_RSTIO_Config), (20 bytes).
    Removing cw32f003_rcc.o(i.RCC_SWDIO_Config), (32 bytes).
    Removing cw32f003_rcc.o(i.RCC_SYSCLKSRC_Config), (48 bytes).
    Removing cw32f003_rcc.o(i.RCC_SysClk_Switch), (64 bytes).
    Removing cw32f003_rcc.o(i.RCC_Sysctrl_GetHClkFreq), (120 bytes).
    Removing cw32f003_rcc.o(i.RCC_Sysctrl_GetPClkFreq), (32 bytes).
    Removing cw32f003_rcc.o(i.RCC_SystemCoreClockUpdate), (12 bytes).
    Removing cw32f003_rcc.o(i.RCC_WAKEUPCLK_Config), (32 bytes).
    Removing cw32f003_rcc.o(.constdata), (64 bytes).
    Removing cw32f003_spi.o(.rev16_text), (4 bytes).
    Removing cw32f003_spi.o(.revsh_text), (4 bytes).
    Removing cw32f003_spi.o(i.SPI_BiDirectionalLineConfig), (12 bytes).
    Removing cw32f003_spi.o(i.SPI_ClearFlag), (16 bytes).
    Removing cw32f003_spi.o(i.SPI_ClearITPendingBit), (16 bytes).
    Removing cw32f003_spi.o(i.SPI_Cmd), (28 bytes).
    Removing cw32f003_spi.o(i.SPI_DataSizeConfig), (24 bytes).
    Removing cw32f003_spi.o(i.SPI_DeInit), (36 bytes).
    Removing cw32f003_spi.o(i.SPI_FlushSendBuff), (20 bytes).
    Removing cw32f003_spi.o(i.SPI_GetFlagStatus), (24 bytes).
    Removing cw32f003_spi.o(i.SPI_GetITStatus), (24 bytes).
    Removing cw32f003_spi.o(i.SPI_ITConfig), (32 bytes).
    Removing cw32f003_spi.o(i.SPI_Init), (60 bytes).
    Removing cw32f003_spi.o(i.SPI_MISOOutputConfig), (32 bytes).
    Removing cw32f003_spi.o(i.SPI_NSSInternalSoftwareConfig), (12 bytes).
    Removing cw32f003_spi.o(i.SPI_ReceiveData), (12 bytes).
    Removing cw32f003_spi.o(i.SPI_SendData), (12 bytes).
    Removing cw32f003_spi.o(i.SPI_StructInit), (28 bytes).
    Removing cw32f003_systick.o(.rev16_text), (4 bytes).
    Removing cw32f003_systick.o(.revsh_text), (4 bytes).
    Removing cw32f003_systick.o(i.GetTick), (12 bytes).
    Removing cw32f003_systick.o(i.InitTick), (108 bytes).
    Removing cw32f003_systick.o(i.ResumeTick), (20 bytes).
    Removing cw32f003_systick.o(i.SuspendTick), (20 bytes).
    Removing cw32f003_systick.o(i.SysTickDelay), (44 bytes).
    Removing cw32f003_systick.o(i.__NVIC_SetPriority), (120 bytes).
    Removing cw32f003_systick.o(.data), (9 bytes).
    Removing cw32f003_uart.o(.rev16_text), (4 bytes).
    Removing cw32f003_uart.o(.revsh_text), (4 bytes).
    Removing cw32f003_uart.o(i.UART1_DeInit), (36 bytes).
    Removing cw32f003_uart.o(i.UART2_DeInit), (32 bytes).
    Removing cw32f003_uart.o(i.USART_ClearITPendingBit), (8 bytes).
    Removing cw32f003_uart.o(i.USART_ClockInit), (28 bytes).
    Removing cw32f003_uart.o(i.USART_ClockStructInit), (8 bytes).
    Removing cw32f003_uart.o(i.USART_GetITStatus), (18 bytes).
    Removing cw32f003_uart.o(i.USART_HalfDuplexCmd), (20 bytes).
    Removing cw32f003_uart.o(i.USART_InvPinCmd), (26 bytes).
    Removing cw32f003_uart.o(i.USART_ReceiveData), (10 bytes).
    Removing cw32f003_uart.o(i.USART_ReceiveData_8bit), (8 bytes).
    Removing cw32f003_uart.o(i.USART_SendData), (8 bytes).
    Removing cw32f003_uart.o(i.USART_SetMultiMode), (32 bytes).
    Removing cw32f003_vc.o(.rev16_text), (4 bytes).
    Removing cw32f003_vc.o(.revsh_text), (4 bytes).
    Removing cw32f003_vc.o(i.VC1VC2_BlankInit), (12 bytes).
    Removing cw32f003_vc.o(i.VC1VC2_DIVDeInit), (16 bytes).
    Removing cw32f003_vc.o(i.VC1VC2_DIVInit), (92 bytes).
    Removing cw32f003_vc.o(i.VC1VC2_INNInit), (112 bytes).
    Removing cw32f003_vc.o(i.VC1VC2_OutInit), (8 bytes).
    Removing cw32f003_vc.o(i.VC1_BlankCfg), (36 bytes).
    Removing cw32f003_vc.o(i.VC1_ChannelDeInit), (24 bytes).
    Removing cw32f003_vc.o(i.VC1_ChannelInit), (80 bytes).
    Removing cw32f003_vc.o(i.VC1_ClearIrq), (20 bytes).
    Removing cw32f003_vc.o(i.VC1_DisableChannel), (20 bytes).
    Removing cw32f003_vc.o(i.VC1_DisableFilter), (20 bytes).
    Removing cw32f003_vc.o(i.VC1_DisableIrq), (28 bytes).
    Removing cw32f003_vc.o(i.VC1_EnableChannel), (32 bytes).
    Removing cw32f003_vc.o(i.VC1_EnableFilter), (20 bytes).
    Removing cw32f003_vc.o(i.VC1_EnableIrq), (32 bytes).
    Removing cw32f003_vc.o(i.VC1_GetEnableStatus), (16 bytes).
    Removing cw32f003_vc.o(i.VC1_GetFlagStatus), (24 bytes).
    Removing cw32f003_vc.o(i.VC1_ITConfig), (32 bytes).
    Removing cw32f003_vc.o(i.VC1_OutputCfg), (28 bytes).
    Removing cw32f003_vc.o(i.VC1_PolarityCfg), (36 bytes).
    Removing cw32f003_vc.o(i.VC1_WindowEnable), (36 bytes).
    Removing cw32f003_vc.o(i.VC2_BlankCfg), (36 bytes).
    Removing cw32f003_vc.o(i.VC2_ChannelDeInit), (24 bytes).
    Removing cw32f003_vc.o(i.VC2_ChannelInit), (80 bytes).
    Removing cw32f003_vc.o(i.VC2_ClearIrq), (20 bytes).
    Removing cw32f003_vc.o(i.VC2_DisableChannel), (20 bytes).
    Removing cw32f003_vc.o(i.VC2_DisableFilter), (20 bytes).
    Removing cw32f003_vc.o(i.VC2_DisableIrq), (28 bytes).
    Removing cw32f003_vc.o(i.VC2_EnableChannel), (32 bytes).
    Removing cw32f003_vc.o(i.VC2_EnableFilter), (20 bytes).
    Removing cw32f003_vc.o(i.VC2_EnableIrq), (32 bytes).
    Removing cw32f003_vc.o(i.VC2_GetEnableStatus), (16 bytes).
    Removing cw32f003_vc.o(i.VC2_GetFlagStatus), (24 bytes).
    Removing cw32f003_vc.o(i.VC2_ITConfig), (40 bytes).
    Removing cw32f003_vc.o(i.VC2_OutputCfg), (28 bytes).
    Removing cw32f003_vc.o(i.VC2_PolarityCfg), (36 bytes).
    Removing cw32f003_vc.o(i.VC2_WindowEnable), (36 bytes).
    Removing cw32f003_vc.o(i.VC_DeInit), (40 bytes).
    Removing cw32f003_vc.o(i.VC_DisableNvic), (44 bytes).
    Removing cw32f003_vc.o(i.VC_EnableNvic), (60 bytes).
    Removing cw32f003_vc.o(i.__NVIC_ClearPendingIRQ), (24 bytes).
    Removing cw32f003_vc.o(i.__NVIC_SetPriority), (120 bytes).
    Removing cw32f003_wwdt.o(.rev16_text), (4 bytes).
    Removing cw32f003_wwdt.o(.revsh_text), (4 bytes).
    Removing cw32f003_wwdt.o(i.WWDT_ClearFlag), (20 bytes).
    Removing cw32f003_wwdt.o(i.WWDT_Cmd), (20 bytes).
    Removing cw32f003_wwdt.o(i.WWDT_DeInit), (32 bytes).
    Removing cw32f003_wwdt.o(i.WWDT_EnableIT), (24 bytes).
    Removing cw32f003_wwdt.o(i.WWDT_GetCounterValue), (16 bytes).
    Removing cw32f003_wwdt.o(i.WWDT_GetFlagStatus), (12 bytes).
    Removing cw32f003_wwdt.o(i.WWDT_GetWindowValue), (16 bytes).
    Removing cw32f003_wwdt.o(i.WWDT_Init), (76 bytes).
    Removing cw32f003_wwdt.o(i.WWDT_Refresh), (24 bytes).
    Removing cw32f003_wwdt.o(i.WWDT_SetCountValue), (24 bytes).
    Removing cw32f003_wwdt.o(i.WWDT_SetPrescaler), (24 bytes).
    Removing cw32f003_wwdt.o(i.WWDT_SetWindowValue), (24 bytes).
    Removing system_cw32f003.o(.rev16_text), (4 bytes).
    Removing system_cw32f003.o(.revsh_text), (4 bytes).
    Removing system_cw32f003.o(i.FirmwareDelay), (18 bytes).
    Removing system_cw32f003.o(i.MemClr), (32 bytes).
    Removing cw32f003_i2c.o(i.__ARM_common_switch8), (28 bytes).

456 unused section(s) (total 16940 bytes) removed from the image.

==============================================================================

Image Symbol Table

    Local Symbols

    Symbol Name                              Value     Ov Type        Size  Object(Section)

    RESET                                    0x00000000   Section      192  startup_cw32f003.o(RESET)
    ../clib/angel/boardlib.s                 0x00000000   Number         0  boardinit2.o ABSOLUTE
    ../clib/angel/boardlib.s                 0x00000000   Number         0  boardinit1.o ABSOLUTE
    ../clib/angel/boardlib.s                 0x00000000   Number         0  boardinit3.o ABSOLUTE
    ../clib/angel/boardlib.s                 0x00000000   Number         0  boardshut.o ABSOLUTE
    ../clib/angel/handlers.s                 0x00000000   Number         0  __scatter_zi.o ABSOLUTE
    ../clib/angel/handlers.s                 0x00000000   Number         0  __scatter_copy.o ABSOLUTE
    ../clib/angel/kernel.s                   0x00000000   Number         0  __rtentry.o ABSOLUTE
    ../clib/angel/kernel.s                   0x00000000   Number         0  __rtentry4.o ABSOLUTE
    ../clib/angel/kernel.s                   0x00000000   Number         0  rtexit2.o ABSOLUTE
    ../clib/angel/kernel.s                   0x00000000   Number         0  __rtentry2.o ABSOLUTE
    ../clib/angel/kernel.s                   0x00000000   Number         0  rtexit.o ABSOLUTE
    ../clib/angel/rt.s                       0x00000000   Number         0  aeabi_idiv0_sigfpe.o ABSOLUTE
    ../clib/angel/rt.s                       0x00000000   Number         0  aeabi_idiv0.o ABSOLUTE
    ../clib/angel/rt.s                       0x00000000   Number         0  rt_div0.o ABSOLUTE
    ../clib/angel/rt.s                       0x00000000   Number         0  rt_raise.o ABSOLUTE
    ../clib/angel/scatterp.s                 0x00000000   Number         0  __scatter.o ABSOLUTE
    ../clib/angel/startup.s                  0x00000000   Number         0  __main.o ABSOLUTE
    ../clib/angel/sys.s                      0x00000000   Number         0  sys_stackheap_outer.o ABSOLUTE
    ../clib/angel/sys.s                      0x00000000   Number         0  tempstk.o ABSOLUTE
    ../clib/angel/sys.s                      0x00000000   Number         0  libspace.o ABSOLUTE
    ../clib/angel/sys.s                      0x00000000   Number         0  indicate_semi.o ABSOLUTE
    ../clib/angel/sys.s                      0x00000000   Number         0  use_no_semi.o ABSOLUTE
    ../clib/angel/sysapp.c                   0x00000000   Number         0  sys_command.o ABSOLUTE
    ../clib/angel/sysapp.c                   0x00000000   Number         0  sys_exit.o ABSOLUTE
    ../clib/angel/sysapp.c                   0x00000000   Number         0  sys_wrch.o ABSOLUTE
    ../clib/armsys.c                         0x00000000   Number         0  _get_argv_nomalloc.o ABSOLUTE
    ../clib/armsys.c                         0x00000000   Number         0  argv_veneer.o ABSOLUTE
    ../clib/armsys.c                         0x00000000   Number         0  no_argv.o ABSOLUTE
    ../clib/division.s                       0x00000000   Number         0  aeabi_sdiv.o ABSOLUTE
    ../clib/division.s                       0x00000000   Number         0  aeabi_sdiv_div0.o ABSOLUTE
    ../clib/heapalloc.c                      0x00000000   Number         0  hrguard.o ABSOLUTE
    ../clib/heapaux.c                        0x00000000   Number         0  heapauxi.o ABSOLUTE
    ../clib/libinit.s                        0x00000000   Number         0  libshutdown.o ABSOLUTE
    ../clib/libinit.s                        0x00000000   Number         0  libinit2.o ABSOLUTE
    ../clib/libinit.s                        0x00000000   Number         0  libshutdown2.o ABSOLUTE
    ../clib/libinit.s                        0x00000000   Number         0  libinit.o ABSOLUTE
    ../clib/memcpset.c                       0x00000000   Number         0  rt_memclr.o ABSOLUTE
    ../clib/memcpset.c                       0x00000000   Number         0  rt_memcpy.o ABSOLUTE
    ../clib/memcpset.c                       0x00000000   Number         0  rt_memcpy.o ABSOLUTE
    ../clib/signal.c                         0x00000000   Number         0  defsig_abrt_inner.o ABSOLUTE
    ../clib/signal.c                         0x00000000   Number         0  defsig_fpe_inner.o ABSOLUTE
    ../clib/signal.c                         0x00000000   Number         0  defsig_fpe_formal.o ABSOLUTE
    ../clib/signal.c                         0x00000000   Number         0  defsig_fpe_outer.o ABSOLUTE
    ../clib/signal.c                         0x00000000   Number         0  defsig_other.o ABSOLUTE
    ../clib/signal.c                         0x00000000   Number         0  defsig_exit.o ABSOLUTE
    ../clib/signal.c                         0x00000000   Number         0  defsig_segv_inner.o ABSOLUTE
    ../clib/signal.c                         0x00000000   Number         0  defsig_cppl_inner.o ABSOLUTE
    ../clib/signal.c                         0x00000000   Number         0  __raise.o ABSOLUTE
    ../clib/signal.c                         0x00000000   Number         0  defsig_pvfn_inner.o ABSOLUTE
    ../clib/signal.c                         0x00000000   Number         0  defsig_general.o ABSOLUTE
    ../clib/signal.c                         0x00000000   Number         0  defsig_stak_inner.o ABSOLUTE
    ../clib/signal.c                         0x00000000   Number         0  defsig_rtmem_formal.o ABSOLUTE
    ../clib/signal.c                         0x00000000   Number         0  defsig_rtmem_outer.o ABSOLUTE
    ../clib/signal.c                         0x00000000   Number         0  defsig_rtmem_inner.o ABSOLUTE
    ../clib/signal.c                         0x00000000   Number         0  defsig_rtred_inner.o ABSOLUTE
    ../clib/signal.s                         0x00000000   Number         0  defsig.o ABSOLUTE
    ../clib/stdlib.c                         0x00000000   Number         0  exit.o ABSOLUTE
    ../clib/string.c                         0x00000000   Number         0  strcpy.o ABSOLUTE
    ../clib/string.c                         0x00000000   Number         0  strlen.o ABSOLUTE
    ../fplib/cfplib/cmpret.c                 0x00000000   Number         0  cmpret.o ABSOLUTE
    ../fplib/cfplib/d2f.c                    0x00000000   Number         0  d2f.o ABSOLUTE
    ../fplib/cfplib/daddsub.c                0x00000000   Number         0  daddsub.o ABSOLUTE
    ../fplib/cfplib/f2d.c                    0x00000000   Number         0  f2d.o ABSOLUTE
    ../fplib/cfplib/fcmpin.c                 0x00000000   Number         0  fcmpin.o ABSOLUTE
    ../fplib/cfplib/fdiv.c                   0x00000000   Number         0  fdiv.o ABSOLUTE
    ../fplib/cfplib/ffix.c                   0x00000000   Number         0  dfixui.o ABSOLUTE
    ../fplib/cfplib/ffix.c                   0x00000000   Number         0  ffixi.o ABSOLUTE
    ../fplib/cfplib/ffix.c                   0x00000000   Number         0  ffixui.o ABSOLUTE
    ../fplib/cfplib/fflt.c                   0x00000000   Number         0  fflti.o ABSOLUTE
    ../fplib/cfplib/fpinit.c                 0x00000000   Number         0  fpinit.o ABSOLUTE
    ../fplib/cfplib/nan2.c                   0x00000000   Number         0  fnan2.o ABSOLUTE
    ../fplib/cfplib/retnan.c                 0x00000000   Number         0  retnan.o ABSOLUTE
    ../fplib/faddsub6m.s                     0x00000000   Number         0  faddsub.o ABSOLUTE
    ../fplib/fleqf6m.s                       0x00000000   Number         0  flef.o ABSOLUTE
    ../fplib/fmul6m.s                        0x00000000   Number         0  fmul.o ABSOLUTE
    ../fplib/usenofp.s                       0x00000000   Number         0  usenofp.o ABSOLUTE
    Libraries\\src\\cw32f003_adc.c           0x00000000   Number         0  cw32f003_adc.o ABSOLUTE
    Libraries\\src\\cw32f003_atim.c          0x00000000   Number         0  cw32f003_atim.o ABSOLUTE
    Libraries\\src\\cw32f003_awt.c           0x00000000   Number         0  cw32f003_awt.o ABSOLUTE
    Libraries\\src\\cw32f003_btim.c          0x00000000   Number         0  cw32f003_btim.o ABSOLUTE
    Libraries\\src\\cw32f003_crc.c           0x00000000   Number         0  cw32f003_crc.o ABSOLUTE
    Libraries\\src\\cw32f003_debug.c         0x00000000   Number         0  cw32f003_debug.o ABSOLUTE
    Libraries\\src\\cw32f003_digitalsign.c   0x00000000   Number         0  cw32f003_digitalsign.o ABSOLUTE
    Libraries\\src\\cw32f003_flash.c         0x00000000   Number         0  cw32f003_flash.o ABSOLUTE
    Libraries\\src\\cw32f003_gpio.c          0x00000000   Number         0  cw32f003_gpio.o ABSOLUTE
    Libraries\\src\\cw32f003_gtim.c          0x00000000   Number         0  cw32f003_gtim.o ABSOLUTE
    Libraries\\src\\cw32f003_i2c.c           0x00000000   Number         0  cw32f003_i2c.o ABSOLUTE
    Libraries\\src\\cw32f003_iwdt.c          0x00000000   Number         0  cw32f003_iwdt.o ABSOLUTE
    Libraries\\src\\cw32f003_lvd.c           0x00000000   Number         0  cw32f003_lvd.o ABSOLUTE
    Libraries\\src\\cw32f003_pwr.c           0x00000000   Number         0  cw32f003_pwr.o ABSOLUTE
    Libraries\\src\\cw32f003_ram.c           0x00000000   Number         0  cw32f003_ram.o ABSOLUTE
    Libraries\\src\\cw32f003_rcc.c           0x00000000   Number         0  cw32f003_rcc.o ABSOLUTE
    Libraries\\src\\cw32f003_spi.c           0x00000000   Number         0  cw32f003_spi.o ABSOLUTE
    Libraries\\src\\cw32f003_systick.c       0x00000000   Number         0  cw32f003_systick.o ABSOLUTE
    Libraries\\src\\cw32f003_uart.c          0x00000000   Number         0  cw32f003_uart.o ABSOLUTE
    Libraries\\src\\cw32f003_vc.c            0x00000000   Number         0  cw32f003_vc.o ABSOLUTE
    Libraries\\src\\cw32f003_wwdt.c          0x00000000   Number         0  cw32f003_wwdt.o ABSOLUTE
    Libraries\\src\\system_cw32f003.c        0x00000000   Number         0  system_cw32f003.o ABSOLUTE
    Libraries\src\cw32f003_adc.c             0x00000000   Number         0  cw32f003_adc.o ABSOLUTE
    Libraries\src\cw32f003_atim.c            0x00000000   Number         0  cw32f003_atim.o ABSOLUTE
    Libraries\src\cw32f003_awt.c             0x00000000   Number         0  cw32f003_awt.o ABSOLUTE
    Libraries\src\cw32f003_btim.c            0x00000000   Number         0  cw32f003_btim.o ABSOLUTE
    Libraries\src\cw32f003_crc.c             0x00000000   Number         0  cw32f003_crc.o ABSOLUTE
    Libraries\src\cw32f003_debug.c           0x00000000   Number         0  cw32f003_debug.o ABSOLUTE
    Libraries\src\cw32f003_digitalsign.c     0x00000000   Number         0  cw32f003_digitalsign.o ABSOLUTE
    Libraries\src\cw32f003_flash.c           0x00000000   Number         0  cw32f003_flash.o ABSOLUTE
    Libraries\src\cw32f003_gpio.c            0x00000000   Number         0  cw32f003_gpio.o ABSOLUTE
    Libraries\src\cw32f003_gtim.c            0x00000000   Number         0  cw32f003_gtim.o ABSOLUTE
    Libraries\src\cw32f003_i2c.c             0x00000000   Number         0  cw32f003_i2c.o ABSOLUTE
    Libraries\src\cw32f003_iwdt.c            0x00000000   Number         0  cw32f003_iwdt.o ABSOLUTE
    Libraries\src\cw32f003_lvd.c             0x00000000   Number         0  cw32f003_lvd.o ABSOLUTE
    Libraries\src\cw32f003_pwr.c             0x00000000   Number         0  cw32f003_pwr.o ABSOLUTE
    Libraries\src\cw32f003_ram.c             0x00000000   Number         0  cw32f003_ram.o ABSOLUTE
    Libraries\src\cw32f003_rcc.c             0x00000000   Number         0  cw32f003_rcc.o ABSOLUTE
    Libraries\src\cw32f003_spi.c             0x00000000   Number         0  cw32f003_spi.o ABSOLUTE
    Libraries\src\cw32f003_systick.c         0x00000000   Number         0  cw32f003_systick.o ABSOLUTE
    Libraries\src\cw32f003_uart.c            0x00000000   Number         0  cw32f003_uart.o ABSOLUTE
    Libraries\src\cw32f003_vc.c              0x00000000   Number         0  cw32f003_vc.o ABSOLUTE
    Libraries\src\cw32f003_wwdt.c            0x00000000   Number         0  cw32f003_wwdt.o ABSOLUTE
    Libraries\src\system_cw32f003.c          0x00000000   Number         0  system_cw32f003.o ABSOLUTE
    RTT\SEGGER_RTT.c                         0x00000000   Number         0  segger_rtt.o ABSOLUTE
    RTT\SEGGER_RTT_printf.c                  0x00000000   Number         0  segger_rtt_printf.o ABSOLUTE
    core\interrupts_cw32f003.c               0x00000000   Number         0  interrupts_cw32f003.o ABSOLUTE
    core\startup_cw32f003.s                  0x00000000   Number         0  startup_cw32f003.o ABSOLUTE
    dc.s                                     0x00000000   Number         0  dc.o ABSOLUTE
    main.c                                   0x00000000   Number         0  main.o ABSOLUTE
    main.c                                   0x00000000   Number         0  main.o ABSOLUTE
    user\\common.c                           0x00000000   Number         0  common.o ABSOLUTE
    user\\debug.c                            0x00000000   Number         0  debug.o ABSOLUTE
    user\\onewire.c                          0x00000000   Number         0  onewire.o ABSOLUTE
    user\\timer.c                            0x00000000   Number         0  timer.o ABSOLUTE
    user\\uart.c                             0x00000000   Number         0  uart.o ABSOLUTE
    user\common.c                            0x00000000   Number         0  common.o ABSOLUTE
    user\debug.c                             0x00000000   Number         0  debug.o ABSOLUTE
    user\onewire.c                           0x00000000   Number         0  onewire.o ABSOLUTE
    user\timer.c                             0x00000000   Number         0  timer.o ABSOLUTE
    user\uart.c                              0x00000000   Number         0  uart.o ABSOLUTE
    !!!main                                  0x000000c0   Section        8  __main.o(!!!main)
    !!!scatter                               0x000000c8   Section       60  __scatter.o(!!!scatter)
    !!handler_copy                           0x00000104   Section       26  __scatter_copy.o(!!handler_copy)
    !!handler_zi                             0x00000120   Section       28  __scatter_zi.o(!!handler_zi)
    .ARM.Collect$$libinit$$00000000          0x0000013c   Section        2  libinit.o(.ARM.Collect$$libinit$$00000000)
    .ARM.Collect$$libinit$$00000002          0x0000013e   Section        0  libinit2.o(.ARM.Collect$$libinit$$00000002)
    .ARM.Collect$$libinit$$00000004          0x0000013e   Section        0  libinit2.o(.ARM.Collect$$libinit$$00000004)
    .ARM.Collect$$libinit$$0000000A          0x0000013e   Section        0  libinit2.o(.ARM.Collect$$libinit$$0000000A)
    .ARM.Collect$$libinit$$0000000C          0x0000013e   Section        0  libinit2.o(.ARM.Collect$$libinit$$0000000C)
    .ARM.Collect$$libinit$$0000000E          0x0000013e   Section        0  libinit2.o(.ARM.Collect$$libinit$$0000000E)
    .ARM.Collect$$libinit$$00000011          0x0000013e   Section        0  libinit2.o(.ARM.Collect$$libinit$$00000011)
    .ARM.Collect$$libinit$$00000013          0x0000013e   Section        0  libinit2.o(.ARM.Collect$$libinit$$00000013)
    .ARM.Collect$$libinit$$00000015          0x0000013e   Section        0  libinit2.o(.ARM.Collect$$libinit$$00000015)
    .ARM.Collect$$libinit$$00000017          0x0000013e   Section        0  libinit2.o(.ARM.Collect$$libinit$$00000017)
    .ARM.Collect$$libinit$$00000019          0x0000013e   Section        0  libinit2.o(.ARM.Collect$$libinit$$00000019)
    .ARM.Collect$$libinit$$0000001B          0x0000013e   Section        0  libinit2.o(.ARM.Collect$$libinit$$0000001B)
    .ARM.Collect$$libinit$$0000001D          0x0000013e   Section        0  libinit2.o(.ARM.Collect$$libinit$$0000001D)
    .ARM.Collect$$libinit$$0000001F          0x0000013e   Section        0  libinit2.o(.ARM.Collect$$libinit$$0000001F)
    .ARM.Collect$$libinit$$00000021          0x0000013e   Section        0  libinit2.o(.ARM.Collect$$libinit$$00000021)
    .ARM.Collect$$libinit$$00000023          0x0000013e   Section        0  libinit2.o(.ARM.Collect$$libinit$$00000023)
    .ARM.Collect$$libinit$$00000025          0x0000013e   Section        0  libinit2.o(.ARM.Collect$$libinit$$00000025)
    .ARM.Collect$$libinit$$0000002C          0x0000013e   Section        0  libinit2.o(.ARM.Collect$$libinit$$0000002C)
    .ARM.Collect$$libinit$$0000002E          0x0000013e   Section        0  libinit2.o(.ARM.Collect$$libinit$$0000002E)
    .ARM.Collect$$libinit$$00000030          0x0000013e   Section        0  libinit2.o(.ARM.Collect$$libinit$$00000030)
    .ARM.Collect$$libinit$$00000032          0x0000013e   Section        0  libinit2.o(.ARM.Collect$$libinit$$00000032)
    .ARM.Collect$$libinit$$00000033          0x0000013e   Section        2  libinit2.o(.ARM.Collect$$libinit$$00000033)
    .ARM.Collect$$libshutdown$$00000000      0x00000140   Section        2  libshutdown.o(.ARM.Collect$$libshutdown$$00000000)
    .ARM.Collect$$libshutdown$$00000002      0x00000142   Section        0  libshutdown2.o(.ARM.Collect$$libshutdown$$00000002)
    .ARM.Collect$$libshutdown$$00000004      0x00000142   Section        0  libshutdown2.o(.ARM.Collect$$libshutdown$$00000004)
    .ARM.Collect$$libshutdown$$00000006      0x00000142   Section        0  libshutdown2.o(.ARM.Collect$$libshutdown$$00000006)
    .ARM.Collect$$libshutdown$$00000009      0x00000142   Section        0  libshutdown2.o(.ARM.Collect$$libshutdown$$00000009)
    .ARM.Collect$$libshutdown$$0000000C      0x00000142   Section        0  libshutdown2.o(.ARM.Collect$$libshutdown$$0000000C)
    .ARM.Collect$$libshutdown$$0000000E      0x00000142   Section        0  libshutdown2.o(.ARM.Collect$$libshutdown$$0000000E)
    .ARM.Collect$$libshutdown$$00000011      0x00000142   Section        0  libshutdown2.o(.ARM.Collect$$libshutdown$$00000011)
    .ARM.Collect$$libshutdown$$00000012      0x00000142   Section        2  libshutdown2.o(.ARM.Collect$$libshutdown$$00000012)
    .ARM.Collect$$rtentry$$00000000          0x00000144   Section        0  __rtentry.o(.ARM.Collect$$rtentry$$00000000)
    .ARM.Collect$$rtentry$$00000002          0x00000144   Section        0  __rtentry2.o(.ARM.Collect$$rtentry$$00000002)
    .ARM.Collect$$rtentry$$00000004          0x00000144   Section        6  __rtentry4.o(.ARM.Collect$$rtentry$$00000004)
    .ARM.Collect$$rtentry$$00000009          0x0000014a   Section        0  __rtentry2.o(.ARM.Collect$$rtentry$$00000009)
    .ARM.Collect$$rtentry$$0000000A          0x0000014a   Section        4  __rtentry2.o(.ARM.Collect$$rtentry$$0000000A)
    .ARM.Collect$$rtentry$$0000000C          0x0000014e   Section        0  __rtentry2.o(.ARM.Collect$$rtentry$$0000000C)
    .ARM.Collect$$rtentry$$0000000D          0x0000014e   Section        8  __rtentry2.o(.ARM.Collect$$rtentry$$0000000D)
    .ARM.Collect$$rtexit$$00000000           0x00000156   Section        2  rtexit.o(.ARM.Collect$$rtexit$$00000000)
    .ARM.Collect$$rtexit$$00000002           0x00000158   Section        0  rtexit2.o(.ARM.Collect$$rtexit$$00000002)
    .ARM.Collect$$rtexit$$00000003           0x00000158   Section        4  rtexit2.o(.ARM.Collect$$rtexit$$00000003)
    .ARM.Collect$$rtexit$$00000004           0x0000015c   Section        6  rtexit2.o(.ARM.Collect$$rtexit$$00000004)
    .emb_text                                0x00000164   Section       56  rt_memcpy.o(.emb_text)
    .text                                    0x0000019c   Section       88  startup_cw32f003.o(.text)
    .text                                    0x000001f4   Section        0  strcpy.o(.text)
    .text                                    0x00000240   Section        0  rt_memcpy.o(.text)
    .text                                    0x000002c2   Section      346  aeabi_sdiv.o(.text)
    .text                                    0x0000041c   Section        0  heapauxi.o(.text)
    .text                                    0x00000424   Section        0  d2f.o(.text)
    .text                                    0x000004a0   Section        0  daddsub.o(.text)
    _dadd1                                   0x000004a1   Thumb Code   290  daddsub.o(.text)
    _dsub1                                   0x000005c3   Thumb Code   470  daddsub.o(.text)
    .text                                    0x000007f8   Section        0  dfixui.o(.text)
    .text                                    0x00000840   Section        0  f2d.o(.text)
    .text                                    0x00000894   Section        0  fdiv.o(.text)
    .text                                    0x000009f4   Section        0  ffixi.o(.text)
    .text                                    0x00000a40   Section        0  ffixui.o(.text)
    .text                                    0x00000a70   Section        0  fflti.o(.text)
    .text                                    0x00000ad0   Section        0  fcmpin.o(.text)
    .text                                    0x00000b34   Section        0  cmpret.o(.text)
    .text                                    0x00000b64   Section        0  fnan2.o(.text)
    .text                                    0x00000b74   Section       62  sys_stackheap_outer.o(.text)
    .text                                    0x00000bb2   Section        0  exit.o(.text)
    .text                                    0x00000bc2   Section        0  retnan.o(.text)
    .text                                    0x00000c20   Section        8  libspace.o(.text)
    .text                                    0x00000c28   Section        0  sys_exit.o(.text)
    .text                                    0x00000c34   Section        2  use_no_semi.o(.text)
    .text                                    0x00000c36   Section        0  indicate_semi.o(.text)
    i.ADC_BufEnSingleCh                      0x00000c38   Section        0  cw32f003_adc.o(i.ADC_BufEnSingleCh)
    i.ADC_ClearITPendingBit                  0x00000c7c   Section        0  cw32f003_adc.o(i.ADC_ClearITPendingBit)
    i.ADC_Enable                             0x00000c8c   Section        0  cw32f003_adc.o(i.ADC_Enable)
    i.ADC_GetConversionValue                 0x00000cac   Section        0  cw32f003_adc.o(i.ADC_GetConversionValue)
    i.ADC_GetITStatus                        0x00000cb8   Section        0  cw32f003_adc.o(i.ADC_GetITStatus)
    i.ADC_IRQHandler                         0x00000cd0   Section        0  interrupts_cw32f003.o(i.ADC_IRQHandler)
    i.ADC_Init                               0x00000cd4   Section        0  cw32f003_adc.o(i.ADC_Init)
    i.ADC_SingleChCommon                     0x00000d58   Section        0  cw32f003_adc.o(i.ADC_SingleChCommon)
    i.ADC_SingleChOneModeCfg                 0x00000d98   Section        0  cw32f003_adc.o(i.ADC_SingleChOneModeCfg)
    i.ADC_SoftwareStartConvCmd               0x00000db4   Section        0  cw32f003_adc.o(i.ADC_SoftwareStartConvCmd)
    i.ADC_StructInit                         0x00000dd8   Section        0  cw32f003_adc.o(i.ADC_StructInit)
    i.ADC_WdtConfig                          0x00000df0   Section        0  cw32f003_adc.o(i.ADC_WdtConfig)
    i.ATIM_IRQHandler                        0x00000e44   Section        0  interrupts_cw32f003.o(i.ATIM_IRQHandler)
    i.AWT_IRQHandler                         0x00000e46   Section        0  interrupts_cw32f003.o(i.AWT_IRQHandler)
    i.BTIM2_IRQHandler                       0x00000e48   Section        0  main.o(i.BTIM2_IRQHandler)
    i.BTIM2_Init_20ms                        0x00000e8c   Section        0  timer.o(i.BTIM2_Init_20ms)
    i.BTIM3_IRQHandler                       0x00000eec   Section        0  main.o(i.BTIM3_IRQHandler)
    i.BTIM3_Init_100us                       0x00000f0c   Section        0  timer.o(i.BTIM3_Init_100us)
    i.BTIM_ClearITPendingBit                 0x00000f68   Section        0  cw32f003_btim.o(i.BTIM_ClearITPendingBit)
    i.BTIM_Cmd                               0x00000f70   Section        0  cw32f003_btim.o(i.BTIM_Cmd)
    i.BTIM_GetITStatus                       0x00000f88   Section        0  cw32f003_btim.o(i.BTIM_GetITStatus)
    i.BTIM_ITConfig                          0x00000f9a   Section        0  cw32f003_btim.o(i.BTIM_ITConfig)
    i.BTIM_TimeBaseInit                      0x00000fb0   Section        0  cw32f003_btim.o(i.BTIM_TimeBaseInit)
    i.BTIM_TimeBaseStructInit                0x00000fd0   Section        0  cw32f003_btim.o(i.BTIM_TimeBaseStructInit)
    i.FLASHRAM_IRQHandler                    0x00000fdc   Section        0  interrupts_cw32f003.o(i.FLASHRAM_IRQHandler)
    i.GPIOA_IRQHandler                       0x00000fde   Section        0  interrupts_cw32f003.o(i.GPIOA_IRQHandler)
    i.GPIOB_IRQHandler                       0x00000fe0   Section        0  interrupts_cw32f003.o(i.GPIOB_IRQHandler)
    i.GPIOC_IRQHandler                       0x00000fe2   Section        0  interrupts_cw32f003.o(i.GPIOC_IRQHandler)
    i.GPIO_Init                              0x00000fe4   Section        0  cw32f003_gpio.o(i.GPIO_Init)
    i.GPIO_ReadPin                           0x000010c6   Section        0  cw32f003_gpio.o(i.GPIO_ReadPin)
    i.GPIO_WritePin                          0x000010d8   Section        0  cw32f003_gpio.o(i.GPIO_WritePin)
    i.GTIM_IRQHandler                        0x000010e4   Section        0  interrupts_cw32f003.o(i.GTIM_IRQHandler)
    i.HardFault_Handler                      0x000010e6   Section        0  interrupts_cw32f003.o(i.HardFault_Handler)
    i.I2C_IRQHandler                         0x000010ea   Section        0  interrupts_cw32f003.o(i.I2C_IRQHandler)
    i.LVD_IRQHandler                         0x000010ec   Section        0  interrupts_cw32f003.o(i.LVD_IRQHandler)
    i.NMI_Handler                            0x000010ee   Section        0  interrupts_cw32f003.o(i.NMI_Handler)
    i.PendSV_Handler                         0x000010f0   Section        0  interrupts_cw32f003.o(i.PendSV_Handler)
    i.SEGGER_RTT_Write                       0x000010f4   Section        0  segger_rtt.o(i.SEGGER_RTT_Write)
    i.SEGGER_RTT_WriteNoLock                 0x0000113c   Section        0  segger_rtt.o(i.SEGGER_RTT_WriteNoLock)
    i.SEGGER_RTT_printf                      0x000011c0   Section        0  segger_rtt_printf.o(i.SEGGER_RTT_printf)
    i.SEGGER_RTT_vprintf                     0x000011e4   Section        0  segger_rtt_printf.o(i.SEGGER_RTT_vprintf)
    i.SVC_Handler                            0x000014ac   Section        0  interrupts_cw32f003.o(i.SVC_Handler)
    i.SYSCTRL_IRQHandler                     0x000014ae   Section        0  interrupts_cw32f003.o(i.SYSCTRL_IRQHandler)
    i.SysTick_Handler                        0x000014b0   Section        0  main.o(i.SysTick_Handler)
    i.SystemCoreClockUpdate                  0x000014b8   Section        0  system_cw32f003.o(i.SystemCoreClockUpdate)
    i.SystemInit                             0x000014c8   Section        0  system_cw32f003.o(i.SystemInit)
    i.UART2_IRQHandler                       0x00001504   Section        0  uart.o(i.UART2_IRQHandler)
    i.USART_ClearFlag                        0x000015a0   Section        0  cw32f003_uart.o(i.USART_ClearFlag)
    i.USART_DirectionModeCmd                 0x000015a8   Section        0  cw32f003_uart.o(i.USART_DirectionModeCmd)
    i.USART_GetFlagStatus                    0x000015c2   Section        0  cw32f003_uart.o(i.USART_GetFlagStatus)
    i.USART_ITConfig                         0x000015d4   Section        0  cw32f003_uart.o(i.USART_ITConfig)
    i.USART_Init                             0x000015f0   Section        0  cw32f003_uart.o(i.USART_Init)
    i.USART_SendData_8bit                    0x00001764   Section        0  cw32f003_uart.o(i.USART_SendData_8bit)
    i.USART_StructInit                       0x00001768   Section        0  cw32f003_uart.o(i.USART_StructInit)
    i.VC1_IRQHandler                         0x00001784   Section        0  interrupts_cw32f003.o(i.VC1_IRQHandler)
    i.VC2_IRQHandler                         0x00001786   Section        0  interrupts_cw32f003.o(i.VC2_IRQHandler)
    i.WDT_IRQHandler                         0x00001788   Section        0  interrupts_cw32f003.o(i.WDT_IRQHandler)
    i.YXT_Out_High                           0x0000178c   Section        0  onewire.o(i.YXT_Out_High)
    YXT_Out_High                             0x0000178d   Thumb Code     8  onewire.o(i.YXT_Out_High)
    i.YXT_Out_Low                            0x00001798   Section        0  onewire.o(i.YXT_Out_Low)
    YXT_Out_Low                              0x00001799   Thumb Code     8  onewire.o(i.YXT_Out_Low)
    i._DoInit                                0x000017a4   Section        0  segger_rtt.o(i._DoInit)
    _DoInit                                  0x000017a5   Thumb Code    74  segger_rtt.o(i._DoInit)
    i._GetAvailWriteSpace                    0x00001814   Section        0  segger_rtt.o(i._GetAvailWriteSpace)
    _GetAvailWriteSpace                      0x00001815   Thumb Code    28  segger_rtt.o(i._GetAvailWriteSpace)
    i._PrintInt                              0x00001830   Section        0  segger_rtt_printf.o(i._PrintInt)
    _PrintInt                                0x00001831   Thumb Code   270  segger_rtt_printf.o(i._PrintInt)
    i._PrintUnsigned                         0x00001940   Section        0  segger_rtt_printf.o(i._PrintUnsigned)
    _PrintUnsigned                           0x00001941   Thumb Code   280  segger_rtt_printf.o(i._PrintUnsigned)
    i._StoreChar                             0x00001a5c   Section        0  segger_rtt_printf.o(i._StoreChar)
    _StoreChar                               0x00001a5d   Thumb Code    68  segger_rtt_printf.o(i._StoreChar)
    i._WriteBlocking                         0x00001aa0   Section        0  segger_rtt.o(i._WriteBlocking)
    _WriteBlocking                           0x00001aa1   Thumb Code   122  segger_rtt.o(i._WriteBlocking)
    i._WriteNoCheck                          0x00001b1a   Section        0  segger_rtt.o(i._WriteNoCheck)
    _WriteNoCheck                            0x00001b1b   Thumb Code    74  segger_rtt.o(i._WriteNoCheck)
    i.__NVIC_EnableIRQ                       0x00001b64   Section        0  timer.o(i.__NVIC_EnableIRQ)
    __NVIC_EnableIRQ                         0x00001b65   Thumb Code    26  timer.o(i.__NVIC_EnableIRQ)
    i.__NVIC_SetPriority                     0x00001b84   Section        0  timer.o(i.__NVIC_SetPriority)
    __NVIC_SetPriority                       0x00001b85   Thumb Code   110  timer.o(i.__NVIC_SetPriority)
    i.acc_det_check_voltage                  0x00001bfc   Section        0  common.o(i.acc_det_check_voltage)
    i.acc_task                               0x00001c1c   Section        0  common.o(i.acc_task)
    i.adc_init                               0x00001c88   Section        0  common.o(i.adc_init)
    i.adc_read_acc_det                       0x00001d08   Section        0  common.o(i.adc_read_acc_det)
    i.adc_to_voltage_mv                      0x00001d30   Section        0  common.o(i.adc_to_voltage_mv)
    i.gpio_init                              0x00001d4c   Section        0  common.o(i.gpio_init)
    i.main                                   0x00001e38   Section        0  main.o(i.main)
    i.modbus_crc16                           0x00001e58   Section        0  uart.o(i.modbus_crc16)
    i.nfc_task                               0x00001e9c   Section        0  common.o(i.nfc_task)
    i.onewire_fixed_task_singleframe         0x00001f48   Section        0  onewire.o(i.onewire_fixed_task_singleframe)
    i.send_gear_p_command                    0x00002098   Section        0  uart.o(i.send_gear_p_command)
    i.systick_init                           0x000020c8   Section        0  timer.o(i.systick_init)
    i.uart1_init                             0x0000210c   Section        0  uart.o(i.uart1_init)
    i.uart1_send485_irq                      0x00002280   Section        0  uart.o(i.uart1_send485_irq)
    i.user_tasks_50us                        0x00002334   Section        0  common.o(i.user_tasks_50us)
    x$fpl$fadd                               0x00002364   Section      140  faddsub.o(x$fpl$fadd)
    _fadd1                                   0x00002371   Thumb Code     0  faddsub.o(x$fpl$fadd)
    x$fpl$fleqf                              0x000023f0   Section       84  flef.o(x$fpl$fleqf)
    x$fpl$fmul                               0x00002444   Section      176  fmul.o(x$fpl$fmul)
    x$fpl$frsb                               0x000024f4   Section       24  faddsub.o(x$fpl$frsb)
    x$fpl$fsub                               0x0000250c   Section      208  faddsub.o(x$fpl$fsub)
    _fsub1                                   0x00002519   Thumb Code     0  faddsub.o(x$fpl$fsub)
    .constdata                               0x000025dc   Section       22  onewire.o(.constdata)
    x$fpl$usenofp                            0x000025dc   Section        0  usenofp.o(x$fpl$usenofp)
    fixed_frame                              0x000025e6   Data          12  onewire.o(.constdata)
    .constdata                               0x000025f2   Section       16  segger_rtt_printf.o(.constdata)
    _aV2C                                    0x000025f2   Data          16  segger_rtt_printf.o(.constdata)
    .constdata                               0x00002602   Section       64  fdiv.o(.constdata)
    fdiv_tab                                 0x00002602   Data          64  fdiv.o(.constdata)
    .data                                    0x20000000   Section        2  main.o(.data)
    uart_counter                             0x20000000   Data           2  main.o(.data)
    .data                                    0x20000002   Section        8  common.o(.data)
    tick_50us_counter                        0x20000002   Data           2  common.o(.data)
    acc_state                                0x20000004   Data           1  common.o(.data)
    acc_adc_state                            0x20000005   Data           1  common.o(.data)
    low_cnt                                  0x20000006   Data           1  common.o(.data)
    high_cnt                                 0x20000007   Data           1  common.o(.data)
    triggered                                0x20000008   Data           1  common.o(.data)
    led_on                                   0x20000009   Data           1  common.o(.data)
    .data                                    0x2000000a   Section       11  onewire.o(.data)
    yxt_bit_index                            0x2000000a   Data           1  onewire.o(.data)
    yxt_byte_index                           0x2000000b   Data           1  onewire.o(.data)
    yxt_sending                              0x2000000c   Data           1  onewire.o(.data)
    bit_timer                                0x2000000d   Data           1  onewire.o(.data)
    current_bit                              0x2000000e   Data           1  onewire.o(.data)
    seq_l                                    0x2000000f   Data           1  onewire.o(.data)
    seq_h                                    0x20000010   Data           1  onewire.o(.data)
    yxt_state                                0x20000011   Data           1  onewire.o(.data)
    timer                                    0x20000012   Data           2  onewire.o(.data)
    state                                    0x20000014   Data           1  onewire.o(.data)
    .data                                    0x20000018   Section        7  uart.o(.data)
    .data                                    0x20000020   Section        4  system_cw32f003.o(.data)
    .bss                                     0x20000024   Section     1208  segger_rtt.o(.bss)
    _acUpBuffer                              0x200000cc   Data        1024  segger_rtt.o(.bss)
    _acDownBuffer                            0x200004cc   Data          16  segger_rtt.o(.bss)
    .bss                                     0x200004dc   Section       96  libspace.o(.bss)
    HEAP                                     0x20000540   Section      512  startup_cw32f003.o(HEAP)
    Heap_Mem                                 0x20000540   Data         512  startup_cw32f003.o(HEAP)
    STACK                                    0x20000740   Section      512  startup_cw32f003.o(STACK)
    Stack_Mem                                0x20000740   Data         512  startup_cw32f003.o(STACK)
    __initial_sp                             0x20000940   Data           0  startup_cw32f003.o(STACK)

    Global Symbols

    Symbol Name                              Value     Ov Type        Size  Object(Section)

    BuildAttributes$$THM_ISAv3M$S$PE$A:L22$X:L11$S22$IEEE1$IW$USESV6$~STKCKD$USESV7$~SHL$OSPACE$ROPI$EBA8$UX$STANDARDLIB$REQ8$PRES8$EABIv2 0x00000000   Number         0  anon$$obj.o ABSOLUTE
    __ARM_use_no_argv                        0x00000000   Number         0  main.o ABSOLUTE
    __Vectors                                0x00000000   Data           0  startup_cw32f003.o(RESET)
    __ARM_exceptions_init                     - Undefined Weak Reference
    __alloca_initialize                       - Undefined Weak Reference
    __arm_fini_                               - Undefined Weak Reference
    __arm_preinit_                            - Undefined Weak Reference
    __cpp_initialize__aeabi_                  - Undefined Weak Reference
    __cxa_finalize                            - Undefined Weak Reference
    __rt_locale                               - Undefined Weak Reference
    __sigvec_lookup                           - Undefined Weak Reference
    _atexit_init                              - Undefined Weak Reference
    _call_atexit_fns                          - Undefined Weak Reference
    _clock_init                               - Undefined Weak Reference
    _fp_trap_init                             - Undefined Weak Reference
    _fp_trap_shutdown                         - Undefined Weak Reference
    _get_lc_collate                           - Undefined Weak Reference
    _get_lc_ctype                             - Undefined Weak Reference
    _get_lc_monetary                          - Undefined Weak Reference
    _get_lc_numeric                           - Undefined Weak Reference
    _get_lc_time                              - Undefined Weak Reference
    _getenv_init                              - Undefined Weak Reference
    _handle_redirection                       - Undefined Weak Reference
    _init_alloc                               - Undefined Weak Reference
    _init_user_alloc                          - Undefined Weak Reference
    _initio                                   - Undefined Weak Reference
    _rand_init                                - Undefined Weak Reference
    _signal_finish                            - Undefined Weak Reference
    _signal_init                              - Undefined Weak Reference
    _terminate_alloc                          - Undefined Weak Reference
    _terminate_user_alloc                     - Undefined Weak Reference
    _terminateio                              - Undefined Weak Reference
    __Vectors_End                            0x000000c0   Data           0  startup_cw32f003.o(RESET)
    __Vectors_Size                           0x000000c0   Number         0  startup_cw32f003.o ABSOLUTE
    __main                                   0x000000c1   Thumb Code     8  __main.o(!!!main)
    __scatterload                            0x000000c9   Thumb Code     0  __scatter.o(!!!scatter)
    __scatterload_rt2                        0x000000c9   Thumb Code    52  __scatter.o(!!!scatter)
    __scatterload_rt2_thumb_only             0x000000c9   Thumb Code     0  __scatter.o(!!!scatter)
    __scatterload_null                       0x000000d9   Thumb Code     0  __scatter.o(!!!scatter)
    __scatterload_copy                       0x00000105   Thumb Code    26  __scatter_copy.o(!!handler_copy)
    __scatterload_zeroinit                   0x00000121   Thumb Code    28  __scatter_zi.o(!!handler_zi)
    __rt_lib_init                            0x0000013d   Thumb Code     0  libinit.o(.ARM.Collect$$libinit$$00000000)
    __rt_lib_init_alloca_1                   0x0000013f   Thumb Code     0  libinit2.o(.ARM.Collect$$libinit$$0000002E)
    __rt_lib_init_argv_1                     0x0000013f   Thumb Code     0  libinit2.o(.ARM.Collect$$libinit$$0000002C)
    __rt_lib_init_atexit_1                   0x0000013f   Thumb Code     0  libinit2.o(.ARM.Collect$$libinit$$0000001B)
    __rt_lib_init_clock_1                    0x0000013f   Thumb Code     0  libinit2.o(.ARM.Collect$$libinit$$00000021)
    __rt_lib_init_cpp_1                      0x0000013f   Thumb Code     0  libinit2.o(.ARM.Collect$$libinit$$00000032)
    __rt_lib_init_exceptions_1               0x0000013f   Thumb Code     0  libinit2.o(.ARM.Collect$$libinit$$00000030)
    __rt_lib_init_fp_1                       0x0000013f   Thumb Code     0  libinit2.o(.ARM.Collect$$libinit$$00000002)
    __rt_lib_init_fp_trap_1                  0x0000013f   Thumb Code     0  libinit2.o(.ARM.Collect$$libinit$$0000001F)
    __rt_lib_init_getenv_1                   0x0000013f   Thumb Code     0  libinit2.o(.ARM.Collect$$libinit$$00000023)
    __rt_lib_init_heap_1                     0x0000013f   Thumb Code     0  libinit2.o(.ARM.Collect$$libinit$$0000000A)
    __rt_lib_init_lc_collate_1               0x0000013f   Thumb Code     0  libinit2.o(.ARM.Collect$$libinit$$00000011)
    __rt_lib_init_lc_ctype_1                 0x0000013f   Thumb Code     0  libinit2.o(.ARM.Collect$$libinit$$00000013)
    __rt_lib_init_lc_monetary_1              0x0000013f   Thumb Code     0  libinit2.o(.ARM.Collect$$libinit$$00000015)
    __rt_lib_init_lc_numeric_1               0x0000013f   Thumb Code     0  libinit2.o(.ARM.Collect$$libinit$$00000017)
    __rt_lib_init_lc_time_1                  0x0000013f   Thumb Code     0  libinit2.o(.ARM.Collect$$libinit$$00000019)
    __rt_lib_init_preinit_1                  0x0000013f   Thumb Code     0  libinit2.o(.ARM.Collect$$libinit$$00000004)
    __rt_lib_init_rand_1                     0x0000013f   Thumb Code     0  libinit2.o(.ARM.Collect$$libinit$$0000000E)
    __rt_lib_init_return                     0x0000013f   Thumb Code     0  libinit2.o(.ARM.Collect$$libinit$$00000033)
    __rt_lib_init_signal_1                   0x0000013f   Thumb Code     0  libinit2.o(.ARM.Collect$$libinit$$0000001D)
    __rt_lib_init_stdio_1                    0x0000013f   Thumb Code     0  libinit2.o(.ARM.Collect$$libinit$$00000025)
    __rt_lib_init_user_alloc_1               0x0000013f   Thumb Code     0  libinit2.o(.ARM.Collect$$libinit$$0000000C)
    __rt_lib_shutdown                        0x00000141   Thumb Code     0  libshutdown.o(.ARM.Collect$$libshutdown$$00000000)
    __rt_lib_shutdown_cpp_1                  0x00000143   Thumb Code     0  libshutdown2.o(.ARM.Collect$$libshutdown$$00000004)
    __rt_lib_shutdown_fini_1                 0x00000143   Thumb Code     0  libshutdown2.o(.ARM.Collect$$libshutdown$$00000002)
    __rt_lib_shutdown_fp_trap_1              0x00000143   Thumb Code     0  libshutdown2.o(.ARM.Collect$$libshutdown$$00000009)
    __rt_lib_shutdown_heap_1                 0x00000143   Thumb Code     0  libshutdown2.o(.ARM.Collect$$libshutdown$$00000011)
    __rt_lib_shutdown_return                 0x00000143   Thumb Code     0  libshutdown2.o(.ARM.Collect$$libshutdown$$00000012)
    __rt_lib_shutdown_signal_1               0x00000143   Thumb Code     0  libshutdown2.o(.ARM.Collect$$libshutdown$$0000000C)
    __rt_lib_shutdown_stdio_1                0x00000143   Thumb Code     0  libshutdown2.o(.ARM.Collect$$libshutdown$$00000006)
    __rt_lib_shutdown_user_alloc_1           0x00000143   Thumb Code     0  libshutdown2.o(.ARM.Collect$$libshutdown$$0000000E)
    __rt_entry                               0x00000145   Thumb Code     0  __rtentry.o(.ARM.Collect$$rtentry$$00000000)
    __rt_entry_presh_1                       0x00000145   Thumb Code     0  __rtentry2.o(.ARM.Collect$$rtentry$$00000002)
    __rt_entry_sh                            0x00000145   Thumb Code     0  __rtentry4.o(.ARM.Collect$$rtentry$$00000004)
    __rt_entry_li                            0x0000014b   Thumb Code     0  __rtentry2.o(.ARM.Collect$$rtentry$$0000000A)
    __rt_entry_postsh_1                      0x0000014b   Thumb Code     0  __rtentry2.o(.ARM.Collect$$rtentry$$00000009)
    __rt_entry_main                          0x0000014f   Thumb Code     0  __rtentry2.o(.ARM.Collect$$rtentry$$0000000D)
    __rt_entry_postli_1                      0x0000014f   Thumb Code     0  __rtentry2.o(.ARM.Collect$$rtentry$$0000000C)
    __rt_exit                                0x00000157   Thumb Code     0  rtexit.o(.ARM.Collect$$rtexit$$00000000)
    __rt_exit_ls                             0x00000159   Thumb Code     0  rtexit2.o(.ARM.Collect$$rtexit$$00000003)
    __rt_exit_prels_1                        0x00000159   Thumb Code     0  rtexit2.o(.ARM.Collect$$rtexit$$00000002)
    __rt_exit_exit                           0x0000015d   Thumb Code     0  rtexit2.o(.ARM.Collect$$rtexit$$00000004)
    __aeabi_memcpy4                          0x00000165   Thumb Code    56  rt_memcpy.o(.emb_text)
    __aeabi_memcpy8                          0x00000165   Thumb Code     0  rt_memcpy.o(.emb_text)
    Reset_Handler                            0x0000019d   Thumb Code    26  startup_cw32f003.o(.text)
    BTIM1_IRQHandler                         0x000001c1   Thumb Code     0  startup_cw32f003.o(.text)
    SPI_IRQHandler                           0x000001c1   Thumb Code     0  startup_cw32f003.o(.text)
    UART1_IRQHandler                         0x000001c1   Thumb Code     0  startup_cw32f003.o(.text)
    __user_initial_stackheap                 0x000001c5   Thumb Code     0  startup_cw32f003.o(.text)
    strcpy                                   0x000001f5   Thumb Code    70  strcpy.o(.text)
    __aeabi_memcpy                           0x00000241   Thumb Code   130  rt_memcpy.o(.text)
    __rt_memcpy                              0x00000241   Thumb Code     0  rt_memcpy.o(.text)
    __aeabi_uidiv                            0x000002c3   Thumb Code     0  aeabi_sdiv.o(.text)
    __aeabi_uidivmod                         0x000002c3   Thumb Code    20  aeabi_sdiv.o(.text)
    __aeabi_idiv                             0x000002d7   Thumb Code     0  aeabi_sdiv.o(.text)
    __aeabi_idivmod                          0x000002d7   Thumb Code   326  aeabi_sdiv.o(.text)
    __use_two_region_memory                  0x0000041d   Thumb Code     2  heapauxi.o(.text)
    __rt_heap_escrow$2region                 0x0000041f   Thumb Code     2  heapauxi.o(.text)
    __rt_heap_expand$2region                 0x00000421   Thumb Code     2  heapauxi.o(.text)
    __aeabi_d2f                              0x00000425   Thumb Code     0  d2f.o(.text)
    _d2f                                     0x00000425   Thumb Code   120  d2f.o(.text)
    __aeabi_dadd                             0x00000799   Thumb Code     0  daddsub.o(.text)
    _dadd                                    0x00000799   Thumb Code    26  daddsub.o(.text)
    __aeabi_dsub                             0x000007b3   Thumb Code     0  daddsub.o(.text)
    _dsub                                    0x000007b3   Thumb Code    22  daddsub.o(.text)
    __aeabi_drsub                            0x000007c9   Thumb Code     0  daddsub.o(.text)
    _drsb                                    0x000007c9   Thumb Code    28  daddsub.o(.text)
    __aeabi_d2uiz                            0x000007f9   Thumb Code     0  dfixui.o(.text)
    _dfixu                                   0x000007f9   Thumb Code    68  dfixui.o(.text)
    __aeabi_f2d                              0x00000841   Thumb Code     0  f2d.o(.text)
    _f2d                                     0x00000841   Thumb Code    80  f2d.o(.text)
    __aeabi_fdiv                             0x00000895   Thumb Code     0  fdiv.o(.text)
    _fdiv                                    0x00000895   Thumb Code   334  fdiv.o(.text)
    _frdiv                                   0x000009e3   Thumb Code     8  fdiv.o(.text)
    __aeabi_f2iz                             0x000009f5   Thumb Code     0  ffixi.o(.text)
    _ffix                                    0x000009f5   Thumb Code    76  ffixi.o(.text)
    __aeabi_f2uiz                            0x00000a41   Thumb Code     0  ffixui.o(.text)
    _ffixu                                   0x00000a41   Thumb Code    48  ffixui.o(.text)
    __aeabi_i2f_normalise                    0x00000a71   Thumb Code    72  fflti.o(.text)
    __aeabi_i2f                              0x00000ab9   Thumb Code    16  fflti.o(.text)
    _fflt                                    0x00000ab9   Thumb Code     0  fflti.o(.text)
    __aeabi_ui2f                             0x00000ac9   Thumb Code     6  fflti.o(.text)
    _ffltu                                   0x00000ac9   Thumb Code     0  fflti.o(.text)
    __fpl_fcmp_InfNaN                        0x00000ad1   Thumb Code    96  fcmpin.o(.text)
    __fpl_cmpreturn                          0x00000b35   Thumb Code    46  cmpret.o(.text)
    __fpl_fcheck_NaN2                        0x00000b65   Thumb Code    10  fnan2.o(.text)
    __user_setup_stackheap                   0x00000b75   Thumb Code    62  sys_stackheap_outer.o(.text)
    exit                                     0x00000bb3   Thumb Code    16  exit.o(.text)
    __fpl_return_NaN                         0x00000bc3   Thumb Code    94  retnan.o(.text)
    __user_libspace                          0x00000c21   Thumb Code     8  libspace.o(.text)
    __user_perproc_libspace                  0x00000c21   Thumb Code     0  libspace.o(.text)
    __user_perthread_libspace                0x00000c21   Thumb Code     0  libspace.o(.text)
    _sys_exit                                0x00000c29   Thumb Code     8  sys_exit.o(.text)
    __I$use$semihosting                      0x00000c35   Thumb Code     0  use_no_semi.o(.text)
    __use_no_semihosting_swi                 0x00000c35   Thumb Code     2  use_no_semi.o(.text)
    __semihosting_library_function           0x00000c37   Thumb Code     0  indicate_semi.o(.text)
    ADC_BufEnSingleCh                        0x00000c39   Thumb Code    62  cw32f003_adc.o(i.ADC_BufEnSingleCh)
    ADC_ClearITPendingBit                    0x00000c7d   Thumb Code    12  cw32f003_adc.o(i.ADC_ClearITPendingBit)
    ADC_Enable                               0x00000c8d   Thumb Code    28  cw32f003_adc.o(i.ADC_Enable)
    ADC_GetConversionValue                   0x00000cad   Thumb Code     8  cw32f003_adc.o(i.ADC_GetConversionValue)
    ADC_GetITStatus                          0x00000cb9   Thumb Code    20  cw32f003_adc.o(i.ADC_GetITStatus)
    ADC_IRQHandler                           0x00000cd1   Thumb Code     2  interrupts_cw32f003.o(i.ADC_IRQHandler)
    ADC_Init                                 0x00000cd5   Thumb Code   116  cw32f003_adc.o(i.ADC_Init)
    ADC_SingleChCommon                       0x00000d59   Thumb Code    58  cw32f003_adc.o(i.ADC_SingleChCommon)
    ADC_SingleChOneModeCfg                   0x00000d99   Thumb Code    24  cw32f003_adc.o(i.ADC_SingleChOneModeCfg)
    ADC_SoftwareStartConvCmd                 0x00000db5   Thumb Code    32  cw32f003_adc.o(i.ADC_SoftwareStartConvCmd)
    ADC_StructInit                           0x00000dd9   Thumb Code    24  cw32f003_adc.o(i.ADC_StructInit)
    ADC_WdtConfig                            0x00000df1   Thumb Code    78  cw32f003_adc.o(i.ADC_WdtConfig)
    ATIM_IRQHandler                          0x00000e45   Thumb Code     2  interrupts_cw32f003.o(i.ATIM_IRQHandler)
    AWT_IRQHandler                           0x00000e47   Thumb Code     2  interrupts_cw32f003.o(i.AWT_IRQHandler)
    BTIM2_IRQHandler                         0x00000e49   Thumb Code    56  main.o(i.BTIM2_IRQHandler)
    BTIM2_Init_20ms                          0x00000e8d   Thumb Code    84  timer.o(i.BTIM2_Init_20ms)
    BTIM3_IRQHandler                         0x00000eed   Thumb Code    28  main.o(i.BTIM3_IRQHandler)
    BTIM3_Init_100us                         0x00000f0d   Thumb Code    84  timer.o(i.BTIM3_Init_100us)
    BTIM_ClearITPendingBit                   0x00000f69   Thumb Code     8  cw32f003_btim.o(i.BTIM_ClearITPendingBit)
    BTIM_Cmd                                 0x00000f71   Thumb Code    24  cw32f003_btim.o(i.BTIM_Cmd)
    BTIM_GetITStatus                         0x00000f89   Thumb Code    18  cw32f003_btim.o(i.BTIM_GetITStatus)
    BTIM_ITConfig                            0x00000f9b   Thumb Code    20  cw32f003_btim.o(i.BTIM_ITConfig)
    BTIM_TimeBaseInit                        0x00000fb1   Thumb Code    28  cw32f003_btim.o(i.BTIM_TimeBaseInit)
    BTIM_TimeBaseStructInit                  0x00000fd1   Thumb Code    12  cw32f003_btim.o(i.BTIM_TimeBaseStructInit)
    FLASHRAM_IRQHandler                      0x00000fdd   Thumb Code     2  interrupts_cw32f003.o(i.FLASHRAM_IRQHandler)
    GPIOA_IRQHandler                         0x00000fdf   Thumb Code     2  interrupts_cw32f003.o(i.GPIOA_IRQHandler)
    GPIOB_IRQHandler                         0x00000fe1   Thumb Code     2  interrupts_cw32f003.o(i.GPIOB_IRQHandler)
    GPIOC_IRQHandler                         0x00000fe3   Thumb Code     2  interrupts_cw32f003.o(i.GPIOC_IRQHandler)
    GPIO_Init                                0x00000fe5   Thumb Code   226  cw32f003_gpio.o(i.GPIO_Init)
    GPIO_ReadPin                             0x000010c7   Thumb Code    18  cw32f003_gpio.o(i.GPIO_ReadPin)
    GPIO_WritePin                            0x000010d9   Thumb Code    12  cw32f003_gpio.o(i.GPIO_WritePin)
    GTIM_IRQHandler                          0x000010e5   Thumb Code     2  interrupts_cw32f003.o(i.GTIM_IRQHandler)
    HardFault_Handler                        0x000010e7   Thumb Code     4  interrupts_cw32f003.o(i.HardFault_Handler)
    I2C_IRQHandler                           0x000010eb   Thumb Code     2  interrupts_cw32f003.o(i.I2C_IRQHandler)
    LVD_IRQHandler                           0x000010ed   Thumb Code     2  interrupts_cw32f003.o(i.LVD_IRQHandler)
    NMI_Handler                              0x000010ef   Thumb Code     2  interrupts_cw32f003.o(i.NMI_Handler)
    PendSV_Handler                           0x000010f1   Thumb Code     2  interrupts_cw32f003.o(i.PendSV_Handler)
    SEGGER_RTT_Write                         0x000010f5   Thumb Code    66  segger_rtt.o(i.SEGGER_RTT_Write)
    SEGGER_RTT_WriteNoLock                   0x0000113d   Thumb Code   128  segger_rtt.o(i.SEGGER_RTT_WriteNoLock)
    SEGGER_RTT_printf                        0x000011c1   Thumb Code    36  segger_rtt_printf.o(i.SEGGER_RTT_printf)
    SEGGER_RTT_vprintf                       0x000011e5   Thumb Code   706  segger_rtt_printf.o(i.SEGGER_RTT_vprintf)
    SVC_Handler                              0x000014ad   Thumb Code     2  interrupts_cw32f003.o(i.SVC_Handler)
    SYSCTRL_IRQHandler                       0x000014af   Thumb Code     2  interrupts_cw32f003.o(i.SYSCTRL_IRQHandler)
    SysTick_Handler                          0x000014b1   Thumb Code     8  main.o(i.SysTick_Handler)
    SystemCoreClockUpdate                    0x000014b9   Thumb Code     8  system_cw32f003.o(i.SystemCoreClockUpdate)
    SystemInit                               0x000014c9   Thumb Code    50  system_cw32f003.o(i.SystemInit)
    UART2_IRQHandler                         0x00001505   Thumb Code   136  uart.o(i.UART2_IRQHandler)
    USART_ClearFlag                          0x000015a1   Thumb Code     8  cw32f003_uart.o(i.USART_ClearFlag)
    USART_DirectionModeCmd                   0x000015a9   Thumb Code    26  cw32f003_uart.o(i.USART_DirectionModeCmd)
    USART_GetFlagStatus                      0x000015c3   Thumb Code    18  cw32f003_uart.o(i.USART_GetFlagStatus)
    USART_ITConfig                           0x000015d5   Thumb Code    26  cw32f003_uart.o(i.USART_ITConfig)
    USART_Init                               0x000015f1   Thumb Code   362  cw32f003_uart.o(i.USART_Init)
    USART_SendData_8bit                      0x00001765   Thumb Code     4  cw32f003_uart.o(i.USART_SendData_8bit)
    USART_StructInit                         0x00001769   Thumb Code    28  cw32f003_uart.o(i.USART_StructInit)
    VC1_IRQHandler                           0x00001785   Thumb Code     2  interrupts_cw32f003.o(i.VC1_IRQHandler)
    VC2_IRQHandler                           0x00001787   Thumb Code     2  interrupts_cw32f003.o(i.VC2_IRQHandler)
    WDT_IRQHandler                           0x00001789   Thumb Code     2  interrupts_cw32f003.o(i.WDT_IRQHandler)
    acc_det_check_voltage                    0x00001bfd   Thumb Code    32  common.o(i.acc_det_check_voltage)
    acc_task                                 0x00001c1d   Thumb Code    94  common.o(i.acc_task)
    adc_init                                 0x00001c89   Thumb Code   122  common.o(i.adc_init)
    adc_read_acc_det                         0x00001d09   Thumb Code    38  common.o(i.adc_read_acc_det)
    adc_to_voltage_mv                        0x00001d31   Thumb Code    20  common.o(i.adc_to_voltage_mv)
    gpio_init                                0x00001d4d   Thumb Code   222  common.o(i.gpio_init)
    main                                     0x00001e39   Thumb Code    32  main.o(i.main)
    modbus_crc16                             0x00001e59   Thumb Code    58  uart.o(i.modbus_crc16)
    nfc_task                                 0x00001e9d   Thumb Code   148  common.o(i.nfc_task)
    onewire_fixed_task_singleframe           0x00001f49   Thumb Code   312  onewire.o(i.onewire_fixed_task_singleframe)
    send_gear_p_command                      0x00002099   Thumb Code    36  uart.o(i.send_gear_p_command)
    systick_init                             0x000020c9   Thumb Code    52  timer.o(i.systick_init)
    uart1_init                               0x0000210d   Thumb Code   350  uart.o(i.uart1_init)
    uart1_send485_irq                        0x00002281   Thumb Code   118  uart.o(i.uart1_send485_irq)
    user_tasks_50us                          0x00002335   Thumb Code    38  common.o(i.user_tasks_50us)
    __aeabi_fadd                             0x00002365   Thumb Code     0  faddsub.o(x$fpl$fadd)
    _fadd                                    0x00002365   Thumb Code   134  faddsub.o(x$fpl$fadd)
    __aeabi_cfcmple                          0x000023f1   Thumb Code     0  flef.o(x$fpl$fleqf)
    _fcmple                                  0x000023f1   Thumb Code    78  flef.o(x$fpl$fleqf)
    __aeabi_fmul                             0x00002445   Thumb Code     0  fmul.o(x$fpl$fmul)
    _fmul                                    0x00002445   Thumb Code   172  fmul.o(x$fpl$fmul)
    __aeabi_frsub                            0x000024f5   Thumb Code     0  faddsub.o(x$fpl$frsb)
    _frsb                                    0x000024f5   Thumb Code    24  faddsub.o(x$fpl$frsb)
    __aeabi_fsub                             0x0000250d   Thumb Code     0  faddsub.o(x$fpl$fsub)
    _fsub                                    0x0000250d   Thumb Code   204  faddsub.o(x$fpl$fsub)
    __I$use$fp                               0x000025dc   Number         0  usenofp.o(x$fpl$usenofp)
    Region$$Table$$Base                      0x00002644   Number         0  anon$$obj.o(Region$$Table)
    Region$$Table$$Limit                     0x00002664   Number         0  anon$$obj.o(Region$$Table)
    uart1_tx_buf                             0x20000018   Data           4  uart.o(.data)
    uart1_tx_len                             0x2000001c   Data           1  uart.o(.data)
    uart1_tx_index                           0x2000001d   Data           1  uart.o(.data)
    uart1_busy                               0x2000001e   Data           1  uart.o(.data)
    SystemCoreClock                          0x20000020   Data           4  system_cw32f003.o(.data)
    _SEGGER_RTT                              0x20000024   Data         168  segger_rtt.o(.bss)
    __libspace_start                         0x200004dc   Data          96  libspace.o(.bss)
    __temporary_stack_top$libspace           0x2000053c   Data           0  libspace.o(.bss)



==============================================================================

Memory Map of the image

  Image Entry point : 0x000000c1

  Load Region LR_IROM1 (Base: 0x00000000, Size: 0x00002688, Max: 0x00005000, ABSOLUTE)

    Execution Region ER_IROM1 (Exec base: 0x00000000, Load base: 0x00000000, Size: 0x00002664, Max: 0x00005000, ABSOLUTE)

    Exec Addr    Load Addr    Size         Type   Attr      Idx    E Section Name        Object

    0x00000000   0x00000000   0x000000c0   Data   RO          522    RESET               startup_cw32f003.o
    0x000000c0   0x000000c0   0x00000008   Code   RO         3492  * !!!main             c_p.l(__main.o)
    0x000000c8   0x000000c8   0x0000003c   Code   RO         3699    !!!scatter          c_p.l(__scatter.o)
    0x00000104   0x00000104   0x0000001a   Code   RO         3701    !!handler_copy      c_p.l(__scatter_copy.o)
    0x0000011e   0x0000011e   0x00000002   PAD
    0x00000120   0x00000120   0x0000001c   Code   RO         3703    !!handler_zi        c_p.l(__scatter_zi.o)
    0x0000013c   0x0000013c   0x00000002   Code   RO         3564    .ARM.Collect$$libinit$$00000000  c_p.l(libinit.o)
    0x0000013e   0x0000013e   0x00000000   Code   RO         3580    .ARM.Collect$$libinit$$00000002  c_p.l(libinit2.o)
    0x0000013e   0x0000013e   0x00000000   Code   RO         3582    .ARM.Collect$$libinit$$00000004  c_p.l(libinit2.o)
    0x0000013e   0x0000013e   0x00000000   Code   RO         3585    .ARM.Collect$$libinit$$0000000A  c_p.l(libinit2.o)
    0x0000013e   0x0000013e   0x00000000   Code   RO         3587    .ARM.Collect$$libinit$$0000000C  c_p.l(libinit2.o)
    0x0000013e   0x0000013e   0x00000000   Code   RO         3589    .ARM.Collect$$libinit$$0000000E  c_p.l(libinit2.o)
    0x0000013e   0x0000013e   0x00000000   Code   RO         3592    .ARM.Collect$$libinit$$00000011  c_p.l(libinit2.o)
    0x0000013e   0x0000013e   0x00000000   Code   RO         3594    .ARM.Collect$$libinit$$00000013  c_p.l(libinit2.o)
    0x0000013e   0x0000013e   0x00000000   Code   RO         3596    .ARM.Collect$$libinit$$00000015  c_p.l(libinit2.o)
    0x0000013e   0x0000013e   0x00000000   Code   RO         3598    .ARM.Collect$$libinit$$00000017  c_p.l(libinit2.o)
    0x0000013e   0x0000013e   0x00000000   Code   RO         3600    .ARM.Collect$$libinit$$00000019  c_p.l(libinit2.o)
    0x0000013e   0x0000013e   0x00000000   Code   RO         3602    .ARM.Collect$$libinit$$0000001B  c_p.l(libinit2.o)
    0x0000013e   0x0000013e   0x00000000   Code   RO         3604    .ARM.Collect$$libinit$$0000001D  c_p.l(libinit2.o)
    0x0000013e   0x0000013e   0x00000000   Code   RO         3606    .ARM.Collect$$libinit$$0000001F  c_p.l(libinit2.o)
    0x0000013e   0x0000013e   0x00000000   Code   RO         3608    .ARM.Collect$$libinit$$00000021  c_p.l(libinit2.o)
    0x0000013e   0x0000013e   0x00000000   Code   RO         3610    .ARM.Collect$$libinit$$00000023  c_p.l(libinit2.o)
    0x0000013e   0x0000013e   0x00000000   Code   RO         3612    .ARM.Collect$$libinit$$00000025  c_p.l(libinit2.o)
    0x0000013e   0x0000013e   0x00000000   Code   RO         3616    .ARM.Collect$$libinit$$0000002C  c_p.l(libinit2.o)
    0x0000013e   0x0000013e   0x00000000   Code   RO         3618    .ARM.Collect$$libinit$$0000002E  c_p.l(libinit2.o)
    0x0000013e   0x0000013e   0x00000000   Code   RO         3620    .ARM.Collect$$libinit$$00000030  c_p.l(libinit2.o)
    0x0000013e   0x0000013e   0x00000000   Code   RO         3622    .ARM.Collect$$libinit$$00000032  c_p.l(libinit2.o)
    0x0000013e   0x0000013e   0x00000002   Code   RO         3623    .ARM.Collect$$libinit$$00000033  c_p.l(libinit2.o)
    0x00000140   0x00000140   0x00000002   Code   RO         3654    .ARM.Collect$$libshutdown$$00000000  c_p.l(libshutdown.o)
    0x00000142   0x00000142   0x00000000   Code   RO         3680    .ARM.Collect$$libshutdown$$00000002  c_p.l(libshutdown2.o)
    0x00000142   0x00000142   0x00000000   Code   RO         3682    .ARM.Collect$$libshutdown$$00000004  c_p.l(libshutdown2.o)
    0x00000142   0x00000142   0x00000000   Code   RO         3684    .ARM.Collect$$libshutdown$$00000006  c_p.l(libshutdown2.o)
    0x00000142   0x00000142   0x00000000   Code   RO         3687    .ARM.Collect$$libshutdown$$00000009  c_p.l(libshutdown2.o)
    0x00000142   0x00000142   0x00000000   Code   RO         3690    .ARM.Collect$$libshutdown$$0000000C  c_p.l(libshutdown2.o)
    0x00000142   0x00000142   0x00000000   Code   RO         3692    .ARM.Collect$$libshutdown$$0000000E  c_p.l(libshutdown2.o)
    0x00000142   0x00000142   0x00000000   Code   RO         3695    .ARM.Collect$$libshutdown$$00000011  c_p.l(libshutdown2.o)
    0x00000142   0x00000142   0x00000002   Code   RO         3696    .ARM.Collect$$libshutdown$$00000012  c_p.l(libshutdown2.o)
    0x00000144   0x00000144   0x00000000   Code   RO         3521    .ARM.Collect$$rtentry$$00000000  c_p.l(__rtentry.o)
    0x00000144   0x00000144   0x00000000   Code   RO         3530    .ARM.Collect$$rtentry$$00000002  c_p.l(__rtentry2.o)
    0x00000144   0x00000144   0x00000006   Code   RO         3542    .ARM.Collect$$rtentry$$00000004  c_p.l(__rtentry4.o)
    0x0000014a   0x0000014a   0x00000000   Code   RO         3532    .ARM.Collect$$rtentry$$00000009  c_p.l(__rtentry2.o)
    0x0000014a   0x0000014a   0x00000004   Code   RO         3533    .ARM.Collect$$rtentry$$0000000A  c_p.l(__rtentry2.o)
    0x0000014e   0x0000014e   0x00000000   Code   RO         3535    .ARM.Collect$$rtentry$$0000000C  c_p.l(__rtentry2.o)
    0x0000014e   0x0000014e   0x00000008   Code   RO         3536    .ARM.Collect$$rtentry$$0000000D  c_p.l(__rtentry2.o)
    0x00000156   0x00000156   0x00000002   Code   RO         3571    .ARM.Collect$$rtexit$$00000000  c_p.l(rtexit.o)
    0x00000158   0x00000158   0x00000000   Code   RO         3627    .ARM.Collect$$rtexit$$00000002  c_p.l(rtexit2.o)
    0x00000158   0x00000158   0x00000004   Code   RO         3628    .ARM.Collect$$rtexit$$00000003  c_p.l(rtexit2.o)
    0x0000015c   0x0000015c   0x00000006   Code   RO         3629    .ARM.Collect$$rtexit$$00000004  c_p.l(rtexit2.o)
    0x00000162   0x00000162   0x00000002   PAD
    0x00000164   0x00000164   0x00000038   Code   RO         3480    .emb_text           c_p.l(rt_memcpy.o)
    0x0000019c   0x0000019c   0x00000058   Code   RO          523    .text               startup_cw32f003.o
    0x000001f4   0x000001f4   0x0000004c   Code   RO         3476    .text               c_p.l(strcpy.o)
    0x00000240   0x00000240   0x00000082   Code   RO         3481    .text               c_p.l(rt_memcpy.o)
    0x000002c2   0x000002c2   0x0000015a   Code   RO         3486    .text               c_p.l(aeabi_sdiv.o)
    0x0000041c   0x0000041c   0x00000006   Code   RO         3490    .text               c_p.l(heapauxi.o)
    0x00000422   0x00000422   0x00000002   PAD
    0x00000424   0x00000424   0x0000007c   Code   RO         3494    .text               fz_ps.l(d2f.o)
    0x000004a0   0x000004a0   0x00000358   Code   RO         3496    .text               fz_ps.l(daddsub.o)
    0x000007f8   0x000007f8   0x00000048   Code   RO         3498    .text               fz_ps.l(dfixui.o)
    0x00000840   0x00000840   0x00000054   Code   RO         3500    .text               fz_ps.l(f2d.o)
    0x00000894   0x00000894   0x00000160   Code   RO         3508    .text               fz_ps.l(fdiv.o)
    0x000009f4   0x000009f4   0x0000004c   Code   RO         3511    .text               fz_ps.l(ffixi.o)
    0x00000a40   0x00000a40   0x00000030   Code   RO         3513    .text               fz_ps.l(ffixui.o)
    0x00000a70   0x00000a70   0x0000005e   Code   RO         3515    .text               fz_ps.l(fflti.o)
    0x00000ace   0x00000ace   0x00000002   PAD
    0x00000ad0   0x00000ad0   0x00000064   Code   RO         3526    .text               fz_ps.l(fcmpin.o)
    0x00000b34   0x00000b34   0x0000002e   Code   RO         3546    .text               fz_ps.l(cmpret.o)
    0x00000b62   0x00000b62   0x00000002   PAD
    0x00000b64   0x00000b64   0x00000010   Code   RO         3548    .text               fz_ps.l(fnan2.o)
    0x00000b74   0x00000b74   0x0000003e   Code   RO         3550    .text               c_p.l(sys_stackheap_outer.o)
    0x00000bb2   0x00000bb2   0x00000010   Code   RO         3553    .text               c_p.l(exit.o)
    0x00000bc2   0x00000bc2   0x0000005e   Code   RO         3565    .text               fz_ps.l(retnan.o)
    0x00000c20   0x00000c20   0x00000008   Code   RO         3567    .text               c_p.l(libspace.o)
    0x00000c28   0x00000c28   0x0000000c   Code   RO         3624    .text               c_p.l(sys_exit.o)
    0x00000c34   0x00000c34   0x00000002   Code   RO         3643    .text               c_p.l(use_no_semi.o)
    0x00000c36   0x00000c36   0x00000000   Code   RO         3645    .text               c_p.l(indicate_semi.o)
    0x00000c36   0x00000c36   0x00000002   PAD
    0x00000c38   0x00000c38   0x00000044   Code   RO          766    i.ADC_BufEnSingleCh  cw32f003_adc.o
    0x00000c7c   0x00000c7c   0x00000010   Code   RO          768    i.ADC_ClearITPendingBit  cw32f003_adc.o
    0x00000c8c   0x00000c8c   0x00000020   Code   RO          774    i.ADC_Enable        cw32f003_adc.o
    0x00000cac   0x00000cac   0x0000000c   Code   RO          779    i.ADC_GetConversionValue  cw32f003_adc.o
    0x00000cb8   0x00000cb8   0x00000018   Code   RO          780    i.ADC_GetITStatus   cw32f003_adc.o
    0x00000cd0   0x00000cd0   0x00000002   Code   RO          403    i.ADC_IRQHandler    interrupts_cw32f003.o
    0x00000cd2   0x00000cd2   0x00000002   PAD
    0x00000cd4   0x00000cd4   0x00000084   Code   RO          789    i.ADC_Init          cw32f003_adc.o
    0x00000d58   0x00000d58   0x00000040   Code   RO          799    i.ADC_SingleChCommon  cw32f003_adc.o
    0x00000d98   0x00000d98   0x0000001c   Code   RO          802    i.ADC_SingleChOneModeCfg  cw32f003_adc.o
    0x00000db4   0x00000db4   0x00000024   Code   RO          803    i.ADC_SoftwareStartConvCmd  cw32f003_adc.o
    0x00000dd8   0x00000dd8   0x00000018   Code   RO          808    i.ADC_StructInit    cw32f003_adc.o
    0x00000df0   0x00000df0   0x00000054   Code   RO          809    i.ADC_WdtConfig     cw32f003_adc.o
    0x00000e44   0x00000e44   0x00000002   Code   RO          404    i.ATIM_IRQHandler   interrupts_cw32f003.o
    0x00000e46   0x00000e46   0x00000002   Code   RO          405    i.AWT_IRQHandler    interrupts_cw32f003.o
    0x00000e48   0x00000e48   0x00000044   Code   RO            3    i.BTIM2_IRQHandler  main.o
    0x00000e8c   0x00000e8c   0x00000060   Code   RO          203    i.BTIM2_Init_20ms   timer.o
    0x00000eec   0x00000eec   0x00000020   Code   RO            4    i.BTIM3_IRQHandler  main.o
    0x00000f0c   0x00000f0c   0x0000005c   Code   RO          204    i.BTIM3_Init_100us  timer.o
    0x00000f68   0x00000f68   0x00000008   Code   RO         1473    i.BTIM_ClearITPendingBit  cw32f003_btim.o
    0x00000f70   0x00000f70   0x00000018   Code   RO         1474    i.BTIM_Cmd          cw32f003_btim.o
    0x00000f88   0x00000f88   0x00000012   Code   RO         1479    i.BTIM_GetITStatus  cw32f003_btim.o
    0x00000f9a   0x00000f9a   0x00000014   Code   RO         1481    i.BTIM_ITConfig     cw32f003_btim.o
    0x00000fae   0x00000fae   0x00000002   PAD
    0x00000fb0   0x00000fb0   0x00000020   Code   RO         1490    i.BTIM_TimeBaseInit  cw32f003_btim.o
    0x00000fd0   0x00000fd0   0x0000000c   Code   RO         1491    i.BTIM_TimeBaseStructInit  cw32f003_btim.o
    0x00000fdc   0x00000fdc   0x00000002   Code   RO          406    i.FLASHRAM_IRQHandler  interrupts_cw32f003.o
    0x00000fde   0x00000fde   0x00000002   Code   RO          407    i.GPIOA_IRQHandler  interrupts_cw32f003.o
    0x00000fe0   0x00000fe0   0x00000002   Code   RO          408    i.GPIOB_IRQHandler  interrupts_cw32f003.o
    0x00000fe2   0x00000fe2   0x00000002   Code   RO          409    i.GPIOC_IRQHandler  interrupts_cw32f003.o
    0x00000fe4   0x00000fe4   0x000000e2   Code   RO         1811    i.GPIO_Init         cw32f003_gpio.o
    0x000010c6   0x000010c6   0x00000012   Code   RO         1813    i.GPIO_ReadPin      cw32f003_gpio.o
    0x000010d8   0x000010d8   0x0000000c   Code   RO         1816    i.GPIO_WritePin     cw32f003_gpio.o
    0x000010e4   0x000010e4   0x00000002   Code   RO          410    i.GTIM_IRQHandler   interrupts_cw32f003.o
    0x000010e6   0x000010e6   0x00000004   Code   RO          411    i.HardFault_Handler  interrupts_cw32f003.o
    0x000010ea   0x000010ea   0x00000002   Code   RO          412    i.I2C_IRQHandler    interrupts_cw32f003.o
    0x000010ec   0x000010ec   0x00000002   Code   RO          413    i.LVD_IRQHandler    interrupts_cw32f003.o
    0x000010ee   0x000010ee   0x00000002   Code   RO          414    i.NMI_Handler       interrupts_cw32f003.o
    0x000010f0   0x000010f0   0x00000002   Code   RO          415    i.PendSV_Handler    interrupts_cw32f003.o
    0x000010f2   0x000010f2   0x00000002   PAD
    0x000010f4   0x000010f4   0x00000048   Code   RO          547    i.SEGGER_RTT_Write  segger_rtt.o
    0x0000113c   0x0000113c   0x00000084   Code   RO          548    i.SEGGER_RTT_WriteNoLock  segger_rtt.o
    0x000011c0   0x000011c0   0x00000024   Code   RO          718    i.SEGGER_RTT_printf  segger_rtt_printf.o
    0x000011e4   0x000011e4   0x000002c8   Code   RO          719    i.SEGGER_RTT_vprintf  segger_rtt_printf.o
    0x000014ac   0x000014ac   0x00000002   Code   RO          416    i.SVC_Handler       interrupts_cw32f003.o
    0x000014ae   0x000014ae   0x00000002   Code   RO          417    i.SYSCTRL_IRQHandler  interrupts_cw32f003.o
    0x000014b0   0x000014b0   0x00000008   Code   RO            5    i.SysTick_Handler   main.o
    0x000014b8   0x000014b8   0x00000010   Code   RO         3434    i.SystemCoreClockUpdate  system_cw32f003.o
    0x000014c8   0x000014c8   0x0000003c   Code   RO         3435    i.SystemInit        system_cw32f003.o
    0x00001504   0x00001504   0x0000009c   Code   RO          352    i.UART2_IRQHandler  uart.o
    0x000015a0   0x000015a0   0x00000008   Code   RO         2950    i.USART_ClearFlag   cw32f003_uart.o
    0x000015a8   0x000015a8   0x0000001a   Code   RO         2954    i.USART_DirectionModeCmd  cw32f003_uart.o
    0x000015c2   0x000015c2   0x00000012   Code   RO         2955    i.USART_GetFlagStatus  cw32f003_uart.o
    0x000015d4   0x000015d4   0x0000001a   Code   RO         2958    i.USART_ITConfig    cw32f003_uart.o
    0x000015ee   0x000015ee   0x00000002   PAD
    0x000015f0   0x000015f0   0x00000174   Code   RO         2959    i.USART_Init        cw32f003_uart.o
    0x00001764   0x00001764   0x00000004   Code   RO         2964    i.USART_SendData_8bit  cw32f003_uart.o
    0x00001768   0x00001768   0x0000001c   Code   RO         2966    i.USART_StructInit  cw32f003_uart.o
    0x00001784   0x00001784   0x00000002   Code   RO          418    i.VC1_IRQHandler    interrupts_cw32f003.o
    0x00001786   0x00001786   0x00000002   Code   RO          419    i.VC2_IRQHandler    interrupts_cw32f003.o
    0x00001788   0x00001788   0x00000002   Code   RO          420    i.WDT_IRQHandler    interrupts_cw32f003.o
    0x0000178a   0x0000178a   0x00000002   PAD
    0x0000178c   0x0000178c   0x0000000c   Code   RO          280    i.YXT_Out_High      onewire.o
    0x00001798   0x00001798   0x0000000c   Code   RO          281    i.YXT_Out_Low       onewire.o
    0x000017a4   0x000017a4   0x00000070   Code   RO          552    i._DoInit           segger_rtt.o
    0x00001814   0x00001814   0x0000001c   Code   RO          553    i._GetAvailWriteSpace  segger_rtt.o
    0x00001830   0x00001830   0x0000010e   Code   RO          720    i._PrintInt         segger_rtt_printf.o
    0x0000193e   0x0000193e   0x00000002   PAD
    0x00001940   0x00001940   0x0000011c   Code   RO          721    i._PrintUnsigned    segger_rtt_printf.o
    0x00001a5c   0x00001a5c   0x00000044   Code   RO          722    i._StoreChar        segger_rtt_printf.o
    0x00001aa0   0x00001aa0   0x0000007a   Code   RO          555    i._WriteBlocking    segger_rtt.o
    0x00001b1a   0x00001b1a   0x0000004a   Code   RO          556    i._WriteNoCheck     segger_rtt.o
    0x00001b64   0x00001b64   0x00000020   Code   RO          205    i.__NVIC_EnableIRQ  timer.o
    0x00001b84   0x00001b84   0x00000078   Code   RO          206    i.__NVIC_SetPriority  timer.o
    0x00001bfc   0x00001bfc   0x00000020   Code   RO          109    i.acc_det_check_voltage  common.o
    0x00001c1c   0x00001c1c   0x0000006c   Code   RO          110    i.acc_task          common.o
    0x00001c88   0x00001c88   0x00000080   Code   RO          111    i.adc_init          common.o
    0x00001d08   0x00001d08   0x00000026   Code   RO          112    i.adc_read_acc_det  common.o
    0x00001d2e   0x00001d2e   0x00000002   PAD
    0x00001d30   0x00001d30   0x0000001c   Code   RO          113    i.adc_to_voltage_mv  common.o
    0x00001d4c   0x00001d4c   0x000000ec   Code   RO          114    i.gpio_init         common.o
    0x00001e38   0x00001e38   0x00000020   Code   RO            6    i.main              main.o
    0x00001e58   0x00001e58   0x00000044   Code   RO          353    i.modbus_crc16      uart.o
    0x00001e9c   0x00001e9c   0x000000ac   Code   RO          115    i.nfc_task          common.o
    0x00001f48   0x00001f48   0x00000150   Code   RO          283    i.onewire_fixed_task_singleframe  onewire.o
    0x00002098   0x00002098   0x00000030   Code   RO          354    i.send_gear_p_command  uart.o
    0x000020c8   0x000020c8   0x00000044   Code   RO          207    i.systick_init      timer.o
    0x0000210c   0x0000210c   0x00000174   Code   RO          355    i.uart1_init        uart.o
    0x00002280   0x00002280   0x000000b4   Code   RO          356    i.uart1_send485_irq  uart.o
    0x00002334   0x00002334   0x00000030   Code   RO          116    i.user_tasks_50us   common.o
    0x00002364   0x00002364   0x0000008c   Code   RO         3502    x$fpl$fadd          fz_ps.l(faddsub.o)
    0x000023f0   0x000023f0   0x00000054   Code   RO         3517    x$fpl$fleqf         fz_ps.l(flef.o)
    0x00002444   0x00002444   0x000000b0   Code   RO         3519    x$fpl$fmul          fz_ps.l(fmul.o)
    0x000024f4   0x000024f4   0x00000018   Code   RO         3503    x$fpl$frsb          fz_ps.l(faddsub.o)
    0x0000250c   0x0000250c   0x000000d0   Code   RO         3504    x$fpl$fsub          fz_ps.l(faddsub.o)
    0x000025dc   0x000025dc   0x00000000   Code   RO         3528    x$fpl$usenofp       fz_ps.l(usenofp.o)
    0x000025dc   0x000025dc   0x00000016   Data   RO          290    .constdata          onewire.o
    0x000025f2   0x000025f2   0x00000010   Data   RO          723    .constdata          segger_rtt_printf.o
    0x00002602   0x00002602   0x00000040   Data   RO         3509    .constdata          fz_ps.l(fdiv.o)
    0x00002642   0x00002642   0x00000002   PAD
    0x00002644   0x00002644   0x00000020   Data   RO         3697    Region$$Table       anon$$obj.o


    Execution Region RW_IRAM1 (Exec base: 0x20000000, Load base: 0x00002664, Size: 0x00000940, Max: 0x00000c00, ABSOLUTE)

    Exec Addr    Load Addr    Size         Type   Attr      Idx    E Section Name        Object

    0x20000000   0x00002664   0x00000002   Data   RW            7    .data               main.o
    0x20000002   0x00002666   0x00000008   Data   RW          117    .data               common.o
    0x2000000a   0x0000266e   0x0000000b   Data   RW          291    .data               onewire.o
    0x20000015   0x00002679   0x00000003   PAD
    0x20000018   0x0000267c   0x00000007   Data   RW          357    .data               uart.o
    0x2000001f   0x00002683   0x00000001   PAD
    0x20000020   0x00002684   0x00000004   Data   RW         3436    .data               system_cw32f003.o
    0x20000024        -       0x000004b8   Zero   RW          557    .bss                segger_rtt.o
    0x200004dc        -       0x00000060   Zero   RW         3568    .bss                c_p.l(libspace.o)
    0x2000053c   0x00002688   0x00000004   PAD
    0x20000540        -       0x00000200   Zero   RW          521    HEAP                startup_cw32f003.o
    0x20000740        -       0x00000200   Zero   RW          520    STACK               startup_cw32f003.o


==============================================================================

Image component sizes


      Code (inc. data)   RO Data    RW Data    ZI Data      Debug   Object Name

       790         76          0          8          0      18018   common.o
       520         58          0          0          0       5813   cw32f003_adc.o
       114          4          0          0          0       3533   cw32f003_btim.o
       256          0          0          0          0       2123   cw32f003_gpio.o
       482         10          0          0          0       4396   cw32f003_uart.o
        38          0          0          0          0       7264   interrupts_cw32f003.o
       140         16          0          2          0     115739   main.o
       360         32         22         11          0       2989   onewire.o
       540         48          0          0       1208       7558   segger_rtt.o
      1370         10         16          0          0       6285   segger_rtt_printf.o
        88         40        192          0       1024        616   startup_cw32f003.o
        76         18          0          4          0       1095   system_cw32f003.o
       408         52          0          0          0      10360   timer.o
       824        126          0          7          0      11943   uart.o

    ----------------------------------------------------------------------
      6020        490        262         36       2232     197732   Object Totals
         0          0         32          0          0          0   (incl. Generated)
        14          0          0          4          0          0   (incl. Padding)

    ----------------------------------------------------------------------

      Code (inc. data)   RO Data    RW Data    ZI Data      Debug   Library Member Name

         8          0          0          0          0         68   __main.o
         0          0          0          0          0          0   __rtentry.o
        12          0          0          0          0          0   __rtentry2.o
         6          0          0          0          0          0   __rtentry4.o
        60          8          0          0          0          0   __scatter.o
        26          0          0          0          0          0   __scatter_copy.o
        28          0          0          0          0          0   __scatter_zi.o
       346          0          0          0          0         92   aeabi_sdiv.o
        16          0          0          0          0         68   exit.o
         6          0          0          0          0        136   heapauxi.o
         0          0          0          0          0          0   indicate_semi.o
         2          0          0          0          0          0   libinit.o
         2          0          0          0          0          0   libinit2.o
         2          0          0          0          0          0   libshutdown.o
         2          0          0          0          0          0   libshutdown2.o
         8          4          0          0         96         68   libspace.o
       186          0          0          0          0        144   rt_memcpy.o
         2          0          0          0          0          0   rtexit.o
        10          0          0          0          0          0   rtexit2.o
        76          6          0          0          0         72   strcpy.o
        12          4          0          0          0         60   sys_exit.o
        62          0          0          0          0         80   sys_stackheap_outer.o
         2          0          0          0          0         68   use_no_semi.o
        46          0          0          0          0         60   cmpret.o
       124          4          0          0          0         72   d2f.o
       856         20          0          0          0        208   daddsub.o
        72          4          0          0          0         68   dfixui.o
        84          4          0          0          0         60   f2d.o
       372          8          0          0          0        240   faddsub.o
       100          4          0          0          0         68   fcmpin.o
       352         10         64          0          0         92   fdiv.o
        76          0          0          0          0         68   ffixi.o
        48          0          0          0          0         60   ffixui.o
        94          0          0          0          0         92   fflti.o
        84          4          0          0          0         76   flef.o
       176          4          0          0          0         80   fmul.o
        16          6          0          0          0         68   fnan2.o
        94          0          0          0          0         68   retnan.o
         0          0          0          0          0          0   usenofp.o

    ----------------------------------------------------------------------
      3480         90         66          0        100       2236   Library Totals
        12          0          2          0          4          0   (incl. Padding)

    ----------------------------------------------------------------------

      Code (inc. data)   RO Data    RW Data    ZI Data      Debug   Library Name

       874         22          0          0         96        856   c_p.l
      2594         68         64          0          0       1380   fz_ps.l

    ----------------------------------------------------------------------
      3480         90         66          0        100       2236   Library Totals

    ----------------------------------------------------------------------

==============================================================================


      Code (inc. data)   RO Data    RW Data    ZI Data      Debug   

      9500        580        328         36       2332     195420   Grand Totals
      9500        580        328         36       2332     195420   ELF Image Totals
      9500        580        328         36          0          0   ROM Totals

==============================================================================

    Total RO  Size (Code + RO Data)                 9828 (   9.60kB)
    Total RW  Size (RW Data + ZI Data)              2368 (   2.31kB)
    Total ROM Size (Code + RO Data + RW Data)       9864 (   9.63kB)

==============================================================================

