Component: ARM Compiler 5.06 update 7 (build 960) Tool: armlink [4d3601]

==============================================================================

Section Cross References

    main.o(i.main) refers to system_cw32f003.o(i.SystemInit) for SystemInit
    startup_cw32f003.o(STACK) refers (Special) to heapauxi.o(.text) for __use_two_region_memory
    startup_cw32f003.o(HEAP) refers (Special) to heapauxi.o(.text) for __use_two_region_memory
    startup_cw32f003.o(RESET) refers (Special) to heapauxi.o(.text) for __use_two_region_memory
    startup_cw32f003.o(RESET) refers to startup_cw32f003.o(STACK) for __initial_sp
    startup_cw32f003.o(RESET) refers to startup_cw32f003.o(.text) for Reset_Handler
    startup_cw32f003.o(RESET) refers to interrupts_cw32f003.o(i.NMI_Handler) for NMI_Handler
    startup_cw32f003.o(RESET) refers to interrupts_cw32f003.o(i.HardFault_Handler) for HardFault_Handler
    startup_cw32f003.o(RESET) refers to interrupts_cw32f003.o(i.SVC_Handler) for SVC_Handler
    startup_cw32f003.o(RESET) refers to interrupts_cw32f003.o(i.PendSV_Handler) for PendSV_Handler
    startup_cw32f003.o(RESET) refers to interrupts_cw32f003.o(i.SysTick_Handler) for SysTick_Handler
    startup_cw32f003.o(RESET) refers to interrupts_cw32f003.o(i.WDT_IRQHandler) for WDT_IRQHandler
    startup_cw32f003.o(RESET) refers to interrupts_cw32f003.o(i.LVD_IRQHandler) for LVD_IRQHandler
    startup_cw32f003.o(RESET) refers to interrupts_cw32f003.o(i.FLASHRAM_IRQHandler) for FLASHRAM_IRQHandler
    startup_cw32f003.o(RESET) refers to interrupts_cw32f003.o(i.SYSCTRL_IRQHandler) for SYSCTRL_IRQHandler
    startup_cw32f003.o(RESET) refers to interrupts_cw32f003.o(i.GPIOA_IRQHandler) for GPIOA_IRQHandler
    startup_cw32f003.o(RESET) refers to interrupts_cw32f003.o(i.GPIOB_IRQHandler) for GPIOB_IRQHandler
    startup_cw32f003.o(RESET) refers to interrupts_cw32f003.o(i.GPIOC_IRQHandler) for GPIOC_IRQHandler
    startup_cw32f003.o(RESET) refers to interrupts_cw32f003.o(i.ADC_IRQHandler) for ADC_IRQHandler
    startup_cw32f003.o(RESET) refers to interrupts_cw32f003.o(i.ATIM_IRQHandler) for ATIM_IRQHandler
    startup_cw32f003.o(RESET) refers to interrupts_cw32f003.o(i.VC1_IRQHandler) for VC1_IRQHandler
    startup_cw32f003.o(RESET) refers to interrupts_cw32f003.o(i.VC2_IRQHandler) for VC2_IRQHandler
    startup_cw32f003.o(RESET) refers to interrupts_cw32f003.o(i.GTIM_IRQHandler) for GTIM_IRQHandler
    startup_cw32f003.o(RESET) refers to interrupts_cw32f003.o(i.BTIM3_IRQHandler) for BTIM3_IRQHandler
    startup_cw32f003.o(RESET) refers to interrupts_cw32f003.o(i.I2C_IRQHandler) for I2C_IRQHandler
    startup_cw32f003.o(RESET) refers to interrupts_cw32f003.o(i.UART1_IRQHandler) for UART1_IRQHandler
    startup_cw32f003.o(RESET) refers to interrupts_cw32f003.o(i.UART2_IRQHandler) for UART2_IRQHandler
    startup_cw32f003.o(RESET) refers to interrupts_cw32f003.o(i.AWT_IRQHandler) for AWT_IRQHandler
    startup_cw32f003.o(.text) refers (Special) to heapauxi.o(.text) for __use_two_region_memory
    startup_cw32f003.o(.text) refers to system_cw32f003.o(i.SystemInit) for SystemInit
    startup_cw32f003.o(.text) refers to __main.o(!!!main) for __main
    startup_cw32f003.o(.text) refers to startup_cw32f003.o(HEAP) for Heap_Mem
    startup_cw32f003.o(.text) refers to startup_cw32f003.o(STACK) for Stack_Mem
    segger_rtt.o(i.SEGGER_RTT_AllocDownBuffer) refers to segger_rtt.o(i._DoInit) for _DoInit
    segger_rtt.o(i.SEGGER_RTT_AllocDownBuffer) refers to segger_rtt.o(.bss) for _SEGGER_RTT
    segger_rtt.o(i.SEGGER_RTT_AllocUpBuffer) refers to segger_rtt.o(i._DoInit) for _DoInit
    segger_rtt.o(i.SEGGER_RTT_AllocUpBuffer) refers to segger_rtt.o(.bss) for _SEGGER_RTT
    segger_rtt.o(i.SEGGER_RTT_ConfigDownBuffer) refers to segger_rtt.o(i._DoInit) for _DoInit
    segger_rtt.o(i.SEGGER_RTT_ConfigDownBuffer) refers to segger_rtt.o(.bss) for _SEGGER_RTT
    segger_rtt.o(i.SEGGER_RTT_ConfigUpBuffer) refers to segger_rtt.o(i._DoInit) for _DoInit
    segger_rtt.o(i.SEGGER_RTT_ConfigUpBuffer) refers to segger_rtt.o(.bss) for _SEGGER_RTT
    segger_rtt.o(i.SEGGER_RTT_GetKey) refers to segger_rtt.o(i.SEGGER_RTT_Read) for SEGGER_RTT_Read
    segger_rtt.o(i.SEGGER_RTT_HasData) refers to segger_rtt.o(.bss) for _SEGGER_RTT
    segger_rtt.o(i.SEGGER_RTT_HasKey) refers to segger_rtt.o(i._DoInit) for _DoInit
    segger_rtt.o(i.SEGGER_RTT_HasKey) refers to segger_rtt.o(.bss) for _SEGGER_RTT
    segger_rtt.o(i.SEGGER_RTT_Init) refers to segger_rtt.o(i._DoInit) for _DoInit
    segger_rtt.o(i.SEGGER_RTT_PutChar) refers to segger_rtt.o(i._DoInit) for _DoInit
    segger_rtt.o(i.SEGGER_RTT_PutChar) refers to segger_rtt.o(.bss) for _SEGGER_RTT
    segger_rtt.o(i.SEGGER_RTT_PutCharSkip) refers to segger_rtt.o(i._DoInit) for _DoInit
    segger_rtt.o(i.SEGGER_RTT_PutCharSkip) refers to segger_rtt.o(.bss) for _SEGGER_RTT
    segger_rtt.o(i.SEGGER_RTT_PutCharSkipNoLock) refers to segger_rtt.o(.bss) for _SEGGER_RTT
    segger_rtt.o(i.SEGGER_RTT_Read) refers to segger_rtt.o(i.SEGGER_RTT_ReadNoLock) for SEGGER_RTT_ReadNoLock
    segger_rtt.o(i.SEGGER_RTT_ReadNoLock) refers to segger_rtt.o(i._DoInit) for _DoInit
    segger_rtt.o(i.SEGGER_RTT_ReadNoLock) refers to rt_memcpy.o(.text) for __aeabi_memcpy
    segger_rtt.o(i.SEGGER_RTT_ReadNoLock) refers to segger_rtt.o(.bss) for _SEGGER_RTT
    segger_rtt.o(i.SEGGER_RTT_SetFlagsDownBuffer) refers to segger_rtt.o(i._DoInit) for _DoInit
    segger_rtt.o(i.SEGGER_RTT_SetFlagsDownBuffer) refers to segger_rtt.o(.bss) for _SEGGER_RTT
    segger_rtt.o(i.SEGGER_RTT_SetFlagsUpBuffer) refers to segger_rtt.o(i._DoInit) for _DoInit
    segger_rtt.o(i.SEGGER_RTT_SetFlagsUpBuffer) refers to segger_rtt.o(.bss) for _SEGGER_RTT
    segger_rtt.o(i.SEGGER_RTT_SetNameDownBuffer) refers to segger_rtt.o(i._DoInit) for _DoInit
    segger_rtt.o(i.SEGGER_RTT_SetNameDownBuffer) refers to segger_rtt.o(.bss) for _SEGGER_RTT
    segger_rtt.o(i.SEGGER_RTT_SetNameUpBuffer) refers to segger_rtt.o(i._DoInit) for _DoInit
    segger_rtt.o(i.SEGGER_RTT_SetNameUpBuffer) refers to segger_rtt.o(.bss) for _SEGGER_RTT
    segger_rtt.o(i.SEGGER_RTT_SetTerminal) refers to segger_rtt.o(i._DoInit) for _DoInit
    segger_rtt.o(i.SEGGER_RTT_SetTerminal) refers to segger_rtt.o(i._WriteBlocking) for _WriteBlocking
    segger_rtt.o(i.SEGGER_RTT_SetTerminal) refers to segger_rtt.o(i._GetAvailWriteSpace) for _GetAvailWriteSpace
    segger_rtt.o(i.SEGGER_RTT_SetTerminal) refers to segger_rtt.o(i._WriteNoCheck) for _WriteNoCheck
    segger_rtt.o(i.SEGGER_RTT_SetTerminal) refers to segger_rtt.o(.bss) for _SEGGER_RTT
    segger_rtt.o(i.SEGGER_RTT_SetTerminal) refers to segger_rtt.o(.data) for _aTerminalId
    segger_rtt.o(i.SEGGER_RTT_TerminalOut) refers to segger_rtt.o(i._DoInit) for _DoInit
    segger_rtt.o(i.SEGGER_RTT_TerminalOut) refers to strlen.o(.text) for strlen
    segger_rtt.o(i.SEGGER_RTT_TerminalOut) refers to segger_rtt.o(i._GetAvailWriteSpace) for _GetAvailWriteSpace
    segger_rtt.o(i.SEGGER_RTT_TerminalOut) refers to segger_rtt.o(i._PostTerminalSwitch) for _PostTerminalSwitch
    segger_rtt.o(i.SEGGER_RTT_TerminalOut) refers to segger_rtt.o(i._WriteBlocking) for _WriteBlocking
    segger_rtt.o(i.SEGGER_RTT_TerminalOut) refers to segger_rtt.o(.bss) for _SEGGER_RTT
    segger_rtt.o(i.SEGGER_RTT_TerminalOut) refers to segger_rtt.o(.data) for _ActiveTerminal
    segger_rtt.o(i.SEGGER_RTT_WaitKey) refers to segger_rtt.o(i.SEGGER_RTT_GetKey) for SEGGER_RTT_GetKey
    segger_rtt.o(i.SEGGER_RTT_Write) refers to segger_rtt.o(i._DoInit) for _DoInit
    segger_rtt.o(i.SEGGER_RTT_Write) refers to segger_rtt.o(i.SEGGER_RTT_WriteNoLock) for SEGGER_RTT_WriteNoLock
    segger_rtt.o(i.SEGGER_RTT_Write) refers to segger_rtt.o(.bss) for _SEGGER_RTT
    segger_rtt.o(i.SEGGER_RTT_WriteNoLock) refers to segger_rtt.o(i._GetAvailWriteSpace) for _GetAvailWriteSpace
    segger_rtt.o(i.SEGGER_RTT_WriteNoLock) refers to segger_rtt.o(i._WriteNoCheck) for _WriteNoCheck
    segger_rtt.o(i.SEGGER_RTT_WriteNoLock) refers to segger_rtt.o(i._WriteBlocking) for _WriteBlocking
    segger_rtt.o(i.SEGGER_RTT_WriteNoLock) refers to segger_rtt.o(.bss) for _SEGGER_RTT
    segger_rtt.o(i.SEGGER_RTT_WriteSkipNoLock) refers to rt_memcpy.o(.text) for __aeabi_memcpy
    segger_rtt.o(i.SEGGER_RTT_WriteSkipNoLock) refers to segger_rtt.o(.bss) for _SEGGER_RTT
    segger_rtt.o(i.SEGGER_RTT_WriteString) refers to strlen.o(.text) for strlen
    segger_rtt.o(i.SEGGER_RTT_WriteString) refers to segger_rtt.o(i.SEGGER_RTT_Write) for SEGGER_RTT_Write
    segger_rtt.o(i.SEGGER_RTT_WriteWithOverwriteNoLock) refers to rt_memcpy.o(.text) for __aeabi_memcpy
    segger_rtt.o(i.SEGGER_RTT_WriteWithOverwriteNoLock) refers to segger_rtt.o(.bss) for _SEGGER_RTT
    segger_rtt.o(i._DoInit) refers to strcpy.o(.text) for strcpy
    segger_rtt.o(i._DoInit) refers to segger_rtt.o(.bss) for _SEGGER_RTT
    segger_rtt.o(i._PostTerminalSwitch) refers to segger_rtt.o(i._WriteBlocking) for _WriteBlocking
    segger_rtt.o(i._PostTerminalSwitch) refers to segger_rtt.o(.data) for _aTerminalId
    segger_rtt.o(i._WriteBlocking) refers to rt_memcpy.o(.text) for __aeabi_memcpy
    segger_rtt.o(i._WriteNoCheck) refers to rt_memcpy.o(.text) for __aeabi_memcpy
    segger_rtt_printf.o(i.SEGGER_RTT_printf) refers to segger_rtt_printf.o(i.SEGGER_RTT_vprintf) for SEGGER_RTT_vprintf
    segger_rtt_printf.o(i.SEGGER_RTT_vprintf) refers to segger_rtt_printf.o(i._StoreChar) for _StoreChar
    segger_rtt_printf.o(i.SEGGER_RTT_vprintf) refers to segger_rtt_printf.o(i._PrintInt) for _PrintInt
    segger_rtt_printf.o(i.SEGGER_RTT_vprintf) refers to segger_rtt_printf.o(i._PrintUnsigned) for _PrintUnsigned
    segger_rtt_printf.o(i.SEGGER_RTT_vprintf) refers to d2f.o(.text) for __aeabi_d2f
    segger_rtt_printf.o(i.SEGGER_RTT_vprintf) refers to flef.o(x$fpl$fleqf) for __aeabi_cfcmple
    segger_rtt_printf.o(i.SEGGER_RTT_vprintf) refers to ffixi.o(.text) for __aeabi_f2iz
    segger_rtt_printf.o(i.SEGGER_RTT_vprintf) refers to fmul.o(x$fpl$fmul) for __aeabi_fmul
    segger_rtt_printf.o(i.SEGGER_RTT_vprintf) refers to aeabi_sdiv.o(.text) for __aeabi_idivmod
    segger_rtt_printf.o(i.SEGGER_RTT_vprintf) refers to segger_rtt.o(i.SEGGER_RTT_Write) for SEGGER_RTT_Write
    segger_rtt_printf.o(i._PrintInt) refers to aeabi_sdiv.o(.text) for __aeabi_idivmod
    segger_rtt_printf.o(i._PrintInt) refers to segger_rtt_printf.o(i._StoreChar) for _StoreChar
    segger_rtt_printf.o(i._PrintInt) refers to segger_rtt_printf.o(i._PrintUnsigned) for _PrintUnsigned
    segger_rtt_printf.o(i._PrintUnsigned) refers to aeabi_sdiv.o(.text) for __aeabi_uidivmod
    segger_rtt_printf.o(i._PrintUnsigned) refers to segger_rtt_printf.o(i._StoreChar) for _StoreChar
    segger_rtt_printf.o(i._PrintUnsigned) refers to segger_rtt_printf.o(.constdata) for _aV2C
    segger_rtt_printf.o(i._StoreChar) refers to segger_rtt.o(i.SEGGER_RTT_Write) for SEGGER_RTT_Write
    cw32f003_adc.o(i.ADC_DisableIrq) refers to cw32f003_adc.o(i.ADC_DisableNvic) for ADC_DisableNvic
    cw32f003_adc.o(i.ADC_DisableNvic) refers to cw32f003_adc.o(i.__NVIC_ClearPendingIRQ) for __NVIC_ClearPendingIRQ
    cw32f003_adc.o(i.ADC_DisableNvic) refers to cw32f003_adc.o(i.__NVIC_SetPriority) for __NVIC_SetPriority
    cw32f003_adc.o(i.ADC_Enable) refers to cw32f003_adc.o(i.ADC_GetITStatus) for ADC_GetITStatus
    cw32f003_adc.o(i.ADC_EnableIrq) refers to cw32f003_adc.o(i.ADC_EnableNvic) for ADC_EnableNvic
    cw32f003_adc.o(i.ADC_EnableNvic) refers to cw32f003_adc.o(i.__NVIC_ClearPendingIRQ) for __NVIC_ClearPendingIRQ
    cw32f003_adc.o(i.ADC_EnableNvic) refers to cw32f003_adc.o(i.__NVIC_SetPriority) for __NVIC_SetPriority
    cw32f003_adc.o(i.ADC_GetTsVref1V5) refers to cw32f003_adc.o(i.ADC_GetConversionValue) for ADC_GetConversionValue
    cw32f003_adc.o(i.ADC_GetTsVref1V5) refers to fflti.o(.text) for __aeabi_i2f
    cw32f003_adc.o(i.ADC_GetTsVref1V5) refers to fmul.o(x$fpl$fmul) for __aeabi_fmul
    cw32f003_adc.o(i.ADC_GetTsVref1V5) refers to faddsub.o(x$fpl$fadd) for __aeabi_fadd
    cw32f003_adc.o(i.ADC_GetTsVref2V5) refers to cw32f003_adc.o(i.ADC_GetConversionValue) for ADC_GetConversionValue
    cw32f003_adc.o(i.ADC_GetTsVref2V5) refers to fflti.o(.text) for __aeabi_i2f
    cw32f003_adc.o(i.ADC_GetTsVref2V5) refers to fmul.o(x$fpl$fmul) for __aeabi_fmul
    cw32f003_adc.o(i.ADC_GetTsVref2V5) refers to faddsub.o(x$fpl$fadd) for __aeabi_fadd
    cw32f003_adc.o(i.ADC_SerialChBreakModeCfg) refers to cw32f003_adc.o(i.ADC_SerialChCommon) for ADC_SerialChCommon
    cw32f003_adc.o(i.ADC_SerialChCommon) refers to cw32f003_adc.o(i.ADC_Init) for ADC_Init
    cw32f003_adc.o(i.ADC_SerialChCommon) refers to cw32f003_adc.o(i.ADC_Sqr0ChannelCfg) for ADC_Sqr0ChannelCfg
    cw32f003_adc.o(i.ADC_SerialChCommon) refers to cw32f003_adc.o(i.ADC_Sqr01ChannelCfg) for ADC_Sqr01ChannelCfg
    cw32f003_adc.o(i.ADC_SerialChCommon) refers to cw32f003_adc.o(i.ADC_Sqr02ChannelCfg) for ADC_Sqr02ChannelCfg
    cw32f003_adc.o(i.ADC_SerialChCommon) refers to cw32f003_adc.o(i.ADC_Sqr03ChannelCfg) for ADC_Sqr03ChannelCfg
    cw32f003_adc.o(i.ADC_SerialChContinuousModeCfg) refers to cw32f003_adc.o(i.ADC_SerialChCommon) for ADC_SerialChCommon
    cw32f003_adc.o(i.ADC_SerialChMoreModeCfg) refers to cw32f003_adc.o(i.ADC_SerialChCommon) for ADC_SerialChCommon
    cw32f003_adc.o(i.ADC_SerialChScanModeCfg) refers to cw32f003_adc.o(i.ADC_SerialChCommon) for ADC_SerialChCommon
    cw32f003_adc.o(i.ADC_SingleChCommon) refers to cw32f003_adc.o(i.ADC_Init) for ADC_Init
    cw32f003_adc.o(i.ADC_SingleChCommon) refers to cw32f003_adc.o(i.ADC_BufEnSingleCh) for ADC_BufEnSingleCh
    cw32f003_adc.o(i.ADC_SingleChCommon) refers to cw32f003_adc.o(i.ADC_WdtConfig) for ADC_WdtConfig
    cw32f003_adc.o(i.ADC_SingleChContinuousModeCfg) refers to cw32f003_adc.o(i.ADC_SingleChCommon) for ADC_SingleChCommon
    cw32f003_adc.o(i.ADC_SingleChMoreModeCfg) refers to cw32f003_adc.o(i.ADC_SingleChCommon) for ADC_SingleChCommon
    cw32f003_adc.o(i.ADC_SingleChOneModeCfg) refers to cw32f003_adc.o(i.ADC_SingleChCommon) for ADC_SingleChCommon
    cw32f003_adc.o(i.ADC_Sqr01ChannelCfg) refers to cw32f003_adc.o(i.ADC_BufEnSerialCh) for ADC_BufEnSerialCh
    cw32f003_adc.o(i.ADC_Sqr02ChannelCfg) refers to cw32f003_adc.o(i.ADC_BufEnSerialCh) for ADC_BufEnSerialCh
    cw32f003_adc.o(i.ADC_Sqr03ChannelCfg) refers to cw32f003_adc.o(i.ADC_BufEnSerialCh) for ADC_BufEnSerialCh
    cw32f003_adc.o(i.ADC_Sqr0ChannelCfg) refers to cw32f003_adc.o(i.ADC_BufEnSerialCh) for ADC_BufEnSerialCh
    cw32f003_flash.o(i.FLASH_SetReadOutLevel) refers to cw32f003_flash.o(i.FLASH_GetReadOutLevel) for FLASH_GetReadOutLevel
    cw32f003_i2c.o(i.I2C_MasterReadEepomData) refers to cw32f003_i2c.o(i.I2C_GenerateSTART) for I2C_GenerateSTART
    cw32f003_i2c.o(i.I2C_MasterReadEepomData) refers to cw32f003_i2c.o(i.I2C_GetIrq) for I2C_GetIrq
    cw32f003_i2c.o(i.I2C_MasterReadEepomData) refers to cw32f003_i2c.o(i.I2C_GetState) for I2C_GetState
    cw32f003_i2c.o(i.I2C_MasterReadEepomData) refers to cw32f003_i2c.o(i.__ARM_common_switch8) for __ARM_common_switch8
    cw32f003_i2c.o(i.I2C_MasterReadEepomData) refers to cw32f003_i2c.o(i.I2C_Send7bitAddress) for I2C_Send7bitAddress
    cw32f003_i2c.o(i.I2C_MasterReadEepomData) refers to cw32f003_i2c.o(i.I2C_SendData) for I2C_SendData
    cw32f003_i2c.o(i.I2C_MasterReadEepomData) refers to cw32f003_i2c.o(i.I2C_AcknowledgeConfig) for I2C_AcknowledgeConfig
    cw32f003_i2c.o(i.I2C_MasterReadEepomData) refers to cw32f003_i2c.o(i.I2C_ReceiveData) for I2C_ReceiveData
    cw32f003_i2c.o(i.I2C_MasterReadEepomData) refers to cw32f003_i2c.o(i.I2C_GenerateSTOP) for I2C_GenerateSTOP
    cw32f003_i2c.o(i.I2C_MasterReadEepomData) refers to cw32f003_i2c.o(i.I2C_ClearIrq) for I2C_ClearIrq
    cw32f003_i2c.o(i.I2C_MasterRecDataFromSlave) refers to cw32f003_i2c.o(i.I2C_GenerateSTART) for I2C_GenerateSTART
    cw32f003_i2c.o(i.I2C_MasterRecDataFromSlave) refers to cw32f003_i2c.o(i.I2C_GetIrq) for I2C_GetIrq
    cw32f003_i2c.o(i.I2C_MasterRecDataFromSlave) refers to cw32f003_i2c.o(i.I2C_GetState) for I2C_GetState
    cw32f003_i2c.o(i.I2C_MasterRecDataFromSlave) refers to cw32f003_i2c.o(i.I2C_Send7bitAddress) for I2C_Send7bitAddress
    cw32f003_i2c.o(i.I2C_MasterRecDataFromSlave) refers to cw32f003_i2c.o(i.I2C_AcknowledgeConfig) for I2C_AcknowledgeConfig
    cw32f003_i2c.o(i.I2C_MasterRecDataFromSlave) refers to cw32f003_i2c.o(i.I2C_ReceiveData) for I2C_ReceiveData
    cw32f003_i2c.o(i.I2C_MasterRecDataFromSlave) refers to cw32f003_i2c.o(i.I2C_GenerateSTOP) for I2C_GenerateSTOP
    cw32f003_i2c.o(i.I2C_MasterRecDataFromSlave) refers to cw32f003_i2c.o(i.I2C_ClearIrq) for I2C_ClearIrq
    cw32f003_i2c.o(i.I2C_MasterSendDataToSlave) refers to cw32f003_i2c.o(i.I2C_GenerateSTART) for I2C_GenerateSTART
    cw32f003_i2c.o(i.I2C_MasterSendDataToSlave) refers to cw32f003_i2c.o(i.I2C_GetIrq) for I2C_GetIrq
    cw32f003_i2c.o(i.I2C_MasterSendDataToSlave) refers to cw32f003_i2c.o(i.I2C_GetState) for I2C_GetState
    cw32f003_i2c.o(i.I2C_MasterSendDataToSlave) refers to cw32f003_i2c.o(i.I2C_Send7bitAddress) for I2C_Send7bitAddress
    cw32f003_i2c.o(i.I2C_MasterSendDataToSlave) refers to cw32f003_i2c.o(i.I2C_SendData) for I2C_SendData
    cw32f003_i2c.o(i.I2C_MasterSendDataToSlave) refers to cw32f003_i2c.o(i.I2C_GenerateSTOP) for I2C_GenerateSTOP
    cw32f003_i2c.o(i.I2C_MasterSendDataToSlave) refers to cw32f003_i2c.o(i.I2C_ClearIrq) for I2C_ClearIrq
    cw32f003_i2c.o(i.I2C_MasterWriteEepromData) refers to cw32f003_i2c.o(i.I2C_GenerateSTART) for I2C_GenerateSTART
    cw32f003_i2c.o(i.I2C_MasterWriteEepromData) refers to cw32f003_i2c.o(i.I2C_GetIrq) for I2C_GetIrq
    cw32f003_i2c.o(i.I2C_MasterWriteEepromData) refers to cw32f003_i2c.o(i.I2C_GetState) for I2C_GetState
    cw32f003_i2c.o(i.I2C_MasterWriteEepromData) refers to cw32f003_i2c.o(i.I2C_Send7bitAddress) for I2C_Send7bitAddress
    cw32f003_i2c.o(i.I2C_MasterWriteEepromData) refers to cw32f003_i2c.o(i.I2C_SendData) for I2C_SendData
    cw32f003_i2c.o(i.I2C_MasterWriteEepromData) refers to cw32f003_i2c.o(i.I2C_GenerateSTOP) for I2C_GenerateSTOP
    cw32f003_i2c.o(i.I2C_MasterWriteEepromData) refers to cw32f003_i2c.o(i.I2C_ClearIrq) for I2C_ClearIrq
    cw32f003_i2c.o(i.I2C_Master_Init) refers to cw32f003_i2c.o(i.I2C_SetBaud) for I2C_SetBaud
    cw32f003_i2c.o(i.I2C_Master_Init) refers to cw32f003_i2c.o(i.I2C_BaudGeneratorEnable) for I2C_BaudGeneratorEnable
    cw32f003_i2c.o(i.I2C_Master_Init) refers to cw32f003_i2c.o(i.I2C_FilterConfig) for I2C_FilterConfig
    cw32f003_i2c.o(i.I2C_Master_Init) refers to cw32f003_i2c.o(i.I2C_AcknowledgeConfig) for I2C_AcknowledgeConfig
    cw32f003_i2c.o(i.I2C_SlaveRecDataFromMaster) refers to cw32f003_i2c.o(i.I2C_GetIrq) for I2C_GetIrq
    cw32f003_i2c.o(i.I2C_SlaveRecDataFromMaster) refers to cw32f003_i2c.o(i.I2C_GetState) for I2C_GetState
    cw32f003_i2c.o(i.I2C_SlaveRecDataFromMaster) refers to cw32f003_i2c.o(i.__ARM_common_switch8) for __ARM_common_switch8
    cw32f003_i2c.o(i.I2C_SlaveRecDataFromMaster) refers to cw32f003_i2c.o(i.I2C_ReceiveData) for I2C_ReceiveData
    cw32f003_i2c.o(i.I2C_SlaveRecDataFromMaster) refers to cw32f003_i2c.o(i.I2C_ClearIrq) for I2C_ClearIrq
    cw32f003_i2c.o(i.I2C_SlaveSendDataToMaster) refers to cw32f003_i2c.o(i.I2C_GetIrq) for I2C_GetIrq
    cw32f003_i2c.o(i.I2C_SlaveSendDataToMaster) refers to cw32f003_i2c.o(i.I2C_GetState) for I2C_GetState
    cw32f003_i2c.o(i.I2C_SlaveSendDataToMaster) refers to cw32f003_i2c.o(i.I2C_SendData) for I2C_SendData
    cw32f003_i2c.o(i.I2C_SlaveSendDataToMaster) refers to cw32f003_i2c.o(i.I2C_ClearIrq) for I2C_ClearIrq
    cw32f003_i2c.o(i.I2C_Slave_Init) refers to cw32f003_i2c.o(i.I2C_FilterConfig) for I2C_FilterConfig
    cw32f003_i2c.o(i.I2C_Slave_Init) refers to cw32f003_i2c.o(i.I2C_AcknowledgeConfig) for I2C_AcknowledgeConfig
    cw32f003_i2c.o(i.I2C_Slave_Init) refers to cw32f003_i2c.o(i.I2C_SetOwnSlaveAddress0) for I2C_SetOwnSlaveAddress0
    cw32f003_i2c.o(i.I2C_Slave_Init) refers to cw32f003_i2c.o(i.I2C_GcConfig) for I2C_GcConfig
    cw32f003_i2c.o(i.I2C_Slave_Init) refers to cw32f003_i2c.o(i.I2C_SetOwnSlaveAddress1) for I2C_SetOwnSlaveAddress1
    cw32f003_i2c.o(i.I2C_Slave_Init) refers to cw32f003_i2c.o(i.I2C_SetOwnSlaveAddress2) for I2C_SetOwnSlaveAddress2
    cw32f003_iwdt.o(i.IWDT_SetPeriod) refers to rt_memclr.o(.text) for __aeabi_memclr4
    cw32f003_iwdt.o(i.IWDT_SetPeriod) refers to cw32f003_iwdt.o(i.IWDT_Init) for IWDT_Init
    cw32f003_lvd.o(i.LVD_DeInit) refers to cw32f003_lvd.o(i.LVD_DisableIrq) for LVD_DisableIrq
    cw32f003_lvd.o(i.LVD_DeInit) refers to cw32f003_lvd.o(i.LVD_Disable) for LVD_Disable
    cw32f003_lvd.o(i.LVD_DisableIrq) refers to cw32f003_lvd.o(i.LVD_DisableNvic) for LVD_DisableNvic
    cw32f003_lvd.o(i.LVD_DisableNvic) refers to cw32f003_lvd.o(i.__NVIC_ClearPendingIRQ) for __NVIC_ClearPendingIRQ
    cw32f003_lvd.o(i.LVD_EnableIrq) refers to cw32f003_lvd.o(i.LVD_EnableNvic) for LVD_EnableNvic
    cw32f003_lvd.o(i.LVD_EnableNvic) refers to cw32f003_lvd.o(i.__NVIC_ClearPendingIRQ) for __NVIC_ClearPendingIRQ
    cw32f003_lvd.o(i.LVD_EnableNvic) refers to cw32f003_lvd.o(i.__NVIC_SetPriority) for __NVIC_SetPriority
    cw32f003_lvd.o(i.LVD_Init) refers to cw32f003_lvd.o(i.LVD_Disable) for LVD_Disable
    cw32f003_lvd.o(i.LVD_Init) refers to cw32f003_lvd.o(i.LVD_DisableIrq) for LVD_DisableIrq
    cw32f003_rcc.o(i.RCC_SYSCLKSRC_Config) refers to cw32f003_rcc.o(i.RCC_Sysctrl_GetHClkFreq) for RCC_Sysctrl_GetHClkFreq
    cw32f003_rcc.o(i.RCC_SYSCLKSRC_Config) refers to cw32f003_rcc.o(i.RCC_SystemCoreClockUpdate) for RCC_SystemCoreClockUpdate
    cw32f003_rcc.o(i.RCC_SysClk_Switch) refers to cw32f003_rcc.o(i.RCC_Sysctrl_GetHClkFreq) for RCC_Sysctrl_GetHClkFreq
    cw32f003_rcc.o(i.RCC_SysClk_Switch) refers to cw32f003_rcc.o(i.RCC_SystemCoreClockUpdate) for RCC_SystemCoreClockUpdate
    cw32f003_rcc.o(i.RCC_Sysctrl_GetHClkFreq) refers to aeabi_sdiv.o(.text) for __aeabi_uidivmod
    cw32f003_rcc.o(i.RCC_Sysctrl_GetHClkFreq) refers to cw32f003_rcc.o(.constdata) for hsiprs_tbl
    cw32f003_rcc.o(i.RCC_Sysctrl_GetPClkFreq) refers to cw32f003_rcc.o(i.RCC_Sysctrl_GetHClkFreq) for RCC_Sysctrl_GetHClkFreq
    cw32f003_rcc.o(i.RCC_SystemCoreClockUpdate) refers to system_cw32f003.o(.data) for SystemCoreClock
    cw32f003_systick.o(i.GetTick) refers to cw32f003_systick.o(.data) for uwTick
    cw32f003_systick.o(i.InitTick) refers to aeabi_sdiv.o(.text) for __aeabi_uidivmod
    cw32f003_systick.o(i.InitTick) refers to cw32f003_systick.o(i.__NVIC_SetPriority) for __NVIC_SetPriority
    cw32f003_systick.o(i.InitTick) refers to cw32f003_systick.o(.data) for uwTickFreq
    cw32f003_systick.o(i.SysTickDelay) refers to cw32f003_systick.o(i.GetTick) for GetTick
    cw32f003_systick.o(i.SysTickDelay) refers to cw32f003_systick.o(.data) for uwTickFreq
    cw32f003_uart.o(i.USART_Init) refers to fflti.o(.text) for __aeabi_ui2f
    cw32f003_uart.o(i.USART_Init) refers to fdiv.o(.text) for __aeabi_fdiv
    cw32f003_uart.o(i.USART_Init) refers to ffixui.o(.text) for __aeabi_f2uiz
    cw32f003_uart.o(i.USART_Init) refers to faddsub.o(x$fpl$frsb) for __aeabi_frsub
    cw32f003_uart.o(i.USART_Init) refers to fmul.o(x$fpl$fmul) for __aeabi_fmul
    cw32f003_uart.o(i.USART_Init) refers to f2d.o(.text) for __aeabi_f2d
    cw32f003_uart.o(i.USART_Init) refers to daddsub.o(.text) for __aeabi_dadd
    cw32f003_uart.o(i.USART_Init) refers to dfixui.o(.text) for __aeabi_d2uiz
    cw32f003_vc.o(i.VC1VC2_INNInit) refers to cw32f003_adc.o(i.ADC_Enable) for ADC_Enable
    cw32f003_vc.o(i.VC1_ChannelDeInit) refers to cw32f003_vc.o(i.VC_DisableNvic) for VC_DisableNvic
    cw32f003_vc.o(i.VC1_ChannelInit) refers to cw32f003_vc.o(i.VC1VC2_INNInit) for VC1VC2_INNInit
    cw32f003_vc.o(i.VC1_DisableIrq) refers to cw32f003_vc.o(i.VC_DisableNvic) for VC_DisableNvic
    cw32f003_vc.o(i.VC1_EnableChannel) refers to cw32f003_vc.o(i.VC1_GetFlagStatus) for VC1_GetFlagStatus
    cw32f003_vc.o(i.VC1_EnableIrq) refers to cw32f003_vc.o(i.VC_EnableNvic) for VC_EnableNvic
    cw32f003_vc.o(i.VC2_ChannelDeInit) refers to cw32f003_vc.o(i.VC_DisableNvic) for VC_DisableNvic
    cw32f003_vc.o(i.VC2_ChannelInit) refers to cw32f003_vc.o(i.VC1VC2_INNInit) for VC1VC2_INNInit
    cw32f003_vc.o(i.VC2_DisableIrq) refers to cw32f003_vc.o(i.VC_DisableNvic) for VC_DisableNvic
    cw32f003_vc.o(i.VC2_EnableChannel) refers to cw32f003_vc.o(i.VC2_GetFlagStatus) for VC2_GetFlagStatus
    cw32f003_vc.o(i.VC2_EnableIrq) refers to cw32f003_vc.o(i.VC_EnableNvic) for VC_EnableNvic
    cw32f003_vc.o(i.VC_DeInit) refers to cw32f003_vc.o(i.VC1_ChannelDeInit) for VC1_ChannelDeInit
    cw32f003_vc.o(i.VC_DeInit) refers to cw32f003_vc.o(i.VC2_ChannelDeInit) for VC2_ChannelDeInit
    cw32f003_vc.o(i.VC_DisableNvic) refers to cw32f003_vc.o(i.__NVIC_ClearPendingIRQ) for __NVIC_ClearPendingIRQ
    cw32f003_vc.o(i.VC_EnableNvic) refers to cw32f003_vc.o(i.__NVIC_ClearPendingIRQ) for __NVIC_ClearPendingIRQ
    cw32f003_vc.o(i.VC_EnableNvic) refers to cw32f003_vc.o(i.__NVIC_SetPriority) for __NVIC_SetPriority
    system_cw32f003.o(i.SystemCoreClockUpdate) refers to system_cw32f003.o(.data) for SystemCoreClock
    system_cw32f003.o(i.SystemInit) refers to system_cw32f003.o(i.SystemCoreClockUpdate) for SystemCoreClockUpdate
    rt_memcpy.o(.text) refers to rt_memcpy.o(.emb_text) for __aeabi_memcpy4
    __main.o(!!!main) refers to __rtentry.o(.ARM.Collect$$rtentry$$00000000) for __rt_entry
    d2f.o(.text) refers (Special) to usenofp.o(x$fpl$usenofp) for __I$use$fp
    daddsub.o(.text) refers (Special) to usenofp.o(x$fpl$usenofp) for __I$use$fp
    dfixui.o(.text) refers (Special) to usenofp.o(x$fpl$usenofp) for __I$use$fp
    f2d.o(.text) refers (Special) to usenofp.o(x$fpl$usenofp) for __I$use$fp
    faddsub.o(x$fpl$fadd) refers (Special) to usenofp.o(x$fpl$usenofp) for __I$use$fp
    faddsub.o(x$fpl$fadd) refers to faddsub.o(x$fpl$fsub) for _fsub1
    faddsub.o(x$fpl$frsb) refers (Special) to usenofp.o(x$fpl$usenofp) for __I$use$fp
    faddsub.o(x$fpl$frsb) refers to faddsub.o(x$fpl$fsub) for _fsub1
    faddsub.o(x$fpl$frsb) refers to faddsub.o(x$fpl$fadd) for _fadd1
    faddsub.o(x$fpl$fsub) refers (Special) to usenofp.o(x$fpl$usenofp) for __I$use$fp
    faddsub.o(x$fpl$fsub) refers to faddsub.o(x$fpl$fadd) for _fadd1
    fdiv.o(.text) refers (Special) to usenofp.o(x$fpl$usenofp) for __I$use$fp
    fdiv.o(.text) refers to fdiv.o(.constdata) for .constdata
    fdiv.o(.constdata) refers (Special) to usenofp.o(x$fpl$usenofp) for __I$use$fp
    ffixi.o(.text) refers (Special) to usenofp.o(x$fpl$usenofp) for __I$use$fp
    ffixui.o(.text) refers (Special) to usenofp.o(x$fpl$usenofp) for __I$use$fp
    fflti.o(.text) refers (Special) to usenofp.o(x$fpl$usenofp) for __I$use$fp
    flef.o(x$fpl$fleqf) refers (Special) to usenofp.o(x$fpl$usenofp) for __I$use$fp
    flef.o(x$fpl$fleqf) refers to fcmpin.o(.text) for __fpl_fcmp_InfNaN
    fmul.o(x$fpl$fmul) refers (Special) to usenofp.o(x$fpl$usenofp) for __I$use$fp
    __rtentry.o(.ARM.Collect$$rtentry$$00000000) refers (Special) to __rtentry2.o(.ARM.Collect$$rtentry$$0000000A) for __rt_entry_li
    __rtentry.o(.ARM.Collect$$rtentry$$00000000) refers (Special) to __rtentry2.o(.ARM.Collect$$rtentry$$0000000D) for __rt_entry_main
    __rtentry.o(.ARM.Collect$$rtentry$$00000000) refers (Special) to __rtentry2.o(.ARM.Collect$$rtentry$$0000000C) for __rt_entry_postli_1
    __rtentry.o(.ARM.Collect$$rtentry$$00000000) refers (Special) to __rtentry2.o(.ARM.Collect$$rtentry$$00000009) for __rt_entry_postsh_1
    __rtentry.o(.ARM.Collect$$rtentry$$00000000) refers (Special) to __rtentry2.o(.ARM.Collect$$rtentry$$00000002) for __rt_entry_presh_1
    __rtentry.o(.ARM.Collect$$rtentry$$00000000) refers (Special) to __rtentry4.o(.ARM.Collect$$rtentry$$00000004) for __rt_entry_sh
    aeabi_idiv0_sigfpe.o(.text) refers to rt_div0.o(.text) for __rt_div0
    fcmpin.o(.text) refers (Special) to usenofp.o(x$fpl$usenofp) for __I$use$fp
    fcmpin.o(.text) refers to cmpret.o(.text) for __fpl_cmpreturn
    fcmpin.o(.text) refers to fnan2.o(.text) for __fpl_fcheck_NaN2
    __rtentry2.o(.ARM.Collect$$rtentry$$00000008) refers to boardinit2.o(.text) for _platform_post_stackheap_init
    __rtentry2.o(.ARM.Collect$$rtentry$$0000000A) refers to libinit.o(.ARM.Collect$$libinit$$00000000) for __rt_lib_init
    __rtentry2.o(.ARM.Collect$$rtentry$$0000000B) refers to boardinit3.o(.text) for _platform_post_lib_init
    __rtentry2.o(.ARM.Collect$$rtentry$$0000000D) refers to main.o(i.main) for main
    __rtentry2.o(.ARM.Collect$$rtentry$$0000000D) refers to exit.o(.text) for exit
    __rtentry2.o(.ARM.exidx) refers to __rtentry2.o(.ARM.Collect$$rtentry$$00000001) for .ARM.Collect$$rtentry$$00000001
    __rtentry2.o(.ARM.exidx) refers to __rtentry2.o(.ARM.Collect$$rtentry$$00000008) for .ARM.Collect$$rtentry$$00000008
    __rtentry2.o(.ARM.exidx) refers to __rtentry2.o(.ARM.Collect$$rtentry$$0000000A) for .ARM.Collect$$rtentry$$0000000A
    __rtentry2.o(.ARM.exidx) refers to __rtentry2.o(.ARM.Collect$$rtentry$$0000000B) for .ARM.Collect$$rtentry$$0000000B
    __rtentry2.o(.ARM.exidx) refers to __rtentry2.o(.ARM.Collect$$rtentry$$0000000D) for .ARM.Collect$$rtentry$$0000000D
    __rtentry4.o(.ARM.Collect$$rtentry$$00000004) refers to sys_stackheap_outer.o(.text) for __user_setup_stackheap
    __rtentry4.o(.ARM.exidx) refers to __rtentry4.o(.ARM.Collect$$rtentry$$00000004) for .ARM.Collect$$rtentry$$00000004
    rt_div0.o(.text) refers to defsig_fpe_outer.o(.text) for __rt_SIGFPE
    cmpret.o(.text) refers (Special) to usenofp.o(x$fpl$usenofp) for __I$use$fp
    fnan2.o(.text) refers (Special) to usenofp.o(x$fpl$usenofp) for __I$use$fp
    fnan2.o(.text) refers to retnan.o(.text) for __fpl_return_NaN
    sys_stackheap_outer.o(.text) refers to libspace.o(.text) for __user_perproc_libspace
    sys_stackheap_outer.o(.text) refers to startup_cw32f003.o(.text) for __user_initial_stackheap
    sys_stackheap_outer.o(__vectab_stack_and_reset_area) refers to tempstk.o(.text) for __temporary_stack_top
    sys_stackheap_outer.o(__vectab_stack_and_reset_area) refers to __main.o(!!!main) for __main
    exit.o(.text) refers to rtexit.o(.ARM.Collect$$rtexit$$00000000) for __rt_exit
    defsig_fpe_outer.o(.text) refers to defsig_fpe_inner.o(.text) for __rt_SIGFPE_inner
    defsig_fpe_outer.o(.text) refers to defsig_exit.o(.text) for __sig_exit
    defsig_fpe_formal.o(.text) refers to rt_raise.o(.text) for __rt_raise
    libinit.o(.ARM.Collect$$libinit$$00000000) refers (Special) to libinit2.o(.ARM.Collect$$libinit$$0000002E) for __rt_lib_init_alloca_1
    libinit.o(.ARM.Collect$$libinit$$00000000) refers (Special) to libinit2.o(.ARM.Collect$$libinit$$0000002C) for __rt_lib_init_argv_1
    libinit.o(.ARM.Collect$$libinit$$00000000) refers (Special) to libinit2.o(.ARM.Collect$$libinit$$0000001B) for __rt_lib_init_atexit_1
    libinit.o(.ARM.Collect$$libinit$$00000000) refers (Special) to libinit2.o(.ARM.Collect$$libinit$$00000021) for __rt_lib_init_clock_1
    libinit.o(.ARM.Collect$$libinit$$00000000) refers (Special) to libinit2.o(.ARM.Collect$$libinit$$00000032) for __rt_lib_init_cpp_1
    libinit.o(.ARM.Collect$$libinit$$00000000) refers (Special) to libinit2.o(.ARM.Collect$$libinit$$00000030) for __rt_lib_init_exceptions_1
    libinit.o(.ARM.Collect$$libinit$$00000000) refers (Special) to libinit2.o(.ARM.Collect$$libinit$$00000002) for __rt_lib_init_fp_1
    libinit.o(.ARM.Collect$$libinit$$00000000) refers (Special) to libinit2.o(.ARM.Collect$$libinit$$0000001F) for __rt_lib_init_fp_trap_1
    libinit.o(.ARM.Collect$$libinit$$00000000) refers (Special) to libinit2.o(.ARM.Collect$$libinit$$00000023) for __rt_lib_init_getenv_1
    libinit.o(.ARM.Collect$$libinit$$00000000) refers (Special) to libinit2.o(.ARM.Collect$$libinit$$0000000A) for __rt_lib_init_heap_1
    libinit.o(.ARM.Collect$$libinit$$00000000) refers (Special) to libinit2.o(.ARM.Collect$$libinit$$00000011) for __rt_lib_init_lc_collate_1
    libinit.o(.ARM.Collect$$libinit$$00000000) refers (Special) to libinit2.o(.ARM.Collect$$libinit$$00000013) for __rt_lib_init_lc_ctype_1
    libinit.o(.ARM.Collect$$libinit$$00000000) refers (Special) to libinit2.o(.ARM.Collect$$libinit$$00000015) for __rt_lib_init_lc_monetary_1
    libinit.o(.ARM.Collect$$libinit$$00000000) refers (Special) to libinit2.o(.ARM.Collect$$libinit$$00000017) for __rt_lib_init_lc_numeric_1
    libinit.o(.ARM.Collect$$libinit$$00000000) refers (Special) to libinit2.o(.ARM.Collect$$libinit$$00000019) for __rt_lib_init_lc_time_1
    libinit.o(.ARM.Collect$$libinit$$00000000) refers (Special) to libinit2.o(.ARM.Collect$$libinit$$00000004) for __rt_lib_init_preinit_1
    libinit.o(.ARM.Collect$$libinit$$00000000) refers (Special) to libinit2.o(.ARM.Collect$$libinit$$0000000E) for __rt_lib_init_rand_1
    libinit.o(.ARM.Collect$$libinit$$00000000) refers (Special) to libinit2.o(.ARM.Collect$$libinit$$00000033) for __rt_lib_init_return
    libinit.o(.ARM.Collect$$libinit$$00000000) refers (Special) to libinit2.o(.ARM.Collect$$libinit$$0000001D) for __rt_lib_init_signal_1
    libinit.o(.ARM.Collect$$libinit$$00000000) refers (Special) to libinit2.o(.ARM.Collect$$libinit$$00000025) for __rt_lib_init_stdio_1
    libinit.o(.ARM.Collect$$libinit$$00000000) refers (Special) to libinit2.o(.ARM.Collect$$libinit$$0000000C) for __rt_lib_init_user_alloc_1
    retnan.o(.text) refers (Special) to usenofp.o(x$fpl$usenofp) for __I$use$fp
    retnan.o(.text) refers to cmpret.o(.text) for __fpl_cmpreturn
    libspace.o(.text) refers to libspace.o(.bss) for __libspace_start
    rtexit.o(.ARM.Collect$$rtexit$$00000000) refers (Special) to rtexit2.o(.ARM.Collect$$rtexit$$00000004) for __rt_exit_exit
    rtexit.o(.ARM.Collect$$rtexit$$00000000) refers (Special) to rtexit2.o(.ARM.Collect$$rtexit$$00000003) for __rt_exit_ls
    rtexit.o(.ARM.Collect$$rtexit$$00000000) refers (Special) to rtexit2.o(.ARM.Collect$$rtexit$$00000002) for __rt_exit_prels_1
    rtexit.o(.ARM.exidx) refers (Special) to rtexit2.o(.ARM.Collect$$rtexit$$00000004) for __rt_exit_exit
    rtexit.o(.ARM.exidx) refers (Special) to rtexit2.o(.ARM.Collect$$rtexit$$00000003) for __rt_exit_ls
    rtexit.o(.ARM.exidx) refers (Special) to rtexit2.o(.ARM.Collect$$rtexit$$00000002) for __rt_exit_prels_1
    rtexit.o(.ARM.exidx) refers to rtexit.o(.ARM.Collect$$rtexit$$00000000) for .ARM.Collect$$rtexit$$00000000
    rt_raise.o(.text) refers to __raise.o(.text) for __raise
    rt_raise.o(.text) refers to sys_exit.o(.text) for _sys_exit
    defsig_exit.o(.text) refers to sys_exit.o(.text) for _sys_exit
    defsig_fpe_inner.o(.text) refers to defsig_general.o(.text) for __default_signal_display
    libinit2.o(.ARM.Collect$$libinit$$00000010) refers to libinit2.o(.ARM.Collect$$libinit$$0000000F) for .ARM.Collect$$libinit$$0000000F
    libinit2.o(.ARM.Collect$$libinit$$00000012) refers to libinit2.o(.ARM.Collect$$libinit$$0000000F) for .ARM.Collect$$libinit$$0000000F
    libinit2.o(.ARM.Collect$$libinit$$00000014) refers to libinit2.o(.ARM.Collect$$libinit$$0000000F) for .ARM.Collect$$libinit$$0000000F
    libinit2.o(.ARM.Collect$$libinit$$00000016) refers to libinit2.o(.ARM.Collect$$libinit$$0000000F) for .ARM.Collect$$libinit$$0000000F
    libinit2.o(.ARM.Collect$$libinit$$00000018) refers to libinit2.o(.ARM.Collect$$libinit$$0000000F) for .ARM.Collect$$libinit$$0000000F
    libinit2.o(.ARM.Collect$$libinit$$00000026) refers to argv_veneer.o(.text) for __ARM_argv_veneer
    libinit2.o(.ARM.Collect$$libinit$$00000027) refers to argv_veneer.o(.text) for __ARM_argv_veneer
    sys_exit.o(.text) refers (Special) to use_no_semi.o(.text) for __I$use$semihosting
    sys_exit.o(.text) refers (Special) to indicate_semi.o(.text) for __semihosting_library_function
    rtexit2.o(.ARM.Collect$$rtexit$$00000003) refers to libshutdown.o(.ARM.Collect$$libshutdown$$00000000) for __rt_lib_shutdown
    rtexit2.o(.ARM.Collect$$rtexit$$00000004) refers to sys_exit.o(.text) for _sys_exit
    rtexit2.o(.ARM.exidx) refers to rtexit2.o(.ARM.Collect$$rtexit$$00000001) for .ARM.Collect$$rtexit$$00000001
    rtexit2.o(.ARM.exidx) refers to rtexit2.o(.ARM.Collect$$rtexit$$00000003) for .ARM.Collect$$rtexit$$00000003
    rtexit2.o(.ARM.exidx) refers to rtexit2.o(.ARM.Collect$$rtexit$$00000004) for .ARM.Collect$$rtexit$$00000004
    __raise.o(.text) refers to defsig.o(CL$$defsig) for __default_signal_handler
    defsig_general.o(.text) refers to sys_wrch.o(.text) for _ttywrch
    sys_wrch.o(.text) refers (Special) to use_no_semi.o(.text) for __I$use$semihosting
    sys_wrch.o(.text) refers (Special) to indicate_semi.o(.text) for __semihosting_library_function
    defsig.o(CL$$defsig) refers to defsig_fpe_inner.o(.text) for __rt_SIGFPE_inner
    defsig.o(CL$$defsig) refers to defsig_rtmem_inner.o(.text) for __rt_SIGRTMEM_inner
    _get_argv_nomalloc.o(.text) refers (Special) to hrguard.o(.text) for __heap_region$guard
    _get_argv_nomalloc.o(.text) refers to defsig_rtmem_outer.o(.text) for __rt_SIGRTMEM
    _get_argv_nomalloc.o(.text) refers to sys_command.o(.text) for _sys_command_string
    libshutdown.o(.ARM.Collect$$libshutdown$$00000000) refers (Special) to libshutdown2.o(.ARM.Collect$$libshutdown$$00000004) for __rt_lib_shutdown_cpp_1
    libshutdown.o(.ARM.Collect$$libshutdown$$00000000) refers (Special) to libshutdown2.o(.ARM.Collect$$libshutdown$$00000002) for __rt_lib_shutdown_fini_1
    libshutdown.o(.ARM.Collect$$libshutdown$$00000000) refers (Special) to libshutdown2.o(.ARM.Collect$$libshutdown$$00000009) for __rt_lib_shutdown_fp_trap_1
    libshutdown.o(.ARM.Collect$$libshutdown$$00000000) refers (Special) to libshutdown2.o(.ARM.Collect$$libshutdown$$00000011) for __rt_lib_shutdown_heap_1
    libshutdown.o(.ARM.Collect$$libshutdown$$00000000) refers (Special) to libshutdown2.o(.ARM.Collect$$libshutdown$$00000012) for __rt_lib_shutdown_return
    libshutdown.o(.ARM.Collect$$libshutdown$$00000000) refers (Special) to libshutdown2.o(.ARM.Collect$$libshutdown$$0000000C) for __rt_lib_shutdown_signal_1
    libshutdown.o(.ARM.Collect$$libshutdown$$00000000) refers (Special) to libshutdown2.o(.ARM.Collect$$libshutdown$$00000006) for __rt_lib_shutdown_stdio_1
    libshutdown.o(.ARM.Collect$$libshutdown$$00000000) refers (Special) to libshutdown2.o(.ARM.Collect$$libshutdown$$0000000E) for __rt_lib_shutdown_user_alloc_1
    sys_command.o(.text) refers (Special) to use_no_semi.o(.text) for __I$use$semihosting
    sys_command.o(.text) refers (Special) to indicate_semi.o(.text) for __semihosting_library_function
    defsig_abrt_inner.o(.text) refers to defsig_general.o(.text) for __default_signal_display
    defsig_rtred_inner.o(.text) refers to defsig_general.o(.text) for __default_signal_display
    defsig_rtmem_inner.o(.text) refers to defsig_general.o(.text) for __default_signal_display
    defsig_rtmem_outer.o(.text) refers to defsig_rtmem_inner.o(.text) for __rt_SIGRTMEM_inner
    defsig_rtmem_outer.o(.text) refers to defsig_exit.o(.text) for __sig_exit
    defsig_rtmem_formal.o(.text) refers to rt_raise.o(.text) for __rt_raise
    defsig_stak_inner.o(.text) refers to defsig_general.o(.text) for __default_signal_display
    defsig_pvfn_inner.o(.text) refers to defsig_general.o(.text) for __default_signal_display
    defsig_cppl_inner.o(.text) refers to defsig_general.o(.text) for __default_signal_display
    defsig_segv_inner.o(.text) refers to defsig_general.o(.text) for __default_signal_display
    defsig_other.o(.text) refers to defsig_general.o(.text) for __default_signal_display


==============================================================================

Removing Unused input sections from the image.

    Removing main.o(.rev16_text), (4 bytes).
    Removing main.o(.revsh_text), (4 bytes).
    Removing segger_rtt.o(i.SEGGER_RTT_AllocDownBuffer), (168 bytes).
    Removing segger_rtt.o(i.SEGGER_RTT_AllocUpBuffer), (168 bytes).
    Removing segger_rtt.o(i.SEGGER_RTT_ConfigDownBuffer), (148 bytes).
    Removing segger_rtt.o(i.SEGGER_RTT_ConfigUpBuffer), (148 bytes).
    Removing segger_rtt.o(i.SEGGER_RTT_GetKey), (32 bytes).
    Removing segger_rtt.o(i.SEGGER_RTT_HasData), (24 bytes).
    Removing segger_rtt.o(i.SEGGER_RTT_HasKey), (44 bytes).
    Removing segger_rtt.o(i.SEGGER_RTT_Init), (8 bytes).
    Removing segger_rtt.o(i.SEGGER_RTT_PutChar), (112 bytes).
    Removing segger_rtt.o(i.SEGGER_RTT_PutCharSkip), (100 bytes).
    Removing segger_rtt.o(i.SEGGER_RTT_PutCharSkipNoLock), (52 bytes).
    Removing segger_rtt.o(i.SEGGER_RTT_Read), (50 bytes).
    Removing segger_rtt.o(i.SEGGER_RTT_ReadNoLock), (172 bytes).
    Removing segger_rtt.o(i.SEGGER_RTT_SetFlagsDownBuffer), (84 bytes).
    Removing segger_rtt.o(i.SEGGER_RTT_SetFlagsUpBuffer), (84 bytes).
    Removing segger_rtt.o(i.SEGGER_RTT_SetNameDownBuffer), (80 bytes).
    Removing segger_rtt.o(i.SEGGER_RTT_SetNameUpBuffer), (80 bytes).
    Removing segger_rtt.o(i.SEGGER_RTT_SetTerminal), (152 bytes).
    Removing segger_rtt.o(i.SEGGER_RTT_TerminalOut), (256 bytes).
    Removing segger_rtt.o(i.SEGGER_RTT_WaitKey), (14 bytes).
    Removing segger_rtt.o(i.SEGGER_RTT_Write), (72 bytes).
    Removing segger_rtt.o(i.SEGGER_RTT_WriteNoLock), (132 bytes).
    Removing segger_rtt.o(i.SEGGER_RTT_WriteSkipNoLock), (180 bytes).
    Removing segger_rtt.o(i.SEGGER_RTT_WriteString), (26 bytes).
    Removing segger_rtt.o(i.SEGGER_RTT_WriteWithOverwriteNoLock), (172 bytes).
    Removing segger_rtt.o(i._DoInit), (112 bytes).
    Removing segger_rtt.o(i._GetAvailWriteSpace), (28 bytes).
    Removing segger_rtt.o(i._PostTerminalSwitch), (36 bytes).
    Removing segger_rtt.o(i._WriteBlocking), (122 bytes).
    Removing segger_rtt.o(i._WriteNoCheck), (74 bytes).
    Removing segger_rtt.o(.bss), (1208 bytes).
    Removing segger_rtt.o(.data), (17 bytes).
    Removing segger_rtt_printf.o(i.SEGGER_RTT_printf), (36 bytes).
    Removing segger_rtt_printf.o(i.SEGGER_RTT_vprintf), (712 bytes).
    Removing segger_rtt_printf.o(i._PrintInt), (270 bytes).
    Removing segger_rtt_printf.o(i._PrintUnsigned), (284 bytes).
    Removing segger_rtt_printf.o(i._StoreChar), (68 bytes).
    Removing segger_rtt_printf.o(.constdata), (16 bytes).
    Removing cw32f003_adc.o(.rev16_text), (4 bytes).
    Removing cw32f003_adc.o(.revsh_text), (4 bytes).
    Removing cw32f003_adc.o(i.ADC_AutoStop), (20 bytes).
    Removing cw32f003_adc.o(i.ADC_BufEnSerialCh), (68 bytes).
    Removing cw32f003_adc.o(i.ADC_BufEnSingleCh), (68 bytes).
    Removing cw32f003_adc.o(i.ADC_ClearITPendingAll), (20 bytes).
    Removing cw32f003_adc.o(i.ADC_ClearITPendingBit), (16 bytes).
    Removing cw32f003_adc.o(i.ADC_ClrAccResult), (20 bytes).
    Removing cw32f003_adc.o(i.ADC_DeInit), (32 bytes).
    Removing cw32f003_adc.o(i.ADC_Disable), (20 bytes).
    Removing cw32f003_adc.o(i.ADC_DisableIrq), (24 bytes).
    Removing cw32f003_adc.o(i.ADC_DisableNvic), (52 bytes).
    Removing cw32f003_adc.o(i.ADC_Enable), (32 bytes).
    Removing cw32f003_adc.o(i.ADC_EnableIrq), (12 bytes).
    Removing cw32f003_adc.o(i.ADC_EnableNvic), (56 bytes).
    Removing cw32f003_adc.o(i.ADC_ExtTrigCfg), (40 bytes).
    Removing cw32f003_adc.o(i.ADC_GetAccResult), (20 bytes).
    Removing cw32f003_adc.o(i.ADC_GetConversionValue), (12 bytes).
    Removing cw32f003_adc.o(i.ADC_GetITStatus), (24 bytes).
    Removing cw32f003_adc.o(i.ADC_GetITStatusAll), (12 bytes).
    Removing cw32f003_adc.o(i.ADC_GetSqr0Result), (20 bytes).
    Removing cw32f003_adc.o(i.ADC_GetSqr1Result), (20 bytes).
    Removing cw32f003_adc.o(i.ADC_GetSqr2Result), (20 bytes).
    Removing cw32f003_adc.o(i.ADC_GetSqr3Result), (20 bytes).
    Removing cw32f003_adc.o(i.ADC_GetTsVref1V5), (68 bytes).
    Removing cw32f003_adc.o(i.ADC_GetTsVref2V5), (68 bytes).
    Removing cw32f003_adc.o(i.ADC_ITConfig), (40 bytes).
    Removing cw32f003_adc.o(i.ADC_Init), (132 bytes).
    Removing cw32f003_adc.o(i.ADC_SerialChBreakModeCfg), (32 bytes).
    Removing cw32f003_adc.o(i.ADC_SerialChCommon), (82 bytes).
    Removing cw32f003_adc.o(i.ADC_SerialChContinuousModeCfg), (32 bytes).
    Removing cw32f003_adc.o(i.ADC_SerialChMoreModeCfg), (56 bytes).
    Removing cw32f003_adc.o(i.ADC_SerialChScanModeCfg), (32 bytes).
    Removing cw32f003_adc.o(i.ADC_SetAlign), (20 bytes).
    Removing cw32f003_adc.o(i.ADC_SetDiscard), (20 bytes).
    Removing cw32f003_adc.o(i.ADC_SetTs), (20 bytes).
    Removing cw32f003_adc.o(i.ADC_SetVref), (60 bytes).
    Removing cw32f003_adc.o(i.ADC_SingleChCommon), (64 bytes).
    Removing cw32f003_adc.o(i.ADC_SingleChContinuousModeCfg), (32 bytes).
    Removing cw32f003_adc.o(i.ADC_SingleChMoreModeCfg), (56 bytes).
    Removing cw32f003_adc.o(i.ADC_SingleChOneModeCfg), (28 bytes).
    Removing cw32f003_adc.o(i.ADC_SoftwareStartConvCmd), (36 bytes).
    Removing cw32f003_adc.o(i.ADC_Sqr01ChannelCfg), (52 bytes).
    Removing cw32f003_adc.o(i.ADC_Sqr02ChannelCfg), (64 bytes).
    Removing cw32f003_adc.o(i.ADC_Sqr03ChannelCfg), (72 bytes).
    Removing cw32f003_adc.o(i.ADC_Sqr0ChannelCfg), (40 bytes).
    Removing cw32f003_adc.o(i.ADC_StructInit), (24 bytes).
    Removing cw32f003_adc.o(i.ADC_WdtConfig), (84 bytes).
    Removing cw32f003_adc.o(i.ADC_WdtInit), (28 bytes).
    Removing cw32f003_adc.o(i.__NVIC_ClearPendingIRQ), (24 bytes).
    Removing cw32f003_adc.o(i.__NVIC_SetPriority), (120 bytes).
    Removing cw32f003_atim.o(.rev16_text), (4 bytes).
    Removing cw32f003_atim.o(.revsh_text), (4 bytes).
    Removing cw32f003_atim.o(i.ATIM_ADCTriggerConfig), (36 bytes).
    Removing cw32f003_atim.o(i.ATIM_BrakeConfig), (28 bytes).
    Removing cw32f003_atim.o(i.ATIM_CH1Config), (32 bytes).
    Removing cw32f003_atim.o(i.ATIM_CH2Config), (32 bytes).
    Removing cw32f003_atim.o(i.ATIM_CH3Config), (32 bytes).
    Removing cw32f003_atim.o(i.ATIM_CH4Config), (32 bytes).
    Removing cw32f003_atim.o(i.ATIM_ClearITPendingBit), (12 bytes).
    Removing cw32f003_atim.o(i.ATIM_Cmd), (24 bytes).
    Removing cw32f003_atim.o(i.ATIM_CtrlPWMOutputs), (32 bytes).
    Removing cw32f003_atim.o(i.ATIM_DeInit), (32 bytes).
    Removing cw32f003_atim.o(i.ATIM_ETRConfig), (24 bytes).
    Removing cw32f003_atim.o(i.ATIM_ETRSelect), (12 bytes).
    Removing cw32f003_atim.o(i.ATIM_GetCapture1A), (12 bytes).
    Removing cw32f003_atim.o(i.ATIM_GetCapture1B), (12 bytes).
    Removing cw32f003_atim.o(i.ATIM_GetCapture2A), (12 bytes).
    Removing cw32f003_atim.o(i.ATIM_GetCapture2B), (12 bytes).
    Removing cw32f003_atim.o(i.ATIM_GetCapture3A), (12 bytes).
    Removing cw32f003_atim.o(i.ATIM_GetCapture3B), (12 bytes).
    Removing cw32f003_atim.o(i.ATIM_GetITStatus), (24 bytes).
    Removing cw32f003_atim.o(i.ATIM_IC1AInit), (48 bytes).
    Removing cw32f003_atim.o(i.ATIM_IC1BInit), (52 bytes).
    Removing cw32f003_atim.o(i.ATIM_IC2AInit), (52 bytes).
    Removing cw32f003_atim.o(i.ATIM_IC2BInit), (56 bytes).
    Removing cw32f003_atim.o(i.ATIM_IC3AInit), (52 bytes).
    Removing cw32f003_atim.o(i.ATIM_IC3BInit), (56 bytes).
    Removing cw32f003_atim.o(i.ATIM_ITConfig), (32 bytes).
    Removing cw32f003_atim.o(i.ATIM_ITRSelect), (24 bytes).
    Removing cw32f003_atim.o(i.ATIM_Init), (104 bytes).
    Removing cw32f003_atim.o(i.ATIM_MasterModeConfig), (24 bytes).
    Removing cw32f003_atim.o(i.ATIM_OC1AInit), (100 bytes).
    Removing cw32f003_atim.o(i.ATIM_OC1BInit), (80 bytes).
    Removing cw32f003_atim.o(i.ATIM_OC2AInit), (104 bytes).
    Removing cw32f003_atim.o(i.ATIM_OC2BInit), (84 bytes).
    Removing cw32f003_atim.o(i.ATIM_OC3AInit), (104 bytes).
    Removing cw32f003_atim.o(i.ATIM_OC3BInit), (84 bytes).
    Removing cw32f003_atim.o(i.ATIM_OC4Init), (52 bytes).
    Removing cw32f003_atim.o(i.ATIM_PWMOutputConfig), (76 bytes).
    Removing cw32f003_atim.o(i.ATIM_SetCompare1A), (12 bytes).
    Removing cw32f003_atim.o(i.ATIM_SetCompare1B), (12 bytes).
    Removing cw32f003_atim.o(i.ATIM_SetCompare2A), (12 bytes).
    Removing cw32f003_atim.o(i.ATIM_SetCompare2B), (12 bytes).
    Removing cw32f003_atim.o(i.ATIM_SetCompare3A), (12 bytes).
    Removing cw32f003_atim.o(i.ATIM_SetCompare3B), (12 bytes).
    Removing cw32f003_atim.o(i.ATIM_SetCompare4), (12 bytes).
    Removing cw32f003_atim.o(i.ATIM_SetReloadValue), (12 bytes).
    Removing cw32f003_atim.o(i.ATIM_SlaverModeConfig), (32 bytes).
    Removing cw32f003_atim.o(i.ATIM_TriggerSelect), (28 bytes).
    Removing cw32f003_atim.o(i.ATIM_UpdateEventSelect), (32 bytes).
    Removing cw32f003_awt.o(.rev16_text), (4 bytes).
    Removing cw32f003_awt.o(.revsh_text), (4 bytes).
    Removing cw32f003_awt.o(i.AWT_ClearITPendingBit), (16 bytes).
    Removing cw32f003_awt.o(i.AWT_ClkSourceConfig), (24 bytes).
    Removing cw32f003_awt.o(i.AWT_Cmd), (36 bytes).
    Removing cw32f003_awt.o(i.AWT_DeInit), (28 bytes).
    Removing cw32f003_awt.o(i.AWT_GetAutoreload), (12 bytes).
    Removing cw32f003_awt.o(i.AWT_GetClkSource), (16 bytes).
    Removing cw32f003_awt.o(i.AWT_GetCounter), (12 bytes).
    Removing cw32f003_awt.o(i.AWT_GetITStatus), (24 bytes).
    Removing cw32f003_awt.o(i.AWT_GetPrescaler), (16 bytes).
    Removing cw32f003_awt.o(i.AWT_ITConfig), (32 bytes).
    Removing cw32f003_awt.o(i.AWT_PrescalerConfig), (20 bytes).
    Removing cw32f003_awt.o(i.AWT_TimeCntInit), (40 bytes).
    Removing cw32f003_awt.o(i.AWT_TimeCntStructInit), (24 bytes).
    Removing cw32f003_btim.o(.rev16_text), (4 bytes).
    Removing cw32f003_btim.o(.revsh_text), (4 bytes).
    Removing cw32f003_btim.o(i.BTIM_ClearITPendingBit), (8 bytes).
    Removing cw32f003_btim.o(i.BTIM_Cmd), (24 bytes).
    Removing cw32f003_btim.o(i.BTIM_DeInit), (24 bytes).
    Removing cw32f003_btim.o(i.BTIM_ETRConfig), (24 bytes).
    Removing cw32f003_btim.o(i.BTIM_GetAutoreload), (8 bytes).
    Removing cw32f003_btim.o(i.BTIM_GetCounter), (8 bytes).
    Removing cw32f003_btim.o(i.BTIM_GetITStatus), (18 bytes).
    Removing cw32f003_btim.o(i.BTIM_GetPrescaler), (10 bytes).
    Removing cw32f003_btim.o(i.BTIM_ITConfig), (20 bytes).
    Removing cw32f003_btim.o(i.BTIM_ModeConfig), (12 bytes).
    Removing cw32f003_btim.o(i.BTIM_OutputToggleCmd), (24 bytes).
    Removing cw32f003_btim.o(i.BTIM_PrescalerConfig), (34 bytes).
    Removing cw32f003_btim.o(i.BTIM_SelectETRInputPolarity), (12 bytes).
    Removing cw32f003_btim.o(i.BTIM_SelectInputTrigger), (12 bytes).
    Removing cw32f003_btim.o(i.BTIM_SelectOnePulseMode), (12 bytes).
    Removing cw32f003_btim.o(i.BTIM_SetAutoreload), (4 bytes).
    Removing cw32f003_btim.o(i.BTIM_SetCounter), (4 bytes).
    Removing cw32f003_btim.o(i.BTIM_TimeBaseInit), (32 bytes).
    Removing cw32f003_btim.o(i.BTIM_TimeBaseStructInit), (12 bytes).
    Removing cw32f003_crc.o(.rev16_text), (4 bytes).
    Removing cw32f003_crc.o(.revsh_text), (4 bytes).
    Removing cw32f003_crc.o(i.CRC16_Calc_8bit), (40 bytes).
    Removing cw32f003_debug.o(.rev16_text), (4 bytes).
    Removing cw32f003_debug.o(.revsh_text), (4 bytes).
    Removing cw32f003_debug.o(i.DBGMCU_Config), (32 bytes).
    Removing cw32f003_digitalsign.o(.rev16_text), (4 bytes).
    Removing cw32f003_digitalsign.o(.revsh_text), (4 bytes).
    Removing cw32f003_digitalsign.o(i.DIGITALSIGN_GetChipType), (28 bytes).
    Removing cw32f003_digitalsign.o(i.DIGITALSIGN_GetChipUid), (88 bytes).
    Removing cw32f003_digitalsign.o(i.DIGITALSIGN_GetFlashSize), (12 bytes).
    Removing cw32f003_digitalsign.o(i.DIGITALSIGN_GetPinCount), (12 bytes).
    Removing cw32f003_digitalsign.o(i.DIGITALSIGN_GetRamSize), (12 bytes).
    Removing cw32f003_flash.o(.rev16_text), (4 bytes).
    Removing cw32f003_flash.o(.revsh_text), (4 bytes).
    Removing cw32f003_flash.o(i.FLASH_ClearITPendingBit), (16 bytes).
    Removing cw32f003_flash.o(i.FLASH_ErasePage), (104 bytes).
    Removing cw32f003_flash.o(i.FLASH_ErasePages), (124 bytes).
    Removing cw32f003_flash.o(i.FLASH_GetITStatus), (24 bytes).
    Removing cw32f003_flash.o(i.FLASH_GetReadOutLevel), (16 bytes).
    Removing cw32f003_flash.o(i.FLASH_GetStatus), (64 bytes).
    Removing cw32f003_flash.o(i.FLASH_ITConfig), (32 bytes).
    Removing cw32f003_flash.o(i.FLASH_LockAllPages), (16 bytes).
    Removing cw32f003_flash.o(i.FLASH_LockPage), (40 bytes).
    Removing cw32f003_flash.o(i.FLASH_LockPages), (68 bytes).
    Removing cw32f003_flash.o(i.FLASH_SetLatency), (36 bytes).
    Removing cw32f003_flash.o(i.FLASH_SetReadOutLevel), (52 bytes).
    Removing cw32f003_flash.o(i.FLASH_UnlockAllPages), (16 bytes).
    Removing cw32f003_flash.o(i.FLASH_UnlockPage), (40 bytes).
    Removing cw32f003_flash.o(i.FLASH_UnlockPages), (68 bytes).
    Removing cw32f003_flash.o(i.FLASH_WriteBytes), (124 bytes).
    Removing cw32f003_gpio.o(.rev16_text), (4 bytes).
    Removing cw32f003_gpio.o(.revsh_text), (4 bytes).
    Removing cw32f003_gpio.o(i.GPIO_ConfigFilter), (8 bytes).
    Removing cw32f003_gpio.o(i.GPIO_DeInit), (56 bytes).
    Removing cw32f003_gpio.o(i.GPIO_GPIO2NRST), (28 bytes).
    Removing cw32f003_gpio.o(i.GPIO_GPIO2SWD), (28 bytes).
    Removing cw32f003_gpio.o(i.GPIO_Init), (226 bytes).
    Removing cw32f003_gpio.o(i.GPIO_NRST2GPIO), (24 bytes).
    Removing cw32f003_gpio.o(i.GPIO_ReadPin), (18 bytes).
    Removing cw32f003_gpio.o(i.GPIO_SWD2GPIO), (24 bytes).
    Removing cw32f003_gpio.o(i.GPIO_TogglePin), (4 bytes).
    Removing cw32f003_gpio.o(i.GPIO_WritePin), (12 bytes).
    Removing cw32f003_gtim.o(.rev16_text), (4 bytes).
    Removing cw32f003_gtim.o(.revsh_text), (4 bytes).
    Removing cw32f003_gtim.o(i.GTIM_ClearITPendingBit), (12 bytes).
    Removing cw32f003_gtim.o(i.GTIM_Cmd), (24 bytes).
    Removing cw32f003_gtim.o(i.GTIM_DeInit), (32 bytes).
    Removing cw32f003_gtim.o(i.GTIM_ETRConfig), (36 bytes).
    Removing cw32f003_gtim.o(i.GTIM_EncodeInit), (84 bytes).
    Removing cw32f003_gtim.o(i.GTIM_GetCapture1), (12 bytes).
    Removing cw32f003_gtim.o(i.GTIM_GetCapture2), (12 bytes).
    Removing cw32f003_gtim.o(i.GTIM_GetCapture3), (12 bytes).
    Removing cw32f003_gtim.o(i.GTIM_GetCapture4), (12 bytes).
    Removing cw32f003_gtim.o(i.GTIM_GetITStatus), (24 bytes).
    Removing cw32f003_gtim.o(i.GTIM_ICChannelConfig), (32 bytes).
    Removing cw32f003_gtim.o(i.GTIM_ICInit), (60 bytes).
    Removing cw32f003_gtim.o(i.GTIM_ITConfig), (32 bytes).
    Removing cw32f003_gtim.o(i.GTIM_ITRConfig), (44 bytes).
    Removing cw32f003_gtim.o(i.GTIM_OCInit), (28 bytes).
    Removing cw32f003_gtim.o(i.GTIM_SetCompare1), (12 bytes).
    Removing cw32f003_gtim.o(i.GTIM_SetCompare2), (12 bytes).
    Removing cw32f003_gtim.o(i.GTIM_SetCompare3), (12 bytes).
    Removing cw32f003_gtim.o(i.GTIM_SetCompare4), (12 bytes).
    Removing cw32f003_gtim.o(i.GTIM_SetCounterValue), (12 bytes).
    Removing cw32f003_gtim.o(i.GTIM_SetPrescaler), (24 bytes).
    Removing cw32f003_gtim.o(i.GTIM_SetReloadValue), (12 bytes).
    Removing cw32f003_gtim.o(i.GTIM_TimeBaseInit), (52 bytes).
    Removing cw32f003_i2c.o(.rev16_text), (4 bytes).
    Removing cw32f003_i2c.o(.revsh_text), (4 bytes).
    Removing cw32f003_i2c.o(i.I2C_AcknowledgeConfig), (40 bytes).
    Removing cw32f003_i2c.o(i.I2C_BaudGeneratorEnable), (40 bytes).
    Removing cw32f003_i2c.o(i.I2C_ClearIrq), (20 bytes).
    Removing cw32f003_i2c.o(i.I2C_Cmd), (40 bytes).
    Removing cw32f003_i2c.o(i.I2C_DeInit), (44 bytes).
    Removing cw32f003_i2c.o(i.I2C_FilterConfig), (40 bytes).
    Removing cw32f003_i2c.o(i.I2C_GcConfig), (40 bytes).
    Removing cw32f003_i2c.o(i.I2C_GenerateSTART), (100 bytes).
    Removing cw32f003_i2c.o(i.I2C_GenerateSTOP), (40 bytes).
    Removing cw32f003_i2c.o(i.I2C_GetIrq), (16 bytes).
    Removing cw32f003_i2c.o(i.I2C_GetState), (12 bytes).
    Removing cw32f003_i2c.o(i.I2C_MasterReadEepomData), (228 bytes).
    Removing cw32f003_i2c.o(i.I2C_MasterRecDataFromSlave), (190 bytes).
    Removing cw32f003_i2c.o(i.I2C_MasterSendDataToSlave), (144 bytes).
    Removing cw32f003_i2c.o(i.I2C_MasterWriteEepromData), (152 bytes).
    Removing cw32f003_i2c.o(i.I2C_Master_Init), (42 bytes).
    Removing cw32f003_i2c.o(i.I2C_ReceiveData), (12 bytes).
    Removing cw32f003_i2c.o(i.I2C_Send7bitAddress), (24 bytes).
    Removing cw32f003_i2c.o(i.I2C_SendData), (12 bytes).
    Removing cw32f003_i2c.o(i.I2C_SetBaud), (12 bytes).
    Removing cw32f003_i2c.o(i.I2C_SetOwnSlaveAddress0), (28 bytes).
    Removing cw32f003_i2c.o(i.I2C_SetOwnSlaveAddress1), (28 bytes).
    Removing cw32f003_i2c.o(i.I2C_SetOwnSlaveAddress2), (28 bytes).
    Removing cw32f003_i2c.o(i.I2C_SlaveRecDataFromMaster), (108 bytes).
    Removing cw32f003_i2c.o(i.I2C_SlaveSendDataToMaster), (114 bytes).
    Removing cw32f003_i2c.o(i.I2C_Slave_Init), (42 bytes).
    Removing cw32f003_i2c.o(i.I2C_SoftwareResetCmd), (44 bytes).
    Removing cw32f003_iwdt.o(.rev16_text), (4 bytes).
    Removing cw32f003_iwdt.o(.revsh_text), (4 bytes).
    Removing cw32f003_iwdt.o(i.IWDT_ClearOVFlag), (20 bytes).
    Removing cw32f003_iwdt.o(i.IWDT_Cmd), (16 bytes).
    Removing cw32f003_iwdt.o(i.IWDT_DeInit), (32 bytes).
    Removing cw32f003_iwdt.o(i.IWDT_GetCounterValue), (20 bytes).
    Removing cw32f003_iwdt.o(i.IWDT_GetFlagStatus), (16 bytes).
    Removing cw32f003_iwdt.o(i.IWDT_ITConfig), (100 bytes).
    Removing cw32f003_iwdt.o(i.IWDT_Init), (128 bytes).
    Removing cw32f003_iwdt.o(i.IWDT_Lock), (16 bytes).
    Removing cw32f003_iwdt.o(i.IWDT_Refresh), (16 bytes).
    Removing cw32f003_iwdt.o(i.IWDT_SetPeriod), (68 bytes).
    Removing cw32f003_iwdt.o(i.IWDT_SetPrescaler), (84 bytes).
    Removing cw32f003_iwdt.o(i.IWDT_SetReloadValue), (72 bytes).
    Removing cw32f003_iwdt.o(i.IWDT_SetWindowValue), (72 bytes).
    Removing cw32f003_iwdt.o(i.IWDT_Stop), (28 bytes).
    Removing cw32f003_iwdt.o(i.IWDT_Unlock), (16 bytes).
    Removing cw32f003_lvd.o(.rev16_text), (4 bytes).
    Removing cw32f003_lvd.o(.revsh_text), (4 bytes).
    Removing cw32f003_lvd.o(i.LVD_ClearIrq), (20 bytes).
    Removing cw32f003_lvd.o(i.LVD_DeInit), (12 bytes).
    Removing cw32f003_lvd.o(i.LVD_Disable), (20 bytes).
    Removing cw32f003_lvd.o(i.LVD_DisableIrq), (40 bytes).
    Removing cw32f003_lvd.o(i.LVD_DisableNvic), (44 bytes).
    Removing cw32f003_lvd.o(i.LVD_Enable), (20 bytes).
    Removing cw32f003_lvd.o(i.LVD_EnableIrq), (32 bytes).
    Removing cw32f003_lvd.o(i.LVD_EnableNvic), (52 bytes).
    Removing cw32f003_lvd.o(i.LVD_GetFilterResult), (16 bytes).
    Removing cw32f003_lvd.o(i.LVD_GetFlagStatus), (24 bytes).
    Removing cw32f003_lvd.o(i.LVD_GetIrqStatus), (16 bytes).
    Removing cw32f003_lvd.o(i.LVD_Init), (68 bytes).
    Removing cw32f003_lvd.o(i.LVD_TrigConfig), (40 bytes).
    Removing cw32f003_lvd.o(i.__NVIC_ClearPendingIRQ), (24 bytes).
    Removing cw32f003_lvd.o(i.__NVIC_SetPriority), (120 bytes).
    Removing cw32f003_pwr.o(.rev16_text), (4 bytes).
    Removing cw32f003_pwr.o(.revsh_text), (4 bytes).
    Removing cw32f003_pwr.o(i.PWR_Config), (32 bytes).
    Removing cw32f003_pwr.o(i.PWR_GotoLpmMode), (4 bytes).
    Removing cw32f003_ram.o(.rev16_text), (4 bytes).
    Removing cw32f003_ram.o(.revsh_text), (4 bytes).
    Removing cw32f003_ram.o(i.RAM_ClearITPendingBit), (16 bytes).
    Removing cw32f003_ram.o(i.RAM_GetErrorAddress), (12 bytes).
    Removing cw32f003_ram.o(i.RAM_GetITStatus), (24 bytes).
    Removing cw32f003_ram.o(i.RAM_ITConfig), (36 bytes).
    Removing cw32f003_rcc.o(.rev16_text), (4 bytes).
    Removing cw32f003_rcc.o(.revsh_text), (4 bytes).
    Removing cw32f003_rcc.o(i.RCC_AHBPeriphClk_Enable), (32 bytes).
    Removing cw32f003_rcc.o(i.RCC_AHBPeriphReset), (32 bytes).
    Removing cw32f003_rcc.o(i.RCC_APBPeriphClk_Enable1), (32 bytes).
    Removing cw32f003_rcc.o(i.RCC_APBPeriphClk_Enable2), (32 bytes).
    Removing cw32f003_rcc.o(i.RCC_APBPeriphReset1), (32 bytes).
    Removing cw32f003_rcc.o(i.RCC_APBPeriphReset2), (32 bytes).
    Removing cw32f003_rcc.o(i.RCC_ATIMITRSelect), (24 bytes).
    Removing cw32f003_rcc.o(i.RCC_BTIM1ITRSelect), (32 bytes).
    Removing cw32f003_rcc.o(i.RCC_BTIM2ITRSelect), (32 bytes).
    Removing cw32f003_rcc.o(i.RCC_BTIM3ITRSelect), (32 bytes).
    Removing cw32f003_rcc.o(i.RCC_CCS_Config), (48 bytes).
    Removing cw32f003_rcc.o(i.RCC_ClearITPendingBit), (16 bytes).
    Removing cw32f003_rcc.o(i.RCC_ClearRstFlag), (16 bytes).
    Removing cw32f003_rcc.o(i.RCC_DEBUG_Config), (32 bytes).
    Removing cw32f003_rcc.o(i.RCC_DeInit), (156 bytes).
    Removing cw32f003_rcc.o(i.RCC_GTIMITRSelect), (28 bytes).
    Removing cw32f003_rcc.o(i.RCC_GetAllRstFlag), (12 bytes).
    Removing cw32f003_rcc.o(i.RCC_GetAllStableFlag), (12 bytes).
    Removing cw32f003_rcc.o(i.RCC_GetITStatus), (24 bytes).
    Removing cw32f003_rcc.o(i.RCC_GetRstFlag), (24 bytes).
    Removing cw32f003_rcc.o(i.RCC_GetStableFlag), (24 bytes).
    Removing cw32f003_rcc.o(i.RCC_HCLKPRS_Config), (32 bytes).
    Removing cw32f003_rcc.o(i.RCC_HCLK_OUT), (64 bytes).
    Removing cw32f003_rcc.o(i.RCC_HEX_Disable), (28 bytes).
    Removing cw32f003_rcc.o(i.RCC_HEX_Enable), (176 bytes).
    Removing cw32f003_rcc.o(i.RCC_HSI_Disable), (28 bytes).
    Removing cw32f003_rcc.o(i.RCC_HSI_Enable), (84 bytes).
    Removing cw32f003_rcc.o(i.RCC_ITConfig), (48 bytes).
    Removing cw32f003_rcc.o(i.RCC_LOCKUP_Config), (32 bytes).
    Removing cw32f003_rcc.o(i.RCC_LSELOCK_Config), (28 bytes).
    Removing cw32f003_rcc.o(i.RCC_LSI_Disable), (28 bytes).
    Removing cw32f003_rcc.o(i.RCC_LSI_Enable), (92 bytes).
    Removing cw32f003_rcc.o(i.RCC_MCO_OUT), (76 bytes).
    Removing cw32f003_rcc.o(i.RCC_PCLKPRS_Config), (32 bytes).
    Removing cw32f003_rcc.o(i.RCC_PCLK_OUT), (68 bytes).
    Removing cw32f003_rcc.o(i.RCC_RSTIO_Config), (20 bytes).
    Removing cw32f003_rcc.o(i.RCC_SWDIO_Config), (32 bytes).
    Removing cw32f003_rcc.o(i.RCC_SYSCLKSRC_Config), (48 bytes).
    Removing cw32f003_rcc.o(i.RCC_SysClk_Switch), (64 bytes).
    Removing cw32f003_rcc.o(i.RCC_Sysctrl_GetHClkFreq), (120 bytes).
    Removing cw32f003_rcc.o(i.RCC_Sysctrl_GetPClkFreq), (32 bytes).
    Removing cw32f003_rcc.o(i.RCC_SystemCoreClockUpdate), (12 bytes).
    Removing cw32f003_rcc.o(i.RCC_WAKEUPCLK_Config), (32 bytes).
    Removing cw32f003_rcc.o(.constdata), (64 bytes).
    Removing cw32f003_spi.o(.rev16_text), (4 bytes).
    Removing cw32f003_spi.o(.revsh_text), (4 bytes).
    Removing cw32f003_spi.o(i.SPI_BiDirectionalLineConfig), (12 bytes).
    Removing cw32f003_spi.o(i.SPI_ClearFlag), (16 bytes).
    Removing cw32f003_spi.o(i.SPI_ClearITPendingBit), (16 bytes).
    Removing cw32f003_spi.o(i.SPI_Cmd), (28 bytes).
    Removing cw32f003_spi.o(i.SPI_DataSizeConfig), (24 bytes).
    Removing cw32f003_spi.o(i.SPI_DeInit), (36 bytes).
    Removing cw32f003_spi.o(i.SPI_FlushSendBuff), (20 bytes).
    Removing cw32f003_spi.o(i.SPI_GetFlagStatus), (24 bytes).
    Removing cw32f003_spi.o(i.SPI_GetITStatus), (24 bytes).
    Removing cw32f003_spi.o(i.SPI_ITConfig), (32 bytes).
    Removing cw32f003_spi.o(i.SPI_Init), (60 bytes).
    Removing cw32f003_spi.o(i.SPI_MISOOutputConfig), (32 bytes).
    Removing cw32f003_spi.o(i.SPI_NSSInternalSoftwareConfig), (12 bytes).
    Removing cw32f003_spi.o(i.SPI_ReceiveData), (12 bytes).
    Removing cw32f003_spi.o(i.SPI_SendData), (12 bytes).
    Removing cw32f003_spi.o(i.SPI_StructInit), (28 bytes).
    Removing cw32f003_systick.o(.rev16_text), (4 bytes).
    Removing cw32f003_systick.o(.revsh_text), (4 bytes).
    Removing cw32f003_systick.o(i.GetTick), (12 bytes).
    Removing cw32f003_systick.o(i.InitTick), (108 bytes).
    Removing cw32f003_systick.o(i.ResumeTick), (20 bytes).
    Removing cw32f003_systick.o(i.SuspendTick), (20 bytes).
    Removing cw32f003_systick.o(i.SysTickDelay), (44 bytes).
    Removing cw32f003_systick.o(i.__NVIC_SetPriority), (120 bytes).
    Removing cw32f003_systick.o(.data), (9 bytes).
    Removing cw32f003_uart.o(.rev16_text), (4 bytes).
    Removing cw32f003_uart.o(.revsh_text), (4 bytes).
    Removing cw32f003_uart.o(i.UART1_DeInit), (36 bytes).
    Removing cw32f003_uart.o(i.UART2_DeInit), (32 bytes).
    Removing cw32f003_uart.o(i.USART_ClearFlag), (8 bytes).
    Removing cw32f003_uart.o(i.USART_ClearITPendingBit), (8 bytes).
    Removing cw32f003_uart.o(i.USART_ClockInit), (28 bytes).
    Removing cw32f003_uart.o(i.USART_ClockStructInit), (8 bytes).
    Removing cw32f003_uart.o(i.USART_DirectionModeCmd), (26 bytes).
    Removing cw32f003_uart.o(i.USART_GetFlagStatus), (18 bytes).
    Removing cw32f003_uart.o(i.USART_GetITStatus), (18 bytes).
    Removing cw32f003_uart.o(i.USART_HalfDuplexCmd), (20 bytes).
    Removing cw32f003_uart.o(i.USART_ITConfig), (26 bytes).
    Removing cw32f003_uart.o(i.USART_Init), (372 bytes).
    Removing cw32f003_uart.o(i.USART_InvPinCmd), (26 bytes).
    Removing cw32f003_uart.o(i.USART_ReceiveData), (10 bytes).
    Removing cw32f003_uart.o(i.USART_ReceiveData_8bit), (8 bytes).
    Removing cw32f003_uart.o(i.USART_SendData), (8 bytes).
    Removing cw32f003_uart.o(i.USART_SendData_8bit), (4 bytes).
    Removing cw32f003_uart.o(i.USART_SetMultiMode), (32 bytes).
    Removing cw32f003_uart.o(i.USART_StructInit), (28 bytes).
    Removing cw32f003_vc.o(.rev16_text), (4 bytes).
    Removing cw32f003_vc.o(.revsh_text), (4 bytes).
    Removing cw32f003_vc.o(i.VC1VC2_BlankInit), (12 bytes).
    Removing cw32f003_vc.o(i.VC1VC2_DIVDeInit), (16 bytes).
    Removing cw32f003_vc.o(i.VC1VC2_DIVInit), (92 bytes).
    Removing cw32f003_vc.o(i.VC1VC2_INNInit), (112 bytes).
    Removing cw32f003_vc.o(i.VC1VC2_OutInit), (8 bytes).
    Removing cw32f003_vc.o(i.VC1_BlankCfg), (36 bytes).
    Removing cw32f003_vc.o(i.VC1_ChannelDeInit), (24 bytes).
    Removing cw32f003_vc.o(i.VC1_ChannelInit), (80 bytes).
    Removing cw32f003_vc.o(i.VC1_ClearIrq), (20 bytes).
    Removing cw32f003_vc.o(i.VC1_DisableChannel), (20 bytes).
    Removing cw32f003_vc.o(i.VC1_DisableFilter), (20 bytes).
    Removing cw32f003_vc.o(i.VC1_DisableIrq), (28 bytes).
    Removing cw32f003_vc.o(i.VC1_EnableChannel), (32 bytes).
    Removing cw32f003_vc.o(i.VC1_EnableFilter), (20 bytes).
    Removing cw32f003_vc.o(i.VC1_EnableIrq), (32 bytes).
    Removing cw32f003_vc.o(i.VC1_GetEnableStatus), (16 bytes).
    Removing cw32f003_vc.o(i.VC1_GetFlagStatus), (24 bytes).
    Removing cw32f003_vc.o(i.VC1_ITConfig), (32 bytes).
    Removing cw32f003_vc.o(i.VC1_OutputCfg), (28 bytes).
    Removing cw32f003_vc.o(i.VC1_PolarityCfg), (36 bytes).
    Removing cw32f003_vc.o(i.VC1_WindowEnable), (36 bytes).
    Removing cw32f003_vc.o(i.VC2_BlankCfg), (36 bytes).
    Removing cw32f003_vc.o(i.VC2_ChannelDeInit), (24 bytes).
    Removing cw32f003_vc.o(i.VC2_ChannelInit), (80 bytes).
    Removing cw32f003_vc.o(i.VC2_ClearIrq), (20 bytes).
    Removing cw32f003_vc.o(i.VC2_DisableChannel), (20 bytes).
    Removing cw32f003_vc.o(i.VC2_DisableFilter), (20 bytes).
    Removing cw32f003_vc.o(i.VC2_DisableIrq), (28 bytes).
    Removing cw32f003_vc.o(i.VC2_EnableChannel), (32 bytes).
    Removing cw32f003_vc.o(i.VC2_EnableFilter), (20 bytes).
    Removing cw32f003_vc.o(i.VC2_EnableIrq), (32 bytes).
    Removing cw32f003_vc.o(i.VC2_GetEnableStatus), (16 bytes).
    Removing cw32f003_vc.o(i.VC2_GetFlagStatus), (24 bytes).
    Removing cw32f003_vc.o(i.VC2_ITConfig), (40 bytes).
    Removing cw32f003_vc.o(i.VC2_OutputCfg), (28 bytes).
    Removing cw32f003_vc.o(i.VC2_PolarityCfg), (36 bytes).
    Removing cw32f003_vc.o(i.VC2_WindowEnable), (36 bytes).
    Removing cw32f003_vc.o(i.VC_DeInit), (40 bytes).
    Removing cw32f003_vc.o(i.VC_DisableNvic), (44 bytes).
    Removing cw32f003_vc.o(i.VC_EnableNvic), (60 bytes).
    Removing cw32f003_vc.o(i.__NVIC_ClearPendingIRQ), (24 bytes).
    Removing cw32f003_vc.o(i.__NVIC_SetPriority), (120 bytes).
    Removing cw32f003_wwdt.o(.rev16_text), (4 bytes).
    Removing cw32f003_wwdt.o(.revsh_text), (4 bytes).
    Removing cw32f003_wwdt.o(i.WWDT_ClearFlag), (20 bytes).
    Removing cw32f003_wwdt.o(i.WWDT_Cmd), (20 bytes).
    Removing cw32f003_wwdt.o(i.WWDT_DeInit), (32 bytes).
    Removing cw32f003_wwdt.o(i.WWDT_EnableIT), (24 bytes).
    Removing cw32f003_wwdt.o(i.WWDT_GetCounterValue), (16 bytes).
    Removing cw32f003_wwdt.o(i.WWDT_GetFlagStatus), (12 bytes).
    Removing cw32f003_wwdt.o(i.WWDT_GetWindowValue), (16 bytes).
    Removing cw32f003_wwdt.o(i.WWDT_Init), (76 bytes).
    Removing cw32f003_wwdt.o(i.WWDT_Refresh), (24 bytes).
    Removing cw32f003_wwdt.o(i.WWDT_SetCountValue), (24 bytes).
    Removing cw32f003_wwdt.o(i.WWDT_SetPrescaler), (24 bytes).
    Removing cw32f003_wwdt.o(i.WWDT_SetWindowValue), (24 bytes).
    Removing system_cw32f003.o(.rev16_text), (4 bytes).
    Removing system_cw32f003.o(.revsh_text), (4 bytes).
    Removing system_cw32f003.o(i.FirmwareDelay), (18 bytes).
    Removing system_cw32f003.o(i.MemClr), (32 bytes).
    Removing cw32f003_i2c.o(i.__ARM_common_switch8), (28 bytes).

475 unused section(s) (total 20524 bytes) removed from the image.
